Archive member included to satisfy reference by file (symbol)

/opt/st/stm32cubeide_1.7.0/plugins/com.st.stm32cube.ide.mcu.externaltools.gnu-tools-for-stm32.9-2020-q2-update.linux64_2.0.0.202105311346/tools/bin/../lib/gcc/arm-none-eabi/9.3.1/../../../../arm-none-eabi/lib/thumb/v6-m/nofp/libc_nano.a(lib_a-assert.o)
                              ./Core/Src/circular_buffer_no_modulo_threadsafe.o (__assert_func)
/opt/st/stm32cubeide_1.7.0/plugins/com.st.stm32cube.ide.mcu.externaltools.gnu-tools-for-stm32.9-2020-q2-update.linux64_2.0.0.202105311346/tools/bin/../lib/gcc/arm-none-eabi/9.3.1/../../../../arm-none-eabi/lib/thumb/v6-m/nofp/libc_nano.a(lib_a-errno.o)
                              ./Core/Src/syscalls.o (__errno)
/opt/st/stm32cubeide_1.7.0/plugins/com.st.stm32cube.ide.mcu.externaltools.gnu-tools-for-stm32.9-2020-q2-update.linux64_2.0.0.202105311346/tools/bin/../lib/gcc/arm-none-eabi/9.3.1/../../../../arm-none-eabi/lib/thumb/v6-m/nofp/libc_nano.a(lib_a-exit.o)
                              /opt/st/stm32cubeide_1.7.0/plugins/com.st.stm32cube.ide.mcu.externaltools.gnu-tools-for-stm32.9-2020-q2-update.linux64_2.0.0.202105311346/tools/bin/../lib/gcc/arm-none-eabi/9.3.1/../../../../arm-none-eabi/lib/thumb/v6-m/nofp/crt0.o (exit)
/opt/st/stm32cubeide_1.7.0/plugins/com.st.stm32cube.ide.mcu.externaltools.gnu-tools-for-stm32.9-2020-q2-update.linux64_2.0.0.202105311346/tools/bin/../lib/gcc/arm-none-eabi/9.3.1/../../../../arm-none-eabi/lib/thumb/v6-m/nofp/libc_nano.a(lib_a-fprintf.o)
                              /opt/st/stm32cubeide_1.7.0/plugins/com.st.stm32cube.ide.mcu.externaltools.gnu-tools-for-stm32.9-2020-q2-update.linux64_2.0.0.202105311346/tools/bin/../lib/gcc/arm-none-eabi/9.3.1/../../../../arm-none-eabi/lib/thumb/v6-m/nofp/libc_nano.a(lib_a-assert.o) (fiprintf)
/opt/st/stm32cubeide_1.7.0/plugins/com.st.stm32cube.ide.mcu.externaltools.gnu-tools-for-stm32.9-2020-q2-update.linux64_2.0.0.202105311346/tools/bin/../lib/gcc/arm-none-eabi/9.3.1/../../../../arm-none-eabi/lib/thumb/v6-m/nofp/libc_nano.a(lib_a-impure.o)
                              /opt/st/stm32cubeide_1.7.0/plugins/com.st.stm32cube.ide.mcu.externaltools.gnu-tools-for-stm32.9-2020-q2-update.linux64_2.0.0.202105311346/tools/bin/../lib/gcc/arm-none-eabi/9.3.1/../../../../arm-none-eabi/lib/thumb/v6-m/nofp/libc_nano.a(lib_a-exit.o) (_global_impure_ptr)
/opt/st/stm32cubeide_1.7.0/plugins/com.st.stm32cube.ide.mcu.externaltools.gnu-tools-for-stm32.9-2020-q2-update.linux64_2.0.0.202105311346/tools/bin/../lib/gcc/arm-none-eabi/9.3.1/../../../../arm-none-eabi/lib/thumb/v6-m/nofp/libc_nano.a(lib_a-init.o)
                              /opt/st/stm32cubeide_1.7.0/plugins/com.st.stm32cube.ide.mcu.externaltools.gnu-tools-for-stm32.9-2020-q2-update.linux64_2.0.0.202105311346/tools/bin/../lib/gcc/arm-none-eabi/9.3.1/../../../../arm-none-eabi/lib/thumb/v6-m/nofp/crt0.o (__libc_init_array)
/opt/st/stm32cubeide_1.7.0/plugins/com.st.stm32cube.ide.mcu.externaltools.gnu-tools-for-stm32.9-2020-q2-update.linux64_2.0.0.202105311346/tools/bin/../lib/gcc/arm-none-eabi/9.3.1/../../../../arm-none-eabi/lib/thumb/v6-m/nofp/libc_nano.a(lib_a-malloc.o)
                              ./Core/Src/circular_buffer_no_modulo_threadsafe.o (malloc)
/opt/st/stm32cubeide_1.7.0/plugins/com.st.stm32cube.ide.mcu.externaltools.gnu-tools-for-stm32.9-2020-q2-update.linux64_2.0.0.202105311346/tools/bin/../lib/gcc/arm-none-eabi/9.3.1/../../../../arm-none-eabi/lib/thumb/v6-m/nofp/libc_nano.a(lib_a-memset.o)
                              /opt/st/stm32cubeide_1.7.0/plugins/com.st.stm32cube.ide.mcu.externaltools.gnu-tools-for-stm32.9-2020-q2-update.linux64_2.0.0.202105311346/tools/bin/../lib/gcc/arm-none-eabi/9.3.1/../../../../arm-none-eabi/lib/thumb/v6-m/nofp/crt0.o (memset)
/opt/st/stm32cubeide_1.7.0/plugins/com.st.stm32cube.ide.mcu.externaltools.gnu-tools-for-stm32.9-2020-q2-update.linux64_2.0.0.202105311346/tools/bin/../lib/gcc/arm-none-eabi/9.3.1/../../../../arm-none-eabi/lib/thumb/v6-m/nofp/libc_nano.a(lib_a-nano-freer.o)
                              /opt/st/stm32cubeide_1.7.0/plugins/com.st.stm32cube.ide.mcu.externaltools.gnu-tools-for-stm32.9-2020-q2-update.linux64_2.0.0.202105311346/tools/bin/../lib/gcc/arm-none-eabi/9.3.1/../../../../arm-none-eabi/lib/thumb/v6-m/nofp/libc_nano.a(lib_a-malloc.o) (_free_r)
/opt/st/stm32cubeide_1.7.0/plugins/com.st.stm32cube.ide.mcu.externaltools.gnu-tools-for-stm32.9-2020-q2-update.linux64_2.0.0.202105311346/tools/bin/../lib/gcc/arm-none-eabi/9.3.1/../../../../arm-none-eabi/lib/thumb/v6-m/nofp/libc_nano.a(lib_a-nano-mallocr.o)
                              /opt/st/stm32cubeide_1.7.0/plugins/com.st.stm32cube.ide.mcu.externaltools.gnu-tools-for-stm32.9-2020-q2-update.linux64_2.0.0.202105311346/tools/bin/../lib/gcc/arm-none-eabi/9.3.1/../../../../arm-none-eabi/lib/thumb/v6-m/nofp/libc_nano.a(lib_a-malloc.o) (_malloc_r)
[...]
Memory Configuration

Name             Origin             Length             Attributes
RAM              0x0000000020000000 0x0000000000001800 xrw
FLASH            0x0000000008000000 0x0000000000008000 xr
*default*        0x0000000000000000 0xffffffffffffffff

Linker script and memory map

LOAD /opt/st/stm32cubeide_1.7.0/plugins/com.st.stm32cube.ide.mcu.externaltools.gnu-tools-for-stm32.9-2020-q2-update.linux64_2.0.0.202105311346/tools/bin/../lib/gcc/arm-none-eabi/9.3.1/thumb/v6-m/nofp/crti.o
LOAD /opt/st/stm32cubeide_1.7.0/plugins/com.st.stm32cube.ide.mcu.externaltools.gnu-tools-for-stm32.9-2020-q2-update.linux64_2.0.0.202105311346/tools/bin/../lib/gcc/arm-none-eabi/9.3.1/thumb/v6-m/nofp/crtbegin.o
LOAD /opt/st/stm32cubeide_1.7.0/plugins/com.st.stm32cube.ide.mcu.externaltools.gnu-tools-for-stm32.9-2020-q2-update.linux64_2.0.0.202105311346/tools/bin/../lib/gcc/arm-none-eabi/9.3.1/../../../../arm-none-eabi/lib/thumb/v6-m/nofp/crt0.o
LOAD ./Core/Src/circular_buffer_no_modulo_threadsafe.o
LOAD ./Core/Src/main.o
LOAD ./Core/Src/stm32f0xx_hal_msp.o
LOAD ./Core/Src/stm32f0xx_it.o
LOAD ./Core/Src/syscalls.o
LOAD ./Core/Src/sysmem.o
LOAD ./Core/Src/system_stm32f0xx.o
LOAD ./Core/Src/utility.o
LOAD ./Core/Startup/startup_stm32f070f6px.o
LOAD ./Drivers/STM32F0xx_HAL_Driver/Src/stm32f0xx_hal.o
LOAD ./Drivers/STM32F0xx_HAL_Driver/Src/stm32f0xx_hal_cortex.o
LOAD ./Drivers/STM32F0xx_HAL_Driver/Src/stm32f0xx_hal_dma.o
LOAD ./Drivers/STM32F0xx_HAL_Driver/Src/stm32f0xx_hal_exti.o
LOAD ./Drivers/STM32F0xx_HAL_Driver/Src/stm32f0xx_hal_flash.o
LOAD ./Drivers/STM32F0xx_HAL_Driver/Src/stm32f0xx_hal_flash_ex.o
LOAD ./Drivers/STM32F0xx_HAL_Driver/Src/stm32f0xx_hal_gpio.o
LOAD ./Drivers/STM32F0xx_HAL_Driver/Src/stm32f0xx_hal_i2c.o
LOAD ./Drivers/STM32F0xx_HAL_Driver/Src/stm32f0xx_hal_i2c_ex.o
LOAD ./Drivers/STM32F0xx_HAL_Driver/Src/stm32f0xx_hal_pwr.o
LOAD ./Drivers/STM32F0xx_HAL_Driver/Src/stm32f0xx_hal_pwr_ex.o
LOAD ./Drivers/STM32F0xx_HAL_Driver/Src/stm32f0xx_hal_rcc.o
LOAD ./Drivers/STM32F0xx_HAL_Driver/Src/stm32f0xx_hal_rcc_ex.o
LOAD ./Drivers/STM32F0xx_HAL_Driver/Src/stm32f0xx_hal_spi.o
LOAD ./Drivers/STM32F0xx_HAL_Driver/Src/stm32f0xx_hal_spi_ex.o
LOAD ./Drivers/STM32F0xx_HAL_Driver/Src/stm32f0xx_hal_tim.o
LOAD ./Drivers/STM32F0xx_HAL_Driver/Src/stm32f0xx_hal_tim_ex.o
LOAD ./Drivers/STM32F0xx_HAL_Driver/Src/stm32f0xx_hal_uart.o
LOAD ./Drivers/STM32F0xx_HAL_Driver/Src/stm32f0xx_hal_uart_ex.o
START GROUP
LOAD /opt/st/stm32cubeide_1.7.0/plugins/com.st.stm32cube.ide.mcu.externaltools.gnu-tools-for-stm32.9-2020-q2-update.linux64_2.0.0.202105311346/tools/bin/../lib/gcc/arm-none-eabi/9.3.1/../../../../arm-none-eabi/lib/thumb/v6-m/nofp/libc_nano.a
LOAD /opt/st/stm32cubeide_1.7.0/plugins/com.st.stm32cube.ide.mcu.externaltools.gnu-tools-for-stm32.9-2020-q2-update.linux64_2.0.0.202105311346/tools/bin/../lib/gcc/arm-none-eabi/9.3.1/../../../../arm-none-eabi/lib/thumb/v6-m/nofp/libm.a
END GROUP
START GROUP
LOAD /opt/st/stm32cubeide_1.7.0/plugins/com.st.stm32cube.ide.mcu.externaltools.gnu-tools-for-stm32.9-2020-q2-update.linux64_2.0.0.202105311346/tools/bin/../lib/gcc/arm-none-eabi/9.3.1/thumb/v6-m/nofp/libgcc.a
LOAD /opt/st/stm32cubeide_1.7.0/plugins/com.st.stm32cube.ide.mcu.externaltools.gnu-tools-for-stm32.9-2020-q2-update.linux64_2.0.0.202105311346/tools/bin/../lib/gcc/arm-none-eabi/9.3.1/../../../../arm-none-eabi/lib/thumb/v6-m/nofp/libc_nano.a
END GROUP
START GROUP
LOAD /opt/st/stm32cubeide_1.7.0/plugins/com.st.stm32cube.ide.mcu.externaltools.gnu-tools-for-stm32.9-2020-q2-update.linux64_2.0.0.202105311346/tools/bin/../lib/gcc/arm-none-eabi/9.3.1/thumb/v6-m/nofp/libgcc.a
LOAD /opt/st/stm32cubeide_1.7.0/plugins/com.st.stm32cube.ide.mcu.externaltools.gnu-tools-for-stm32.9-2020-q2-update.linux64_2.0.0.202105311346/tools/bin/../lib/gcc/arm-none-eabi/9.3.1/../../../../arm-none-eabi/lib/thumb/v6-m/nofp/libc_nano.a
LOAD /opt/st/stm32cubeide_1.7.0/plugins/com.st.stm32cube.ide.mcu.externaltools.gnu-tools-for-stm32.9-2020-q2-update.linux64_2.0.0.202105311346/tools/bin/../lib/gcc/arm-none-eabi/9.3.1/../../../../arm-none-eabi/lib/thumb/v6-m/nofp/libnosys.a
END GROUP
START GROUP
LOAD /opt/st/stm32cubeide_1.7.0/plugins/com.st.stm32cube.ide.mcu.externaltools.gnu-tools-for-stm32.9-2020-q2-update.linux64_2.0.0.202105311346/tools/bin/../lib/gcc/arm-none-eabi/9.3.1/thumb/v6-m/nofp/libgcc.a
LOAD /opt/st/stm32cubeide_1.7.0/plugins/com.st.stm32cube.ide.mcu.externaltools.gnu-tools-for-stm32.9-2020-q2-update.linux64_2.0.0.202105311346/tools/bin/../lib/gcc/arm-none-eabi/9.3.1/../../../../arm-none-eabi/lib/thumb/v6-m/nofp/libc_nano.a
LOAD /opt/st/stm32cubeide_1.7.0/plugins/com.st.stm32cube.ide.mcu.externaltools.gnu-tools-for-stm32.9-2020-q2-update.linux64_2.0.0.202105311346/tools/bin/../lib/gcc/arm-none-eabi/9.3.1/../../../../arm-none-eabi/lib/thumb/v6-m/nofp/libnosys.a
END GROUP
LOAD /opt/st/stm32cubeide_1.7.0/plugins/com.st.stm32cube.ide.mcu.externaltools.gnu-tools-for-stm32.9-2020-q2-update.linux64_2.0.0.202105311346/tools/bin/../lib/gcc/arm-none-eabi/9.3.1/thumb/v6-m/nofp/crtend.o
LOAD /opt/st/stm32cubeide_1.7.0/plugins/com.st.stm32cube.ide.mcu.externaltools.gnu-tools-for-stm32.9-2020-q2-update.linux64_2.0.0.202105311346/tools/bin/../lib/gcc/arm-none-eabi/9.3.1/thumb/v6-m/nofp/crtn.o
                0x0000000020001800                _estack = (ORIGIN (RAM) + LENGTH (RAM))
                0x0000000000000200                _Min_Heap_Size = 0x200
                0x0000000000000400                _Min_Stack_Size = 0x400

.isr_vector     0x0000000008000000       0xc0
                0x0000000008000000                . = ALIGN (0x4)
 *(.isr_vector)
 .isr_vector    0x0000000008000000       0xc0 ./Core/Startup/startup_stm32f070f6px.o
                0x0000000008000000                g_pfnVectors
                0x00000000080000c0                . = ALIGN (0x4)

.text           0x00000000080000c0     0x3270
                0x00000000080000c0                . = ALIGN (0x4)
 *(.text)
 .text          0x00000000080000c0       0x48 /opt/st/stm32cubeide_1.7.0/plugins/com.st.stm32cube.ide.mcu.externaltools.gnu-tools-for-stm32.9-2020-q2-update.linux64_2.0.0.202105311346/tools/bin/../lib/gcc/arm-none-eabi/9.3.1/thumb/v6-m/nofp/crtbegin.o
 .text          0x0000000008000108       0x14 /opt/st/stm32cubeide_1.7.0/plugins/com.st.stm32cube.ide.mcu.externaltools.gnu-tools-for-stm32.9-2020-q2-update.linux64_2.0.0.202105311346/tools/bin/../lib/gcc/arm-none-eabi/9.3.1/thumb/v6-m/nofp/libgcc.a(_thumb1_case_shi.o)
                0x0000000008000108                __gnu_thumb1_case_shi
 .text          0x000000000800011c      0x114 /opt/st/stm32cubeide_1.7.0/plugins/com.st.stm32cube.ide.mcu.externaltools.gnu-tools-for-stm32.9-2020-q2-update.linux64_2.0.0.202105311346/tools/bin/../lib/gcc/arm-none-eabi/9.3.1/thumb/v6-m/nofp/libgcc.a(_udivsi3.o)
                0x000000000800011c                __udivsi3
                0x000000000800011c                __aeabi_uidiv
                0x0000000008000228                __aeabi_uidivmod
 .text          0x0000000008000230        0x4 /opt/st/stm32cubeide_1.7.0/plugins/com.st.stm32cube.ide.mcu.externaltools.gnu-tools-for-stm32.9-2020-q2-update.linux64_2.0.0.202105311346/tools/bin/../lib/gcc/arm-none-eabi/9.3.1/thumb/v6-m/nofp/libgcc.a(_dvmd_tls.o)
                0x0000000008000230                __aeabi_ldiv0
                0x0000000008000230                __aeabi_idiv0
 *(.text*)
 .text.circular_buf_init
                0x0000000008000234       0x4c ./Core/Src/circular_buffer_no_modulo_threadsafe.o
                0x0000000008000234                circular_buf_init
 .text.circular_buf_size
                0x0000000008000280       0x44 ./Core/Src/circular_buffer_no_modulo_threadsafe.o
                0x0000000008000280                circular_buf_size
 .text.circular_buf_put
                0x00000000080002c4       0x64 ./Core/Src/circular_buffer_no_modulo_threadsafe.o
                0x00000000080002c4                circular_buf_put
 .text.circular_buf_get
                0x0000000008000328       0x50 ./Core/Src/circular_buffer_no_modulo_threadsafe.o
                0x0000000008000328                circular_buf_get
 .text.SystemClock_Config
                0x0000000008000378       0x84 ./Core/Src/main.o
                0x0000000008000378                SystemClock_Config
 .text.startup.main
                0x00000000080003fc      0x1e4 ./Core/Src/main.o
                0x00000000080003fc                main
 .text.HAL_MspInit
                0x00000000080005e0       0x30 ./Core/Src/stm32f0xx_hal_msp.o
                0x00000000080005e0                HAL_MspInit
 .text.HAL_SPI_MspInit
                0x0000000008000610       0x6c ./Core/Src/stm32f0xx_hal_msp.o
                0x0000000008000610                HAL_SPI_MspInit
 .text.HAL_TIM_Base_MspInit
                0x000000000800067c       0x40 ./Core/Src/stm32f0xx_hal_msp.o
                0x000000000800067c                HAL_TIM_Base_MspInit
 .text.HAL_UART_MspInit
                0x00000000080006bc       0x7c ./Core/Src/stm32f0xx_hal_msp.o
                0x00000000080006bc                HAL_UART_MspInit
 .text.NMI_Handler
                0x0000000008000738        0x4 ./Core/Src/stm32f0xx_it.o
                0x0000000008000738                NMI_Handler
 .text.HardFault_Handler
                0x000000000800073c        0x4 ./Core/Src/stm32f0xx_it.o
                0x000000000800073c                HardFault_Handler
 .text.SVC_Handler
                0x0000000008000740        0x4 ./Core/Src/stm32f0xx_it.o
                0x0000000008000740                SVC_Handler
 .text.PendSV_Handler
                0x0000000008000744        0x4 ./Core/Src/stm32f0xx_it.o
                0x0000000008000744                PendSV_Handler
 .text.SysTick_Handler
                0x0000000008000748        0x8 ./Core/Src/stm32f0xx_it.o
                0x0000000008000748                SysTick_Handler
 .text.TIM14_IRQHandler
                0x0000000008000750       0xdc ./Core/Src/stm32f0xx_it.o
                0x0000000008000750                TIM14_IRQHandler
 .text.USART1_IRQHandler
                0x000000000800082c       0x10 ./Core/Src/stm32f0xx_it.o
                0x000000000800082c                USART1_IRQHandler
 .text._getpid  0x000000000800083c        0x4 ./Core/Src/syscalls.o
                0x000000000800083c                _getpid
 .text._kill    0x0000000008000840       0x10 ./Core/Src/syscalls.o
                0x0000000008000840                _kill
 .text._exit    0x0000000008000850        0xc ./Core/Src/syscalls.o
                0x0000000008000850                _exit
 .text._read    0x000000000800085c       0x1c ./Core/Src/syscalls.o
                0x000000000800085c                _read
 .text._write   0x0000000008000878       0x1c ./Core/Src/syscalls.o
                0x0000000008000878                _write
 .text._close   0x0000000008000894        0x8 ./Core/Src/syscalls.o
                0x0000000008000894                _close
 .text._fstat   0x000000000800089c        0xc ./Core/Src/syscalls.o
                0x000000000800089c                _fstat
 .text._isatty  0x00000000080008a8        0x4 ./Core/Src/syscalls.o
                0x00000000080008a8                _isatty
 .text._lseek   0x00000000080008ac        0x4 ./Core/Src/syscalls.o
                0x00000000080008ac                _lseek
 .text._sbrk    0x00000000080008b0       0x44 ./Core/Src/sysmem.o
                0x00000000080008b0                _sbrk
 .text.SystemInit
                0x00000000080008f4        0x4 ./Core/Src/system_stm32f0xx.o
                0x00000000080008f4                SystemInit
 .text.cobs_doing
                0x00000000080008f8       0xf4 ./Core/Src/utility.o
                0x00000000080008f8                cobs_doing
 .text.HAL_UART_TxCpltCallback
                0x00000000080009ec        0x4 ./Core/Src/utility.o
                0x00000000080009ec                HAL_UART_TxCpltCallback
 .text.Reset_Handler
                0x00000000080009f0       0x80 ./Core/Startup/startup_stm32f070f6px.o
                0x00000000080009f0                Reset_Handler
 .text.Default_Handler
                0x0000000008000a70        0x2 ./Core/Startup/startup_stm32f070f6px.o
                0x0000000008000a70                TIM1_CC_IRQHandler
                0x0000000008000a70                I2C1_IRQHandler
                0x0000000008000a70                SPI1_IRQHandler
                0x0000000008000a70                EXTI2_3_IRQHandler
                0x0000000008000a70                ADC1_IRQHandler
                0x0000000008000a70                TIM17_IRQHandler
                0x0000000008000a70                RTC_IRQHandler
                0x0000000008000a70                TIM16_IRQHandler
                0x0000000008000a70                TIM3_IRQHandler
                0x0000000008000a70                EXTI4_15_IRQHandler
                0x0000000008000a70                RCC_IRQHandler
                0x0000000008000a70                DMA1_Channel1_IRQHandler
                0x0000000008000a70                Default_Handler
                0x0000000008000a70                DMA1_Channel4_5_IRQHandler
                0x0000000008000a70                EXTI0_1_IRQHandler
                0x0000000008000a70                USB_IRQHandler
                0x0000000008000a70                WWDG_IRQHandler
                0x0000000008000a70                DMA1_Channel2_3_IRQHandler
                0x0000000008000a70                USART2_IRQHandler
                0x0000000008000a70                FLASH_IRQHandler
                0x0000000008000a70                TIM1_BRK_UP_TRG_COM_IRQHandler
 *fill*         0x0000000008000a72        0x2 
 .text.HAL_InitTick
                0x0000000008000a74       0x4c ./Drivers/STM32F0xx_HAL_Driver/Src/stm32f0xx_hal.o
                0x0000000008000a74                HAL_InitTick
 .text.HAL_Init
                0x0000000008000ac0       0x20 ./Drivers/STM32F0xx_HAL_Driver/Src/stm32f0xx_hal.o
                0x0000000008000ac0                HAL_Init
 .text.HAL_IncTick
                0x0000000008000ae0       0x18 ./Drivers/STM32F0xx_HAL_Driver/Src/stm32f0xx_hal.o
                0x0000000008000ae0                HAL_IncTick
 .text.HAL_GetTick
                0x0000000008000af8        0xc ./Drivers/STM32F0xx_HAL_Driver/Src/stm32f0xx_hal.o
                0x0000000008000af8                HAL_GetTick
 .text.HAL_NVIC_SetPriority
                0x0000000008000b04       0x64 ./Drivers/STM32F0xx_HAL_Driver/Src/stm32f0xx_hal_cortex.o
                0x0000000008000b04                HAL_NVIC_SetPriority
 .text.HAL_NVIC_EnableIRQ
                0x0000000008000b68       0x18 ./Drivers/STM32F0xx_HAL_Driver/Src/stm32f0xx_hal_cortex.o
                0x0000000008000b68                HAL_NVIC_EnableIRQ
 .text.HAL_SYSTICK_Config
                0x0000000008000b80       0x34 ./Drivers/STM32F0xx_HAL_Driver/Src/stm32f0xx_hal_cortex.o
                0x0000000008000b80                HAL_SYSTICK_Config
 .text.HAL_DMA_Abort
                0x0000000008000bb4       0x40 ./Drivers/STM32F0xx_HAL_Driver/Src/stm32f0xx_hal_dma.o
                0x0000000008000bb4                HAL_DMA_Abort
 .text.HAL_DMA_Abort_IT
                0x0000000008000bf4       0x48 ./Drivers/STM32F0xx_HAL_Driver/Src/stm32f0xx_hal_dma.o
                0x0000000008000bf4                HAL_DMA_Abort_IT
 .text.HAL_GPIO_Init
                0x0000000008000c3c      0x1e8 ./Drivers/STM32F0xx_HAL_Driver/Src/stm32f0xx_hal_gpio.o
                0x0000000008000c3c                HAL_GPIO_Init
 .text.HAL_GPIO_WritePin
                0x0000000008000e24        0xc ./Drivers/STM32F0xx_HAL_Driver/Src/stm32f0xx_hal_gpio.o
                0x0000000008000e24                HAL_GPIO_WritePin
 .text.HAL_RCC_OscConfig
                0x0000000008000e30      0x4cc ./Drivers/STM32F0xx_HAL_Driver/Src/stm32f0xx_hal_rcc.o
                0x0000000008000e30                HAL_RCC_OscConfig
 .text.HAL_RCC_ClockConfig
                0x00000000080012fc      0x18c ./Drivers/STM32F0xx_HAL_Driver/Src/stm32f0xx_hal_rcc.o
                0x00000000080012fc                HAL_RCC_ClockConfig
 .text.HAL_RCC_GetSysClockFreq
                0x0000000008001488       0x80 ./Drivers/STM32F0xx_HAL_Driver/Src/stm32f0xx_hal_rcc.o
                0x0000000008001488                HAL_RCC_GetSysClockFreq
 .text.HAL_RCC_GetPCLK1Freq
                0x0000000008001508       0x20 ./Drivers/STM32F0xx_HAL_Driver/Src/stm32f0xx_hal_rcc.o
                0x0000000008001508                HAL_RCC_GetPCLK1Freq
 .text.HAL_RCCEx_PeriphCLKConfig
                0x0000000008001528      0x140 ./Drivers/STM32F0xx_HAL_Driver/Src/stm32f0xx_hal_rcc_ex.o
                0x0000000008001528                HAL_RCCEx_PeriphCLKConfig
 .text.HAL_SPI_Init
                0x0000000008001668      0x140 ./Drivers/STM32F0xx_HAL_Driver/Src/stm32f0xx_hal_spi.o
                0x0000000008001668                HAL_SPI_Init
 .text.HAL_TIM_Base_Init
                0x00000000080017a8       0xdc ./Drivers/STM32F0xx_HAL_Driver/Src/stm32f0xx_hal_tim.o
                0x00000000080017a8                HAL_TIM_Base_Init
 .text.HAL_TIM_Base_Start_IT
                0x0000000008001884       0x50 ./Drivers/STM32F0xx_HAL_Driver/Src/stm32f0xx_hal_tim.o
                0x0000000008001884                HAL_TIM_Base_Start_IT
 .text.HAL_TIM_PeriodElapsedCallback
                0x00000000080018d4        0x4 ./Drivers/STM32F0xx_HAL_Driver/Src/stm32f0xx_hal_tim.o
                0x00000000080018d4                HAL_TIM_PeriodElapsedCallback
 .text.HAL_TIM_OC_DelayElapsedCallback
                0x00000000080018d8        0x4 ./Drivers/STM32F0xx_HAL_Driver/Src/stm32f0xx_hal_tim.o
                0x00000000080018d8                HAL_TIM_OC_DelayElapsedCallback
 .text.HAL_TIM_IC_CaptureCallback
                0x00000000080018dc        0x4 ./Drivers/STM32F0xx_HAL_Driver/Src/stm32f0xx_hal_tim.o
                0x00000000080018dc                HAL_TIM_IC_CaptureCallback
 .text.HAL_TIM_PWM_PulseFinishedCallback
                0x00000000080018e0        0x4 ./Drivers/STM32F0xx_HAL_Driver/Src/stm32f0xx_hal_tim.o
                0x00000000080018e0                HAL_TIM_PWM_PulseFinishedCallback
 .text.HAL_TIM_TriggerCallback
                0x00000000080018e4        0x4 ./Drivers/STM32F0xx_HAL_Driver/Src/stm32f0xx_hal_tim.o
                0x00000000080018e4                HAL_TIM_TriggerCallback
 .text.HAL_TIM_IRQHandler
                0x00000000080018e8      0x158 ./Drivers/STM32F0xx_HAL_Driver/Src/stm32f0xx_hal_tim.o
                0x00000000080018e8                HAL_TIM_IRQHandler
 .text.HAL_TIMEx_CommutCallback
                0x0000000008001a40        0x4 ./Drivers/STM32F0xx_HAL_Driver/Src/stm32f0xx_hal_tim_ex.o
                0x0000000008001a40                HAL_TIMEx_CommutCallback
 .text.HAL_TIMEx_BreakCallback
                0x0000000008001a44        0x4 ./Drivers/STM32F0xx_HAL_Driver/Src/stm32f0xx_hal_tim_ex.o
                0x0000000008001a44                HAL_TIMEx_BreakCallback
 .text.UART_TxISR_16BIT
                0x0000000008001a48       0x5c ./Drivers/STM32F0xx_HAL_Driver/Src/stm32f0xx_hal_uart.o
 .text.UART_TxISR_8BIT
                0x0000000008001aa4       0x58 ./Drivers/STM32F0xx_HAL_Driver/Src/stm32f0xx_hal_uart.o
 .text.HAL_UART_Transmit_IT
                0x0000000008001afc       0x9c ./Drivers/STM32F0xx_HAL_Driver/Src/stm32f0xx_hal_uart.o
                0x0000000008001afc                HAL_UART_Transmit_IT
 .text.HAL_UART_ErrorCallback
                0x0000000008001b98        0x4 ./Drivers/STM32F0xx_HAL_Driver/Src/stm32f0xx_hal_uart.o
                0x0000000008001b98                HAL_UART_ErrorCallback
 .text.UART_DMAAbortOnError
                0x0000000008001b9c       0x14 ./Drivers/STM32F0xx_HAL_Driver/Src/stm32f0xx_hal_uart.o
 .text.HAL_UARTEx_RxEventCallback
                0x0000000008001bb0        0x4 ./Drivers/STM32F0xx_HAL_Driver/Src/stm32f0xx_hal_uart.o
                0x0000000008001bb0                HAL_UARTEx_RxEventCallback
 .text.HAL_UART_IRQHandler
                0x0000000008001bb4      0x314 ./Drivers/STM32F0xx_HAL_Driver/Src/stm32f0xx_hal_uart.o
                0x0000000008001bb4                HAL_UART_IRQHandler
 .text.UART_AdvFeatureConfig
                0x0000000008001ec8       0xd0 ./Drivers/STM32F0xx_HAL_Driver/Src/stm32f0xx_hal_uart.o
                0x0000000008001ec8                UART_AdvFeatureConfig
 .text.UART_WaitOnFlagUntilTimeout
                0x0000000008001f98       0xf0 ./Drivers/STM32F0xx_HAL_Driver/Src/stm32f0xx_hal_uart.o
                0x0000000008001f98                UART_WaitOnFlagUntilTimeout
 .text.HAL_UART_Init
                0x0000000008002088      0x210 ./Drivers/STM32F0xx_HAL_Driver/Src/stm32f0xx_hal_uart.o
                0x0000000008002088                HAL_UART_Init
 .text.__assert_func
                0x0000000008002298       0x3c /opt/st/stm32cubeide_1.7.0/plugins/com.st.stm32cube.ide.mcu.externaltools.gnu-tools-for-stm32.9-2020-q2-update.linux64_2.0.0.202105311346/tools/bin/../lib/gcc/arm-none-eabi/9.3.1/../../../../arm-none-eabi/lib/thumb/v6-m/nofp/libc_nano.a(lib_a-assert.o)
                0x0000000008002298                __assert_func
 .text.__errno  0x00000000080022d4        0xc /opt/st/stm32cubeide_1.7.0/plugins/com.st.stm32cube.ide.mcu.externaltools.gnu-tools-for-stm32.9-2020-q2-update.linux64_2.0.0.202105311346/tools/bin/../lib/gcc/arm-none-eabi/9.3.1/../../../../arm-none-eabi/lib/thumb/v6-m/nofp/libc_nano.a(lib_a-errno.o)
                0x00000000080022d4                __errno
 .text.fprintf  0x00000000080022e0       0x20 /opt/st/stm32cubeide_1.7.0/plugins/com.st.stm32cube.ide.mcu.externaltools.gnu-tools-for-stm32.9-2020-q2-update.linux64_2.0.0.202105311346/tools/bin/../lib/gcc/arm-none-eabi/9.3.1/../../../../arm-none-eabi/lib/thumb/v6-m/nofp/libc_nano.a(lib_a-fprintf.o)
                0x00000000080022e0                fprintf
                0x00000000080022e0                fiprintf
 .text.__libc_init_array
                0x0000000008002300       0x48 /opt/st/stm32cubeide_1.7.0/plugins/com.st.stm32cube.ide.mcu.externaltools.gnu-tools-for-stm32.9-2020-q2-update.linux64_2.0.0.202105311346/tools/bin/../lib/gcc/arm-none-eabi/9.3.1/../../../../arm-none-eabi/lib/thumb/v6-m/nofp/libc_nano.a(lib_a-init.o)
                0x0000000008002300                __libc_init_array
 .text.malloc   0x0000000008002348       0x14 /opt/st/stm32cubeide_1.7.0/plugins/com.st.stm32cube.ide.mcu.externaltools.gnu-tools-for-stm32.9-2020-q2-update.linux64_2.0.0.202105311346/tools/bin/../lib/gcc/arm-none-eabi/9.3.1/../../../../arm-none-eabi/lib/thumb/v6-m/nofp/libc_nano.a(lib_a-malloc.o)
                0x0000000008002348                malloc
 .text.memset   0x000000000800235c       0x10 /opt/st/stm32cubeide_1.7.0/plugins/com.st.stm32cube.ide.mcu.externaltools.gnu-tools-for-stm32.9-2020-q2-update.linux64_2.0.0.202105311346/tools/bin/../lib/gcc/arm-none-eabi/9.3.1/../../../../arm-none-eabi/lib/thumb/v6-m/nofp/libc_nano.a(lib_a-memset.o)
                0x000000000800235c                memset
 .text._free_r  0x000000000800236c       0x94 /opt/st/stm32cubeide_1.7.0/plugins/com.st.stm32cube.ide.mcu.externaltools.gnu-tools-for-stm32.9-2020-q2-update.linux64_2.0.0.202105311346/tools/bin/../lib/gcc/arm-none-eabi/9.3.1/../../../../arm-none-eabi/lib/thumb/v6-m/nofp/libc_nano.a(lib_a-nano-freer.o)
                0x000000000800236c                _free_r
 .text._malloc_r
                0x0000000008002400       0xbc /opt/st/stm32cubeide_1.7.0/plugins/com.st.stm32cube.ide.mcu.externaltools.gnu-tools-for-stm32.9-2020-q2-update.linux64_2.0.0.202105311346/tools/bin/../lib/gcc/arm-none-eabi/9.3.1/../../../../arm-none-eabi/lib/thumb/v6-m/nofp/libc_nano.a(lib_a-nano-mallocr.o)
                0x0000000008002400                _malloc_r
 .text.__sfputc_r
                0x00000000080024bc       0x2a /opt/st/stm32cubeide_1.7.0/plugins/com.st.stm32cube.ide.mcu.externaltools.gnu-tools-for-stm32.9-2020-q2-update.linux64_2.0.0.202105311346/tools/bin/../lib/gcc/arm-none-eabi/9.3.1/../../../../arm-none-eabi/lib/thumb/v6-m/nofp/libc_nano.a(lib_a-nano-vfprintf.o)
 .text.__sfputs_r
                0x00000000080024e6       0x24 /opt/st/stm32cubeide_1.7.0/plugins/com.st.stm32cube.ide.mcu.externaltools.gnu-tools-for-stm32.9-2020-q2-update.linux64_2.0.0.202105311346/tools/bin/../lib/gcc/arm-none-eabi/9.3.1/../../../../arm-none-eabi/lib/thumb/v6-m/nofp/libc_nano.a(lib_a-nano-vfprintf.o)
                0x00000000080024e6                __sfputs_r
 *fill*         0x000000000800250a        0x2 
 .text._vfprintf_r
                0x000000000800250c      0x274 /opt/st/stm32cubeide_1.7.0/plugins/com.st.stm32cube.ide.mcu.externaltools.gnu-tools-for-stm32.9-2020-q2-update.linux64_2.0.0.202105311346/tools/bin/../lib/gcc/arm-none-eabi/9.3.1/../../../../arm-none-eabi/lib/thumb/v6-m/nofp/libc_nano.a(lib_a-nano-vfprintf.o)
                0x000000000800250c                _vfiprintf_r
                0x000000000800250c                _vfprintf_r
 .text._printf_common
                0x0000000008002780       0xde /opt/st/stm32cubeide_1.7.0/plugins/com.st.stm32cube.ide.mcu.externaltools.gnu-tools-for-stm32.9-2020-q2-update.linux64_2.0.0.202105311346/tools/bin/../lib/gcc/arm-none-eabi/9.3.1/../../../../arm-none-eabi/lib/thumb/v6-m/nofp/libc_nano.a(lib_a-nano-vfprintf_i.o)
                0x0000000008002780                _printf_common
 *fill*         0x000000000800285e        0x2 
 .text._printf_i
                0x0000000008002860      0x224 /opt/st/stm32cubeide_1.7.0/plugins/com.st.stm32cube.ide.mcu.externaltools.gnu-tools-for-stm32.9-2020-q2-update.linux64_2.0.0.202105311346/tools/bin/../lib/gcc/arm-none-eabi/9.3.1/../../../../arm-none-eabi/lib/thumb/v6-m/nofp/libc_nano.a(lib_a-nano-vfprintf_i.o)
                0x0000000008002860                _printf_i
 .text._sbrk_r  0x0000000008002a84       0x24 /opt/st/stm32cubeide_1.7.0/plugins/com.st.stm32cube.ide.mcu.externaltools.gnu-tools-for-stm32.9-2020-q2-update.linux64_2.0.0.202105311346/tools/bin/../lib/gcc/arm-none-eabi/9.3.1/../../../../arm-none-eabi/lib/thumb/v6-m/nofp/libc_nano.a(lib_a-sbrkr.o)
                0x0000000008002a84                _sbrk_r
 .text.__swbuf_r
                0x0000000008002aa8       0xac /opt/st/stm32cubeide_1.7.0/plugins/com.st.stm32cube.ide.mcu.externaltools.gnu-tools-for-stm32.9-2020-q2-update.linux64_2.0.0.202105311346/tools/bin/../lib/gcc/arm-none-eabi/9.3.1/../../../../arm-none-eabi/lib/thumb/v6-m/nofp/libc_nano.a(lib_a-wbuf.o)
                0x0000000008002aa8                __swbuf_r
 .text.__swsetup_r
                0x0000000008002b54       0xf0 /opt/st/stm32cubeide_1.7.0/plugins/com.st.stm32cube.ide.mcu.externaltools.gnu-tools-for-stm32.9-2020-q2-update.linux64_2.0.0.202105311346/tools/bin/../lib/gcc/arm-none-eabi/9.3.1/../../../../arm-none-eabi/lib/thumb/v6-m/nofp/libc_nano.a(lib_a-wsetup.o)
                0x0000000008002b54                __swsetup_r
 .text.abort    0x0000000008002c44        0xe /opt/st/stm32cubeide_1.7.0/plugins/com.st.stm32cube.ide.mcu.externaltools.gnu-tools-for-stm32.9-2020-q2-update.linux64_2.0.0.202105311346/tools/bin/../lib/gcc/arm-none-eabi/9.3.1/../../../../arm-none-eabi/lib/thumb/v6-m/nofp/libc_nano.a(lib_a-abort.o)
                0x0000000008002c44                abort
 *fill*         0x0000000008002c52        0x2 
 .text.__sflush_r
                0x0000000008002c54      0x118 /opt/st/stm32cubeide_1.7.0/plugins/com.st.stm32cube.ide.mcu.externaltools.gnu-tools-for-stm32.9-2020-q2-update.linux64_2.0.0.202105311346/tools/bin/../lib/gcc/arm-none-eabi/9.3.1/../../../../arm-none-eabi/lib/thumb/v6-m/nofp/libc_nano.a(lib_a-fflush.o)
                0x0000000008002c54                __sflush_r
 .text._fflush_r
                0x0000000008002d6c       0x80 /opt/st/stm32cubeide_1.7.0/plugins/com.st.stm32cube.ide.mcu.externaltools.gnu-tools-for-stm32.9-2020-q2-update.linux64_2.0.0.202105311346/tools/bin/../lib/gcc/arm-none-eabi/9.3.1/../../../../arm-none-eabi/lib/thumb/v6-m/nofp/libc_nano.a(lib_a-fflush.o)
                0x0000000008002d6c                _fflush_r
 .text.std      0x0000000008002dec       0x48 /opt/st/stm32cubeide_1.7.0/plugins/com.st.stm32cube.ide.mcu.externaltools.gnu-tools-for-stm32.9-2020-q2-update.linux64_2.0.0.202105311346/tools/bin/../lib/gcc/arm-none-eabi/9.3.1/../../../../arm-none-eabi/lib/thumb/v6-m/nofp/libc_nano.a(lib_a-findfp.o)
 .text._cleanup_r
                0x0000000008002e34       0x10 /opt/st/stm32cubeide_1.7.0/plugins/com.st.stm32cube.ide.mcu.externaltools.gnu-tools-for-stm32.9-2020-q2-update.linux64_2.0.0.202105311346/tools/bin/../lib/gcc/arm-none-eabi/9.3.1/../../../../arm-none-eabi/lib/thumb/v6-m/nofp/libc_nano.a(lib_a-findfp.o)
                0x0000000008002e34                _cleanup_r
 .text.__sfmoreglue
                0x0000000008002e44       0x2c /opt/st/stm32cubeide_1.7.0/plugins/com.st.stm32cube.ide.mcu.externaltools.gnu-tools-for-stm32.9-2020-q2-update.linux64_2.0.0.202105311346/tools/bin/../lib/gcc/arm-none-eabi/9.3.1/../../../../arm-none-eabi/lib/thumb/v6-m/nofp/libc_nano.a(lib_a-findfp.o)
                0x0000000008002e44                __sfmoreglue
 .text.__sfp_lock_acquire
                0x0000000008002e70       0x10 /opt/st/stm32cubeide_1.7.0/plugins/com.st.stm32cube.ide.mcu.externaltools.gnu-tools-for-stm32.9-2020-q2-update.linux64_2.0.0.202105311346/tools/bin/../lib/gcc/arm-none-eabi/9.3.1/../../../../arm-none-eabi/lib/thumb/v6-m/nofp/libc_nano.a(lib_a-findfp.o)
                0x0000000008002e70                __sfp_lock_acquire
 .text.__sfp_lock_release
                0x0000000008002e80       0x10 /opt/st/stm32cubeide_1.7.0/plugins/com.st.stm32cube.ide.mcu.externaltools.gnu-tools-for-stm32.9-2020-q2-update.linux64_2.0.0.202105311346/tools/bin/../lib/gcc/arm-none-eabi/9.3.1/../../../../arm-none-eabi/lib/thumb/v6-m/nofp/libc_nano.a(lib_a-findfp.o)
                0x0000000008002e80                __sfp_lock_release
 .text.__sinit_lock_acquire
                0x0000000008002e90       0x10 /opt/st/stm32cubeide_1.7.0/plugins/com.st.stm32cube.ide.mcu.externaltools.gnu-tools-for-stm32.9-2020-q2-update.linux64_2.0.0.202105311346/tools/bin/../lib/gcc/arm-none-eabi/9.3.1/../../../../arm-none-eabi/lib/thumb/v6-m/nofp/libc_nano.a(lib_a-findfp.o)
                0x0000000008002e90                __sinit_lock_acquire
 .text.__sinit_lock_release
                0x0000000008002ea0       0x10 /opt/st/stm32cubeide_1.7.0/plugins/com.st.stm32cube.ide.mcu.externaltools.gnu-tools-for-stm32.9-2020-q2-update.linux64_2.0.0.202105311346/tools/bin/../lib/gcc/arm-none-eabi/9.3.1/../../../../arm-none-eabi/lib/thumb/v6-m/nofp/libc_nano.a(lib_a-findfp.o)
                0x0000000008002ea0                __sinit_lock_release
 .text.__sinit  0x0000000008002eb0       0x70 /opt/st/stm32cubeide_1.7.0/plugins/com.st.stm32cube.ide.mcu.externaltools.gnu-tools-for-stm32.9-2020-q2-update.linux64_2.0.0.202105311346/tools/bin/../lib/gcc/arm-none-eabi/9.3.1/../../../../arm-none-eabi/lib/thumb/v6-m/nofp/libc_nano.a(lib_a-findfp.o)
                0x0000000008002eb0                __sinit
 .text.__sfp    0x0000000008002f20       0x90 /opt/st/stm32cubeide_1.7.0/plugins/com.st.stm32cube.ide.mcu.externaltools.gnu-tools-for-stm32.9-2020-q2-update.linux64_2.0.0.202105311346/tools/bin/../lib/gcc/arm-none-eabi/9.3.1/../../../../arm-none-eabi/lib/thumb/v6-m/nofp/libc_nano.a(lib_a-findfp.o)
                0x0000000008002f20                __sfp
 .text._fwalk_reent
                0x0000000008002fb0       0x40 /opt/st/stm32cubeide_1.7.0/plugins/com.st.stm32cube.ide.mcu.externaltools.gnu-tools-for-stm32.9-2020-q2-update.linux64_2.0.0.202105311346/tools/bin/../lib/gcc/arm-none-eabi/9.3.1/../../../../arm-none-eabi/lib/thumb/v6-m/nofp/libc_nano.a(lib_a-fwalk.o)
                0x0000000008002fb0                _fwalk_reent
 .text.__retarget_lock_init_recursive
                0x0000000008002ff0        0x2 /opt/st/stm32cubeide_1.7.0/plugins/com.st.stm32cube.ide.mcu.externaltools.gnu-tools-for-stm32.9-2020-q2-update.linux64_2.0.0.202105311346/tools/bin/../lib/gcc/arm-none-eabi/9.3.1/../../../../arm-none-eabi/lib/thumb/v6-m/nofp/libc_nano.a(lib_a-lock.o)
                0x0000000008002ff0                __retarget_lock_init_recursive
 .text.__retarget_lock_acquire_recursive
                0x0000000008002ff2        0x2 /opt/st/stm32cubeide_1.7.0/plugins/com.st.stm32cube.ide.mcu.externaltools.gnu-tools-for-stm32.9-2020-q2-update.linux64_2.0.0.202105311346/tools/bin/../lib/gcc/arm-none-eabi/9.3.1/../../../../arm-none-eabi/lib/thumb/v6-m/nofp/libc_nano.a(lib_a-lock.o)
                0x0000000008002ff2                __retarget_lock_acquire_recursive
 .text.__retarget_lock_release_recursive
                0x0000000008002ff4        0x2 /opt/st/stm32cubeide_1.7.0/plugins/com.st.stm32cube.ide.mcu.externaltools.gnu-tools-for-stm32.9-2020-q2-update.linux64_2.0.0.202105311346/tools/bin/../lib/gcc/arm-none-eabi/9.3.1/../../../../arm-none-eabi/lib/thumb/v6-m/nofp/libc_nano.a(lib_a-lock.o)
                0x0000000008002ff4                __retarget_lock_release_recursive
 *fill*         0x0000000008002ff6        0x2 
 .text.__swhatbuf_r
                0x0000000008002ff8       0x50 /opt/st/stm32cubeide_1.7.0/plugins/com.st.stm32cube.ide.mcu.externaltools.gnu-tools-for-stm32.9-2020-q2-update.linux64_2.0.0.202105311346/tools/bin/../lib/gcc/arm-none-eabi/9.3.1/../../../../arm-none-eabi/lib/thumb/v6-m/nofp/libc_nano.a(lib_a-makebuf.o)
                0x0000000008002ff8                __swhatbuf_r
 .text.__smakebuf_r
                0x0000000008003048       0x88 /opt/st/stm32cubeide_1.7.0/plugins/com.st.stm32cube.ide.mcu.externaltools.gnu-tools-for-stm32.9-2020-q2-update.linux64_2.0.0.202105311346/tools/bin/../lib/gcc/arm-none-eabi/9.3.1/../../../../arm-none-eabi/lib/thumb/v6-m/nofp/libc_nano.a(lib_a-makebuf.o)
                0x0000000008003048                __smakebuf_r
 .text.memchr   0x00000000080030d0       0x16 /opt/st/stm32cubeide_1.7.0/plugins/com.st.stm32cube.ide.mcu.externaltools.gnu-tools-for-stm32.9-2020-q2-update.linux64_2.0.0.202105311346/tools/bin/../lib/gcc/arm-none-eabi/9.3.1/../../../../arm-none-eabi/lib/thumb/v6-m/nofp/libc_nano.a(lib_a-memchr-stub.o)
                0x00000000080030d0                memchr
 *fill*         0x00000000080030e6        0x2 
 .text.__malloc_lock
                0x00000000080030e8       0x10 /opt/st/stm32cubeide_1.7.0/plugins/com.st.stm32cube.ide.mcu.externaltools.gnu-tools-for-stm32.9-2020-q2-update.linux64_2.0.0.202105311346/tools/bin/../lib/gcc/arm-none-eabi/9.3.1/../../../../arm-none-eabi/lib/thumb/v6-m/nofp/libc_nano.a(lib_a-mlock.o)
                0x00000000080030e8                __malloc_lock
 .text.__malloc_unlock
                0x00000000080030f8       0x10 /opt/st/stm32cubeide_1.7.0/plugins/com.st.stm32cube.ide.mcu.externaltools.gnu-tools-for-stm32.9-2020-q2-update.linux64_2.0.0.202105311346/tools/bin/../lib/gcc/arm-none-eabi/9.3.1/../../../../arm-none-eabi/lib/thumb/v6-m/nofp/libc_nano.a(lib_a-mlock.o)
                0x00000000080030f8                __malloc_unlock
 .text._raise_r
                0x0000000008003108       0x54 /opt/st/stm32cubeide_1.7.0/plugins/com.st.stm32cube.ide.mcu.externaltools.gnu-tools-for-stm32.9-2020-q2-update.linux64_2.0.0.202105311346/tools/bin/../lib/gcc/arm-none-eabi/9.3.1/../../../../arm-none-eabi/lib/thumb/v6-m/nofp/libc_nano.a(lib_a-signal.o)
                0x0000000008003108                _raise_r
 .text.raise    0x000000000800315c       0x14 /opt/st/stm32cubeide_1.7.0/plugins/com.st.stm32cube.ide.mcu.externaltools.gnu-tools-for-stm32.9-2020-q2-update.linux64_2.0.0.202105311346/tools/bin/../lib/gcc/arm-none-eabi/9.3.1/../../../../arm-none-eabi/lib/thumb/v6-m/nofp/libc_nano.a(lib_a-signal.o)
                0x000000000800315c                raise
 .text._kill_r  0x0000000008003170       0x24 /opt/st/stm32cubeide_1.7.0/plugins/com.st.stm32cube.ide.mcu.externaltools.gnu-tools-for-stm32.9-2020-q2-update.linux64_2.0.0.202105311346/tools/bin/../lib/gcc/arm-none-eabi/9.3.1/../../../../arm-none-eabi/lib/thumb/v6-m/nofp/libc_nano.a(lib_a-signalr.o)
                0x0000000008003170                _kill_r
 .text._getpid_r
                0x0000000008003194        0x8 /opt/st/stm32cubeide_1.7.0/plugins/com.st.stm32cube.ide.mcu.externaltools.gnu-tools-for-stm32.9-2020-q2-update.linux64_2.0.0.202105311346/tools/bin/../lib/gcc/arm-none-eabi/9.3.1/../../../../arm-none-eabi/lib/thumb/v6-m/nofp/libc_nano.a(lib_a-signalr.o)
                0x0000000008003194                _getpid_r
 .text.__sread  0x000000000800319c       0x28 /opt/st/stm32cubeide_1.7.0/plugins/com.st.stm32cube.ide.mcu.externaltools.gnu-tools-for-stm32.9-2020-q2-update.linux64_2.0.0.202105311346/tools/bin/../lib/gcc/arm-none-eabi/9.3.1/../../../../arm-none-eabi/lib/thumb/v6-m/nofp/libc_nano.a(lib_a-stdio.o)
                0x000000000800319c                __sread
 .text.__swrite
                0x00000000080031c4       0x38 /opt/st/stm32cubeide_1.7.0/plugins/com.st.stm32cube.ide.mcu.externaltools.gnu-tools-for-stm32.9-2020-q2-update.linux64_2.0.0.202105311346/tools/bin/../lib/gcc/arm-none-eabi/9.3.1/../../../../arm-none-eabi/lib/thumb/v6-m/nofp/libc_nano.a(lib_a-stdio.o)
                0x00000000080031c4                __swrite
 .text.__sseek  0x00000000080031fc       0x2c /opt/st/stm32cubeide_1.7.0/plugins/com.st.stm32cube.ide.mcu.externaltools.gnu-tools-for-stm32.9-2020-q2-update.linux64_2.0.0.202105311346/tools/bin/../lib/gcc/arm-none-eabi/9.3.1/../../../../arm-none-eabi/lib/thumb/v6-m/nofp/libc_nano.a(lib_a-stdio.o)
                0x00000000080031fc                __sseek
 .text.__sclose
                0x0000000008003228        0xc /opt/st/stm32cubeide_1.7.0/plugins/com.st.stm32cube.ide.mcu.externaltools.gnu-tools-for-stm32.9-2020-q2-update.linux64_2.0.0.202105311346/tools/bin/../lib/gcc/arm-none-eabi/9.3.1/../../../../arm-none-eabi/lib/thumb/v6-m/nofp/libc_nano.a(lib_a-stdio.o)
                0x0000000008003228                __sclose
 .text._write_r
                0x0000000008003234       0x28 /opt/st/stm32cubeide_1.7.0/plugins/com.st.stm32cube.ide.mcu.externaltools.gnu-tools-for-stm32.9-2020-q2-update.linux64_2.0.0.202105311346/tools/bin/../lib/gcc/arm-none-eabi/9.3.1/../../../../arm-none-eabi/lib/thumb/v6-m/nofp/libc_nano.a(lib_a-writer.o)
                0x0000000008003234                _write_r
 .text._close_r
                0x000000000800325c       0x24 /opt/st/stm32cubeide_1.7.0/plugins/com.st.stm32cube.ide.mcu.externaltools.gnu-tools-for-stm32.9-2020-q2-update.linux64_2.0.0.202105311346/tools/bin/../lib/gcc/arm-none-eabi/9.3.1/../../../../arm-none-eabi/lib/thumb/v6-m/nofp/libc_nano.a(lib_a-closer.o)
                0x000000000800325c                _close_r
 .text._fstat_r
                0x0000000008003280       0x24 /opt/st/stm32cubeide_1.7.0/plugins/com.st.stm32cube.ide.mcu.externaltools.gnu-tools-for-stm32.9-2020-q2-update.linux64_2.0.0.202105311346/tools/bin/../lib/gcc/arm-none-eabi/9.3.1/../../../../arm-none-eabi/lib/thumb/v6-m/nofp/libc_nano.a(lib_a-fstatr.o)
                0x0000000008003280                _fstat_r
 .text._isatty_r
                0x00000000080032a4       0x24 /opt/st/stm32cubeide_1.7.0/plugins/com.st.stm32cube.ide.mcu.externaltools.gnu-tools-for-stm32.9-2020-q2-update.linux64_2.0.0.202105311346/tools/bin/../lib/gcc/arm-none-eabi/9.3.1/../../../../arm-none-eabi/lib/thumb/v6-m/nofp/libc_nano.a(lib_a-isattyr.o)
                0x00000000080032a4                _isatty_r
 .text._lseek_r
                0x00000000080032c8       0x28 /opt/st/stm32cubeide_1.7.0/plugins/com.st.stm32cube.ide.mcu.externaltools.gnu-tools-for-stm32.9-2020-q2-update.linux64_2.0.0.202105311346/tools/bin/../lib/gcc/arm-none-eabi/9.3.1/../../../../arm-none-eabi/lib/thumb/v6-m/nofp/libc_nano.a(lib_a-lseekr.o)
                0x00000000080032c8                _lseek_r
 .text._read_r  0x00000000080032f0       0x28 /opt/st/stm32cubeide_1.7.0/plugins/com.st.stm32cube.ide.mcu.externaltools.gnu-tools-for-stm32.9-2020-q2-update.linux64_2.0.0.202105311346/tools/bin/../lib/gcc/arm-none-eabi/9.3.1/../../../../arm-none-eabi/lib/thumb/v6-m/nofp/libc_nano.a(lib_a-readr.o)
                0x00000000080032f0                _read_r
 *(.glue_7)
 .glue_7        0x0000000008003318        0x0 linker stubs
 *(.glue_7t)
 .glue_7t       0x0000000008003318        0x0 linker stubs
 *(.eh_frame)
 .eh_frame      0x0000000008003318        0x0 /opt/st/stm32cubeide_1.7.0/plugins/com.st.stm32cube.ide.mcu.externaltools.gnu-tools-for-stm32.9-2020-q2-update.linux64_2.0.0.202105311346/tools/bin/../lib/gcc/arm-none-eabi/9.3.1/thumb/v6-m/nofp/crtbegin.o
 *(.init)
 .init          0x0000000008003318        0x4 /opt/st/stm32cubeide_1.7.0/plugins/com.st.stm32cube.ide.mcu.externaltools.gnu-tools-for-stm32.9-2020-q2-update.linux64_2.0.0.202105311346/tools/bin/../lib/gcc/arm-none-eabi/9.3.1/thumb/v6-m/nofp/crti.o
                0x0000000008003318                _init
 .init          0x000000000800331c        0x8 /opt/st/stm32cubeide_1.7.0/plugins/com.st.stm32cube.ide.mcu.externaltools.gnu-tools-for-stm32.9-2020-q2-update.linux64_2.0.0.202105311346/tools/bin/../lib/gcc/arm-none-eabi/9.3.1/thumb/v6-m/nofp/crtn.o
 *(.fini)
 .fini          0x0000000008003324        0x4 /opt/st/stm32cubeide_1.7.0/plugins/com.st.stm32cube.ide.mcu.externaltools.gnu-tools-for-stm32.9-2020-q2-update.linux64_2.0.0.202105311346/tools/bin/../lib/gcc/arm-none-eabi/9.3.1/thumb/v6-m/nofp/crti.o
                0x0000000008003324                _fini
 .fini          0x0000000008003328        0x8 /opt/st/stm32cubeide_1.7.0/plugins/com.st.stm32cube.ide.mcu.externaltools.gnu-tools-for-stm32.9-2020-q2-update.linux64_2.0.0.202105311346/tools/bin/../lib/gcc/arm-none-eabi/9.3.1/thumb/v6-m/nofp/crtn.o
                0x0000000008003330                . = ALIGN (0x4)
                0x0000000008003330                _etext = .

.vfp11_veneer   0x0000000008003330        0x0
 .vfp11_veneer  0x0000000008003330        0x0 linker stubs

.v4_bx          0x0000000008003330        0x0
 .v4_bx         0x0000000008003330        0x0 linker stubs

.iplt           0x0000000008003330        0x0
 .iplt          0x0000000008003330        0x0 /opt/st/stm32cubeide_1.7.0/plugins/com.st.stm32cube.ide.mcu.externaltools.gnu-tools-for-stm32.9-2020-q2-update.linux64_2.0.0.202105311346/tools/bin/../lib/gcc/arm-none-eabi/9.3.1/thumb/v6-m/nofp/crtbegin.o

.rodata         0x0000000008003330      0x1f0
                0x0000000008003330                . = ALIGN (0x4)
 *(.rodata)
 *(.rodata*)
 .rodata.advance_pointer.part.0.str1.4
                0x0000000008003330       0x3b ./Core/Src/circular_buffer_no_modulo_threadsafe.o
 *fill*         0x000000000800336b        0x1 
 .rodata.circular_buf_init.str1.4
                0x000000000800336c       0x13 ./Core/Src/circular_buffer_no_modulo_threadsafe.o
 *fill*         0x000000000800337f        0x1 
 .rodata.circular_buf_put.str1.4
                0x0000000008003380       0x15 ./Core/Src/circular_buffer_no_modulo_threadsafe.o
 *fill*         0x0000000008003395        0x3 
 .rodata.circular_buf_get.str1.4
                0x0000000008003398       0x1d ./Core/Src/circular_buffer_no_modulo_threadsafe.o
 *fill*         0x00000000080033b5        0x3 
 .rodata.__func__.4883
                0x00000000080033b8       0x12 ./Core/Src/circular_buffer_no_modulo_threadsafe.o
 *fill*         0x00000000080033ca        0x2 
 .rodata.__func__.4896
                0x00000000080033cc       0x12 ./Core/Src/circular_buffer_no_modulo_threadsafe.o
 *fill*         0x00000000080033de        0x2 
 .rodata.__func__.4906
                0x00000000080033e0       0x11 ./Core/Src/circular_buffer_no_modulo_threadsafe.o
 *fill*         0x00000000080033f1        0x3 
 .rodata.__func__.4917
                0x00000000080033f4       0x11 ./Core/Src/circular_buffer_no_modulo_threadsafe.o
 *fill*         0x0000000008003405        0x3 
 .rodata.AHBPrescTable
                0x0000000008003408       0x10 ./Core/Src/system_stm32f0xx.o
                0x0000000008003408                AHBPrescTable
 .rodata.APBPrescTable
                0x0000000008003418        0x8 ./Core/Src/system_stm32f0xx.o
                0x0000000008003418                APBPrescTable
 .rodata.HAL_RCC_ClockConfig.str1.4
                0x0000000008003420       0x25 ./Drivers/STM32F0xx_HAL_Driver/Src/stm32f0xx_hal_rcc.o
 *fill*         0x0000000008003445        0x3 
 .rodata.CSWTCH.58
                0x0000000008003448        0x3 ./Drivers/STM32F0xx_HAL_Driver/Src/stm32f0xx_hal_uart.o
 .rodata.__assert_func.str1.1
                0x000000000800344b       0x3c /opt/st/stm32cubeide_1.7.0/plugins/com.st.stm32cube.ide.mcu.externaltools.gnu-tools-for-stm32.9-2020-q2-update.linux64_2.0.0.202105311346/tools/bin/../lib/gcc/arm-none-eabi/9.3.1/../../../../arm-none-eabi/lib/thumb/v6-m/nofp/libc_nano.a(lib_a-assert.o)
                                         0x3d (size before relaxing)
 *fill*         0x0000000008003487        0x1 
 .rodata._global_impure_ptr
                0x0000000008003488        0x4 /opt/st/stm32cubeide_1.7.0/plugins/com.st.stm32cube.ide.mcu.externaltools.gnu-tools-for-stm32.9-2020-q2-update.linux64_2.0.0.202105311346/tools/bin/../lib/gcc/arm-none-eabi/9.3.1/../../../../arm-none-eabi/lib/thumb/v6-m/nofp/libc_nano.a(lib_a-impure.o)
                0x0000000008003488                _global_impure_ptr
 .rodata._vfprintf_r.str1.1
                0x000000000800348c       0x11 /opt/st/stm32cubeide_1.7.0/plugins/com.st.stm32cube.ide.mcu.externaltools.gnu-tools-for-stm32.9-2020-q2-update.linux64_2.0.0.202105311346/tools/bin/../lib/gcc/arm-none-eabi/9.3.1/../../../../arm-none-eabi/lib/thumb/v6-m/nofp/libc_nano.a(lib_a-nano-vfprintf.o)
 .rodata._printf_i.str1.1
                0x000000000800349d       0x22 /opt/st/stm32cubeide_1.7.0/plugins/com.st.stm32cube.ide.mcu.externaltools.gnu-tools-for-stm32.9-2020-q2-update.linux64_2.0.0.202105311346/tools/bin/../lib/gcc/arm-none-eabi/9.3.1/../../../../arm-none-eabi/lib/thumb/v6-m/nofp/libc_nano.a(lib_a-nano-vfprintf_i.o)
 *fill*         0x00000000080034bf        0x1 
 .rodata.__sf_fake_stderr
                0x00000000080034c0       0x20 /opt/st/stm32cubeide_1.7.0/plugins/com.st.stm32cube.ide.mcu.externaltools.gnu-tools-for-stm32.9-2020-q2-update.linux64_2.0.0.202105311346/tools/bin/../lib/gcc/arm-none-eabi/9.3.1/../../../../arm-none-eabi/lib/thumb/v6-m/nofp/libc_nano.a(lib_a-findfp.o)
                0x00000000080034c0                __sf_fake_stderr
 .rodata.__sf_fake_stdin
                0x00000000080034e0       0x20 /opt/st/stm32cubeide_1.7.0/plugins/com.st.stm32cube.ide.mcu.externaltools.gnu-tools-for-stm32.9-2020-q2-update.linux64_2.0.0.202105311346/tools/bin/../lib/gcc/arm-none-eabi/9.3.1/../../../../arm-none-eabi/lib/thumb/v6-m/nofp/libc_nano.a(lib_a-findfp.o)
                0x00000000080034e0                __sf_fake_stdin
 .rodata.__sf_fake_stdout
                0x0000000008003500       0x20 /opt/st/stm32cubeide_1.7.0/plugins/com.st.stm32cube.ide.mcu.externaltools.gnu-tools-for-stm32.9-2020-q2-update.linux64_2.0.0.202105311346/tools/bin/../lib/gcc/arm-none-eabi/9.3.1/../../../../arm-none-eabi/lib/thumb/v6-m/nofp/libc_nano.a(lib_a-findfp.o)
                0x0000000008003500                __sf_fake_stdout
                0x0000000008003520                . = ALIGN (0x4)

.rel.dyn        0x0000000008003520        0x0
 .rel.iplt      0x0000000008003520        0x0 /opt/st/stm32cubeide_1.7.0/plugins/com.st.stm32cube.ide.mcu.externaltools.gnu-tools-for-stm32.9-2020-q2-update.linux64_2.0.0.202105311346/tools/bin/../lib/gcc/arm-none-eabi/9.3.1/thumb/v6-m/nofp/crtbegin.o

.ARM.extab      0x0000000008003520        0x0
                0x0000000008003520                . = ALIGN (0x4)
 *(.ARM.extab* .gnu.linkonce.armextab.*)
                0x0000000008003520                . = ALIGN (0x4)

.ARM            0x0000000008003520        0x0
                0x0000000008003520                . = ALIGN (0x4)
                0x0000000008003520                __exidx_start = .
 *(.ARM.exidx*)
                0x0000000008003520                __exidx_end = .
                0x0000000008003520                . = ALIGN (0x4)

.preinit_array  0x0000000008003520        0x0
                0x0000000008003520                . = ALIGN (0x4)
                0x0000000008003520                PROVIDE (__preinit_array_start = .)
 *(.preinit_array*)
                0x0000000008003520                PROVIDE (__preinit_array_end = .)
                0x0000000008003520                . = ALIGN (0x4)

.init_array     0x0000000008003520        0x4
                0x0000000008003520                . = ALIGN (0x4)
                0x0000000008003520                PROVIDE (__init_array_start = .)
 *(SORT_BY_NAME(.init_array.*))
 *(.init_array*)
 .init_array    0x0000000008003520        0x4 /opt/st/stm32cubeide_1.7.0/plugins/com.st.stm32cube.ide.mcu.externaltools.gnu-tools-for-stm32.9-2020-q2-update.linux64_2.0.0.202105311346/tools/bin/../lib/gcc/arm-none-eabi/9.3.1/thumb/v6-m/nofp/crtbegin.o
                0x0000000008003524                PROVIDE (__init_array_end = .)
                0x0000000008003524                . = ALIGN (0x4)

.fini_array     0x0000000008003524        0x4
                0x0000000008003524                . = ALIGN (0x4)
                [!provide]                        PROVIDE (__fini_array_start = .)
 *(SORT_BY_NAME(.fini_array.*))
 *(.fini_array*)
 .fini_array    0x0000000008003524        0x4 /opt/st/stm32cubeide_1.7.0/plugins/com.st.stm32cube.ide.mcu.externaltools.gnu-tools-for-stm32.9-2020-q2-update.linux64_2.0.0.202105311346/tools/bin/../lib/gcc/arm-none-eabi/9.3.1/thumb/v6-m/nofp/crtbegin.o
                [!provide]                        PROVIDE (__fini_array_end = .)
                0x0000000008003528                . = ALIGN (0x4)
                0x0000000008003528                _sidata = LOADADDR (.data)

.data           0x0000000020000000       0x84 load address 0x0000000008003528
                0x0000000020000000                . = ALIGN (0x4)
                0x0000000020000000                _sdata = .
 *(.data)
 *(.data*)
 .data.SystemCoreClock
                0x0000000020000000        0x4 ./Core/Src/system_stm32f0xx.o
                0x0000000020000000                SystemCoreClock
 .data.code     0x0000000020000004        0x1 ./Core/Src/utility.o
                0x0000000020000004                code
 *fill*         0x0000000020000005        0x3 
 .data.code_ptr
                0x0000000020000008        0x4 ./Core/Src/utility.o
                0x0000000020000008                code_ptr
 .data.dst      0x000000002000000c        0x4 ./Core/Src/utility.o
                0x000000002000000c                dst
 .data.p_cobs_buff_acquisition
                0x0000000020000010        0x4 ./Core/Src/utility.o
                0x0000000020000010                p_cobs_buff_acquisition
 .data.p_cobs_buff_uart
                0x0000000020000014        0x4 ./Core/Src/utility.o
                0x0000000020000014                p_cobs_buff_uart
 .data.uwTickFreq
                0x0000000020000018        0x1 ./Drivers/STM32F0xx_HAL_Driver/Src/stm32f0xx_hal.o
                0x0000000020000018                uwTickFreq
 *fill*         0x0000000020000019        0x3 
 .data.uwTickPrio
                0x000000002000001c        0x4 ./Drivers/STM32F0xx_HAL_Driver/Src/stm32f0xx_hal.o
                0x000000002000001c                uwTickPrio
 .data._impure_ptr
                0x0000000020000020        0x4 /opt/st/stm32cubeide_1.7.0/plugins/com.st.stm32cube.ide.mcu.externaltools.gnu-tools-for-stm32.9-2020-q2-update.linux64_2.0.0.202105311346/tools/bin/../lib/gcc/arm-none-eabi/9.3.1/../../../../arm-none-eabi/lib/thumb/v6-m/nofp/libc_nano.a(lib_a-impure.o)
                0x0000000020000020                _impure_ptr
 .data.impure_data
                0x0000000020000024       0x60 /opt/st/stm32cubeide_1.7.0/plugins/com.st.stm32cube.ide.mcu.externaltools.gnu-tools-for-stm32.9-2020-q2-update.linux64_2.0.0.202105311346/tools/bin/../lib/gcc/arm-none-eabi/9.3.1/../../../../arm-none-eabi/lib/thumb/v6-m/nofp/libc_nano.a(lib_a-impure.o)
 *(.RamFunc)
 *(.RamFunc*)
                0x0000000020000084                . = ALIGN (0x4)
                0x0000000020000084                _edata = .

.igot.plt       0x0000000020000084        0x0 load address 0x00000000080035ac
 .igot.plt      0x0000000020000084        0x0 /opt/st/stm32cubeide_1.7.0/plugins/com.st.stm32cube.ide.mcu.externaltools.gnu-tools-for-stm32.9-2020-q2-update.linux64_2.0.0.202105311346/tools/bin/../lib/gcc/arm-none-eabi/9.3.1/thumb/v6-m/nofp/crtbegin.o
                0x0000000020000084                . = ALIGN (0x4)

.bss            0x0000000020000084      0xa14 load address 0x00000000080035ac
                0x0000000020000084                _sbss = .
                0x0000000020000084                __bss_start__ = _sbss
 *(.bss)
 .bss           0x0000000020000084       0x1c /opt/st/stm32cubeide_1.7.0/plugins/com.st.stm32cube.ide.mcu.externaltools.gnu-tools-for-stm32.9-2020-q2-update.linux64_2.0.0.202105311346/tools/bin/../lib/gcc/arm-none-eabi/9.3.1/thumb/v6-m/nofp/crtbegin.o
 *(.bss*)
 .bss.avr_counter.7155
                0x00000000200000a0        0x4 ./Core/Src/main.o
 .bss.ring_buff_size.7157
                0x00000000200000a4        0x4 ./Core/Src/main.o
 .bss.sum.7154  0x00000000200000a8        0x4 ./Core/Src/main.o
 .bss.flip_flop.6944
                0x00000000200000ac        0x1 ./Core/Src/stm32f0xx_it.o
 *fill*         0x00000000200000ad        0x3 
 .bss.__sbrk_heap_end
                0x00000000200000b0        0x4 ./Core/Src/sysmem.o
 .bss.cobs_buff_1
                0x00000000200000b4       0x42 ./Core/Src/utility.o
                0x00000000200000b4                cobs_buff_1
 *fill*         0x00000000200000f6        0x2 
 .bss.cobs_buff_2
                0x00000000200000f8       0x42 ./Core/Src/utility.o
                0x00000000200000f8                cobs_buff_2
 *fill*         0x000000002000013a        0x2 
 .bss.cobs_counter
                0x000000002000013c        0x4 ./Core/Src/utility.o
                0x000000002000013c                cobs_counter
 .bss.switch_status
                0x0000000020000140        0x4 ./Core/Src/utility.o
                0x0000000020000140                switch_status
 .bss.__malloc_free_list
                0x0000000020000144        0x4 /opt/st/stm32cubeide_1.7.0/plugins/com.st.stm32cube.ide.mcu.externaltools.gnu-tools-for-stm32.9-2020-q2-update.linux64_2.0.0.202105311346/tools/bin/../lib/gcc/arm-none-eabi/9.3.1/../../../../arm-none-eabi/lib/thumb/v6-m/nofp/libc_nano.a(lib_a-nano-mallocr.o)
                0x0000000020000144                __malloc_free_list
 .bss.__malloc_sbrk_start
                0x0000000020000148        0x4 /opt/st/stm32cubeide_1.7.0/plugins/com.st.stm32cube.ide.mcu.externaltools.gnu-tools-for-stm32.9-2020-q2-update.linux64_2.0.0.202105311346/tools/bin/../lib/gcc/arm-none-eabi/9.3.1/../../../../arm-none-eabi/lib/thumb/v6-m/nofp/libc_nano.a(lib_a-nano-mallocr.o)
                0x0000000020000148                __malloc_sbrk_start
 *(COMMON)
 COMMON         0x000000002000014c      0x938 ./Core/Src/main.o
                0x000000002000014c                huart1
                0x00000000200001d0                buffer
                0x00000000200005d0                buffer4Test
                0x00000000200009d0                cbuf4Test
                0x00000000200009d4                cbuf
                0x00000000200009d8                hspi1
                0x0000000020000a3c                htim14
 COMMON         0x0000000020000a84        0x4 ./Drivers/STM32F0xx_HAL_Driver/Src/stm32f0xx_hal.o
                0x0000000020000a84                uwTick
 COMMON         0x0000000020000a88        0x9 /opt/st/stm32cubeide_1.7.0/plugins/com.st.stm32cube.ide.mcu.externaltools.gnu-tools-for-stm32.9-2020-q2-update.linux64_2.0.0.202105311346/tools/bin/../lib/gcc/arm-none-eabi/9.3.1/../../../../arm-none-eabi/lib/thumb/v6-m/nofp/libc_nano.a(lib_a-lock.o)
                0x0000000020000a88                __lock___atexit_recursive_mutex
                0x0000000020000a89                __lock___arc4random_mutex
                0x0000000020000a8a                __lock___env_recursive_mutex
                0x0000000020000a8b                __lock___sinit_recursive_mutex
                0x0000000020000a8c                __lock___malloc_recursive_mutex
                0x0000000020000a8d                __lock___at_quick_exit_mutex
                0x0000000020000a8e                __lock___dd_hash_mutex
                0x0000000020000a8f                __lock___tz_mutex
                0x0000000020000a90                __lock___sfp_recursive_mutex
 *fill*         0x0000000020000a91        0x3 
 COMMON         0x0000000020000a94        0x4 /opt/st/stm32cubeide_1.7.0/plugins/com.st.stm32cube.ide.mcu.externaltools.gnu-tools-for-stm32.9-2020-q2-update.linux64_2.0.0.202105311346/tools/bin/../lib/gcc/arm-none-eabi/9.3.1/../../../../arm-none-eabi/lib/thumb/v6-m/nofp/libc_nano.a(lib_a-reent.o)
                0x0000000020000a94                errno
                0x0000000020000a98                . = ALIGN (0x4)
                0x0000000020000a98                _ebss = .
                0x0000000020000a98                __bss_end__ = _ebss

._user_heap_stack
                0x0000000020000a98      0x600 load address 0x00000000080035ac
                0x0000000020000a98                . = ALIGN (0x8)
                [!provide]                        PROVIDE (end = .)
                0x0000000020000a98                PROVIDE (_end = .)
                0x0000000020000c98                . = (. + _Min_Heap_Size)
 *fill*         0x0000000020000a98      0x200 
                0x0000000020001098                . = (. + _Min_Stack_Size)
 *fill*         0x0000000020000c98      0x400 
                0x0000000020001098                . = ALIGN (0x8)

/DISCARD/
 libc.a(*)
 libm.a(*)
 libgcc.a(*)

.ARM.attributes
                0x0000000000000000       0x28
 *(.ARM.attributes)
 .ARM.attributes
                0x0000000000000000       0x1e /opt/st/stm32cubeide_1.7.0/plugins/com.st.stm32cube.ide.mcu.externaltools.gnu-tools-for-stm32.9-2020-q2-update.linux64_2.0.0.202105311346/tools/bin/../lib/gcc/arm-none-eabi/9.3.1/thumb/v6-m/nofp/crti.o
 .ARM.attributes
                0x000000000000001e       0x2c /opt/st/stm32cubeide_1.7.0/plugins/com.st.stm32cube.ide.mcu.externaltools.gnu-tools-for-stm32.9-2020-q2-update.linux64_2.0.0.202105311346/tools/bin/../lib/gcc/arm-none-eabi/9.3.1/thumb/v6-m/nofp/crtbegin.o
 .ARM.attributes
                0x000000000000004a       0x28 ./Core/Src/circular_buffer_no_modulo_threadsafe.o
 .ARM.attributes
                0x0000000000000072       0x28 ./Core/Src/main.o
 .ARM.attributes
                0x000000000000009a       0x28 ./Core/Src/stm32f0xx_hal_msp.o
 .ARM.attributes
                0x00000000000000c2       0x28 ./Core/Src/stm32f0xx_it.o
 .ARM.attributes
                0x00000000000000ea       0x28 ./Core/Src/syscalls.o
 .ARM.attributes
                0x0000000000000112       0x28 ./Core/Src/sysmem.o
 .ARM.attributes
                0x000000000000013a       0x28 ./Core/Src/system_stm32f0xx.o
 .ARM.attributes
                0x0000000000000162       0x28 ./Core/Src/utility.o
 .ARM.attributes
                0x000000000000018a       0x21 ./Core/Startup/startup_stm32f070f6px.o
 .ARM.attributes
                0x00000000000001ab       0x28 ./Drivers/STM32F0xx_HAL_Driver/Src/stm32f0xx_hal.o
 .ARM.attributes
                0x00000000000001d3       0x28 ./Drivers/STM32F0xx_HAL_Driver/Src/stm32f0xx_hal_cortex.o
 .ARM.attributes
                0x00000000000001fb       0x28 ./Drivers/STM32F0xx_HAL_Driver/Src/stm32f0xx_hal_dma.o
 .ARM.attributes
                0x0000000000000223       0x28 ./Drivers/STM32F0xx_HAL_Driver/Src/stm32f0xx_hal_gpio.o
 .ARM.attributes
                0x000000000000024b       0x28 ./Drivers/STM32F0xx_HAL_Driver/Src/stm32f0xx_hal_rcc.o
 .ARM.attributes
                0x0000000000000273       0x28 ./Drivers/STM32F0xx_HAL_Driver/Src/stm32f0xx_hal_rcc_ex.o
 .ARM.attributes
                0x000000000000029b       0x28 ./Drivers/STM32F0xx_HAL_Driver/Src/stm32f0xx_hal_spi.o
 .ARM.attributes
                0x00000000000002c3       0x28 ./Drivers/STM32F0xx_HAL_Driver/Src/stm32f0xx_hal_tim.o
 .ARM.attributes
                0x00000000000002eb       0x28 ./Drivers/STM32F0xx_HAL_Driver/Src/stm32f0xx_hal_tim_ex.o
 .ARM.attributes
                0x0000000000000313       0x28 ./Drivers/STM32F0xx_HAL_Driver/Src/stm32f0xx_hal_uart.o
 .ARM.attributes
                0x000000000000033b       0x2c /opt/st/stm32cubeide_1.7.0/plugins/com.st.stm32cube.ide.mcu.externaltools.gnu-tools-for-stm32.9-2020-q2-update.linux64_2.0.0.202105311346/tools/bin/../lib/gcc/arm-none-eabi/9.3.1/../../../../arm-none-eabi/lib/thumb/v6-m/nofp/libc_nano.a(lib_a-assert.o)
 .ARM.attributes
                0x0000000000000367       0x2c /opt/st/stm32cubeide_1.7.0/plugins/com.st.stm32cube.ide.mcu.externaltools.gnu-tools-for-stm32.9-2020-q2-update.linux64_2.0.0.202105311346/tools/bin/../lib/gcc/arm-none-eabi/9.3.1/../../../../arm-none-eabi/lib/thumb/v6-m/nofp/libc_nano.a(lib_a-errno.o)
 .ARM.attributes
                0x0000000000000393       0x2c /opt/st/stm32cubeide_1.7.0/plugins/com.st.stm32cube.ide.mcu.externaltools.gnu-tools-for-stm32.9-2020-q2-update.linux64_2.0.0.202105311346/tools/bin/../lib/gcc/arm-none-eabi/9.3.1/../../../../arm-none-eabi/lib/thumb/v6-m/nofp/libc_nano.a(lib_a-fprintf.o)
 .ARM.attributes
                0x00000000000003bf       0x2c /opt/st/stm32cubeide_1.7.0/plugins/com.st.stm32cube.ide.mcu.externaltools.gnu-tools-for-stm32.9-2020-q2-update.linux64_2.0.0.202105311346/tools/bin/../lib/gcc/arm-none-eabi/9.3.1/../../../../arm-none-eabi/lib/thumb/v6-m/nofp/libc_nano.a(lib_a-impure.o)
 .ARM.attributes
                0x00000000000003eb       0x2c /opt/st/stm32cubeide_1.7.0/plugins/com.st.stm32cube.ide.mcu.externaltools.gnu-tools-for-stm32.9-2020-q2-update.linux64_2.0.0.202105311346/tools/bin/../lib/gcc/arm-none-eabi/9.3.1/../../../../arm-none-eabi/lib/thumb/v6-m/nofp/libc_nano.a(lib_a-init.o)
 .ARM.attributes
                0x0000000000000417       0x2c /opt/st/stm32cubeide_1.7.0/plugins/com.st.stm32cube.ide.mcu.externaltools.gnu-tools-for-stm32.9-2020-q2-update.linux64_2.0.0.202105311346/tools/bin/../lib/gcc/arm-none-eabi/9.3.1/../../../../arm-none-eabi/lib/thumb/v6-m/nofp/libc_nano.a(lib_a-malloc.o)
 .ARM.attributes
                0x0000000000000443       0x2c /opt/st/stm32cubeide_1.7.0/plugins/com.st.stm32cube.ide.mcu.externaltools.gnu-tools-for-stm32.9-2020-q2-update.linux64_2.0.0.202105311346/tools/bin/../lib/gcc/arm-none-eabi/9.3.1/../../../../arm-none-eabi/lib/thumb/v6-m/nofp/libc_nano.a(lib_a-memset.o)
 .ARM.attributes
                0x000000000000046f       0x2c /opt/st/stm32cubeide_1.7.0/plugins/com.st.stm32cube.ide.mcu.externaltools.gnu-tools-for-stm32.9-2020-q2-update.linux64_2.0.0.202105311346/tools/bin/../lib/gcc/arm-none-eabi/9.3.1/../../../../arm-none-eabi/lib/thumb/v6-m/nofp/libc_nano.a(lib_a-nano-freer.o)
 .ARM.attributes
                0x000000000000049b       0x2c /opt/st/stm32cubeide_1.7.0/plugins/com.st.stm32cube.ide.mcu.externaltools.gnu-tools-for-stm32.9-2020-q2-update.linux64_2.0.0.202105311346/tools/bin/../lib/gcc/arm-none-eabi/9.3.1/../../../../arm-none-eabi/lib/thumb/v6-m/nofp/libc_nano.a(lib_a-nano-mallocr.o)
 .ARM.attributes
                0x00000000000004c7       0x2c /opt/st/stm32cubeide_1.7.0/plugins/com.st.stm32cube.ide.mcu.externaltools.gnu-tools-for-stm32.9-2020-q2-update.linux64_2.0.0.202105311346/tools/bin/../lib/gcc/arm-none-eabi/9.3.1/../../../../arm-none-eabi/lib/thumb/v6-m/nofp/libc_nano.a(lib_a-nano-vfprintf.o)
 .ARM.attributes
                0x00000000000004f3       0x2c /opt/st/stm32cubeide_1.7.0/plugins/com.st.stm32cube.ide.mcu.externaltools.gnu-tools-for-stm32.9-2020-q2-update.linux64_2.0.0.202105311346/tools/bin/../lib/gcc/arm-none-eabi/9.3.1/../../../../arm-none-eabi/lib/thumb/v6-m/nofp/libc_nano.a(lib_a-nano-vfprintf_i.o)
 .ARM.attributes
                0x000000000000051f       0x2c /opt/st/stm32cubeide_1.7.0/plugins/com.st.stm32cube.ide.mcu.externaltools.gnu-tools-for-stm32.9-2020-q2-update.linux64_2.0.0.202105311346/tools/bin/../lib/gcc/arm-none-eabi/9.3.1/../../../../arm-none-eabi/lib/thumb/v6-m/nofp/libc_nano.a(lib_a-sbrkr.o)
 .ARM.attributes
                0x000000000000054b       0x2c /opt/st/stm32cubeide_1.7.0/plugins/com.st.stm32cube.ide.mcu.externaltools.gnu-tools-for-stm32.9-2020-q2-update.linux64_2.0.0.202105311346/tools/bin/../lib/gcc/arm-none-eabi/9.3.1/../../../../arm-none-eabi/lib/thumb/v6-m/nofp/libc_nano.a(lib_a-wbuf.o)
 .ARM.attributes
                0x0000000000000577       0x2c /opt/st/stm32cubeide_1.7.0/plugins/com.st.stm32cube.ide.mcu.externaltools.gnu-tools-for-stm32.9-2020-q2-update.linux64_2.0.0.202105311346/tools/bin/../lib/gcc/arm-none-eabi/9.3.1/../../../../arm-none-eabi/lib/thumb/v6-m/nofp/libc_nano.a(lib_a-wsetup.o)
 .ARM.attributes
                0x00000000000005a3       0x2c /opt/st/stm32cubeide_1.7.0/plugins/com.st.stm32cube.ide.mcu.externaltools.gnu-tools-for-stm32.9-2020-q2-update.linux64_2.0.0.202105311346/tools/bin/../lib/gcc/arm-none-eabi/9.3.1/../../../../arm-none-eabi/lib/thumb/v6-m/nofp/libc_nano.a(lib_a-abort.o)
 .ARM.attributes
                0x00000000000005cf       0x2c /opt/st/stm32cubeide_1.7.0/plugins/com.st.stm32cube.ide.mcu.externaltools.gnu-tools-for-stm32.9-2020-q2-update.linux64_2.0.0.202105311346/tools/bin/../lib/gcc/arm-none-eabi/9.3.1/../../../../arm-none-eabi/lib/thumb/v6-m/nofp/libc_nano.a(lib_a-fflush.o)
 .ARM.attributes
                0x00000000000005fb       0x2c /opt/st/stm32cubeide_1.7.0/plugins/com.st.stm32cube.ide.mcu.externaltools.gnu-tools-for-stm32.9-2020-q2-update.linux64_2.0.0.202105311346/tools/bin/../lib/gcc/arm-none-eabi/9.3.1/../../../../arm-none-eabi/lib/thumb/v6-m/nofp/libc_nano.a(lib_a-findfp.o)
 .ARM.attributes
                0x0000000000000627       0x2c /opt/st/stm32cubeide_1.7.0/plugins/com.st.stm32cube.ide.mcu.externaltools.gnu-tools-for-stm32.9-2020-q2-update.linux64_2.0.0.202105311346/tools/bin/../lib/gcc/arm-none-eabi/9.3.1/../../../../arm-none-eabi/lib/thumb/v6-m/nofp/libc_nano.a(lib_a-fwalk.o)
 .ARM.attributes
                0x0000000000000653       0x2c /opt/st/stm32cubeide_1.7.0/plugins/com.st.stm32cube.ide.mcu.externaltools.gnu-tools-for-stm32.9-2020-q2-update.linux64_2.0.0.202105311346/tools/bin/../lib/gcc/arm-none-eabi/9.3.1/../../../../arm-none-eabi/lib/thumb/v6-m/nofp/libc_nano.a(lib_a-lock.o)
 .ARM.attributes
                0x000000000000067f       0x2c /opt/st/stm32cubeide_1.7.0/plugins/com.st.stm32cube.ide.mcu.externaltools.gnu-tools-for-stm32.9-2020-q2-update.linux64_2.0.0.202105311346/tools/bin/../lib/gcc/arm-none-eabi/9.3.1/../../../../arm-none-eabi/lib/thumb/v6-m/nofp/libc_nano.a(lib_a-makebuf.o)
 .ARM.attributes
                0x00000000000006ab       0x2c /opt/st/stm32cubeide_1.7.0/plugins/com.st.stm32cube.ide.mcu.externaltools.gnu-tools-for-stm32.9-2020-q2-update.linux64_2.0.0.202105311346/tools/bin/../lib/gcc/arm-none-eabi/9.3.1/../../../../arm-none-eabi/lib/thumb/v6-m/nofp/libc_nano.a(lib_a-memchr-stub.o)
 .ARM.attributes
                0x00000000000006d7       0x2c /opt/st/stm32cubeide_1.7.0/plugins/com.st.stm32cube.ide.mcu.externaltools.gnu-tools-for-stm32.9-2020-q2-update.linux64_2.0.0.202105311346/tools/bin/../lib/gcc/arm-none-eabi/9.3.1/../../../../arm-none-eabi/lib/thumb/v6-m/nofp/libc_nano.a(lib_a-mlock.o)
 .ARM.attributes
                0x0000000000000703       0x2c /opt/st/stm32cubeide_1.7.0/plugins/com.st.stm32cube.ide.mcu.externaltools.gnu-tools-for-stm32.9-2020-q2-update.linux64_2.0.0.202105311346/tools/bin/../lib/gcc/arm-none-eabi/9.3.1/../../../../arm-none-eabi/lib/thumb/v6-m/nofp/libc_nano.a(lib_a-reent.o)
 .ARM.attributes
                0x000000000000072f       0x2c /opt/st/stm32cubeide_1.7.0/plugins/com.st.stm32cube.ide.mcu.externaltools.gnu-tools-for-stm32.9-2020-q2-update.linux64_2.0.0.202105311346/tools/bin/../lib/gcc/arm-none-eabi/9.3.1/../../../../arm-none-eabi/lib/thumb/v6-m/nofp/libc_nano.a(lib_a-signal.o)
 .ARM.attributes
                0x000000000000075b       0x2c /opt/st/stm32cubeide_1.7.0/plugins/com.st.stm32cube.ide.mcu.externaltools.gnu-tools-for-stm32.9-2020-q2-update.linux64_2.0.0.202105311346/tools/bin/../lib/gcc/arm-none-eabi/9.3.1/../../../../arm-none-eabi/lib/thumb/v6-m/nofp/libc_nano.a(lib_a-signalr.o)
 .ARM.attributes
                0x0000000000000787       0x2c /opt/st/stm32cubeide_1.7.0/plugins/com.st.stm32cube.ide.mcu.externaltools.gnu-tools-for-stm32.9-2020-q2-update.linux64_2.0.0.202105311346/tools/bin/../lib/gcc/arm-none-eabi/9.3.1/../../../../arm-none-eabi/lib/thumb/v6-m/nofp/libc_nano.a(lib_a-stdio.o)
 .ARM.attributes
                0x00000000000007b3       0x2c /opt/st/stm32cubeide_1.7.0/plugins/com.st.stm32cube.ide.mcu.externaltools.gnu-tools-for-stm32.9-2020-q2-update.linux64_2.0.0.202105311346/tools/bin/../lib/gcc/arm-none-eabi/9.3.1/../../../../arm-none-eabi/lib/thumb/v6-m/nofp/libc_nano.a(lib_a-writer.o)
 .ARM.attributes
                0x00000000000007df       0x2c /opt/st/stm32cubeide_1.7.0/plugins/com.st.stm32cube.ide.mcu.externaltools.gnu-tools-for-stm32.9-2020-q2-update.linux64_2.0.0.202105311346/tools/bin/../lib/gcc/arm-none-eabi/9.3.1/../../../../arm-none-eabi/lib/thumb/v6-m/nofp/libc_nano.a(lib_a-closer.o)
 .ARM.attributes
                0x000000000000080b       0x2c /opt/st/stm32cubeide_1.7.0/plugins/com.st.stm32cube.ide.mcu.externaltools.gnu-tools-for-stm32.9-2020-q2-update.linux64_2.0.0.202105311346/tools/bin/../lib/gcc/arm-none-eabi/9.3.1/../../../../arm-none-eabi/lib/thumb/v6-m/nofp/libc_nano.a(lib_a-fstatr.o)
 .ARM.attributes
                0x0000000000000837       0x2c /opt/st/stm32cubeide_1.7.0/plugins/com.st.stm32cube.ide.mcu.externaltools.gnu-tools-for-stm32.9-2020-q2-update.linux64_2.0.0.202105311346/tools/bin/../lib/gcc/arm-none-eabi/9.3.1/../../../../arm-none-eabi/lib/thumb/v6-m/nofp/libc_nano.a(lib_a-isattyr.o)
 .ARM.attributes
                0x0000000000000863       0x2c /opt/st/stm32cubeide_1.7.0/plugins/com.st.stm32cube.ide.mcu.externaltools.gnu-tools-for-stm32.9-2020-q2-update.linux64_2.0.0.202105311346/tools/bin/../lib/gcc/arm-none-eabi/9.3.1/../../../../arm-none-eabi/lib/thumb/v6-m/nofp/libc_nano.a(lib_a-lseekr.o)
 .ARM.attributes
                0x000000000000088f       0x2c /opt/st/stm32cubeide_1.7.0/plugins/com.st.stm32cube.ide.mcu.externaltools.gnu-tools-for-stm32.9-2020-q2-update.linux64_2.0.0.202105311346/tools/bin/../lib/gcc/arm-none-eabi/9.3.1/../../../../arm-none-eabi/lib/thumb/v6-m/nofp/libc_nano.a(lib_a-readr.o)
 .ARM.attributes
                0x00000000000008bb       0x1e /opt/st/stm32cubeide_1.7.0/plugins/com.st.stm32cube.ide.mcu.externaltools.gnu-tools-for-stm32.9-2020-q2-update.linux64_2.0.0.202105311346/tools/bin/../lib/gcc/arm-none-eabi/9.3.1/thumb/v6-m/nofp/libgcc.a(_thumb1_case_shi.o)
 .ARM.attributes
                0x00000000000008d9       0x1e /opt/st/stm32cubeide_1.7.0/plugins/com.st.stm32cube.ide.mcu.externaltools.gnu-tools-for-stm32.9-2020-q2-update.linux64_2.0.0.202105311346/tools/bin/../lib/gcc/arm-none-eabi/9.3.1/thumb/v6-m/nofp/libgcc.a(_udivsi3.o)
 .ARM.attributes
                0x00000000000008f7       0x1e /opt/st/stm32cubeide_1.7.0/plugins/com.st.stm32cube.ide.mcu.externaltools.gnu-tools-for-stm32.9-2020-q2-update.linux64_2.0.0.202105311346/tools/bin/../lib/gcc/arm-none-eabi/9.3.1/thumb/v6-m/nofp/libgcc.a(_dvmd_tls.o)
 .ARM.attributes
                0x0000000000000915       0x1e /opt/st/stm32cubeide_1.7.0/plugins/com.st.stm32cube.ide.mcu.externaltools.gnu-tools-for-stm32.9-2020-q2-update.linux64_2.0.0.202105311346/tools/bin/../lib/gcc/arm-none-eabi/9.3.1/thumb/v6-m/nofp/crtn.o
OUTPUT(STM32F070F6_DIGITIZER2.elf elf32-littlearm)
LOAD linker stubs
LOAD /opt/st/stm32cubeide_1.7.0/plugins/com.st.stm32cube.ide.mcu.externaltools.gnu-tools-for-stm32.9-2020-q2-update.linux64_2.0.0.202105311346/tools/bin/../lib/gcc/arm-none-eabi/9.3.1/../../../../arm-none-eabi/lib/thumb/v6-m/nofp/libc.a
LOAD /opt/st/stm32cubeide_1.7.0/plugins/com.st.stm32cube.ide.mcu.externaltools.gnu-tools-for-stm32.9-2020-q2-update.linux64_2.0.0.202105311346/tools/bin/../lib/gcc/arm-none-eabi/9.3.1/../../../../arm-none-eabi/lib/thumb/v6-m/nofp/libm.a
LOAD /opt/st/stm32cubeide_1.7.0/plugins/com.st.stm32cube.ide.mcu.externaltools.gnu-tools-for-stm32.9-2020-q2-update.linux64_2.0.0.202105311346/tools/bin/../lib/gcc/arm-none-eabi/9.3.1/thumb/v6-m/nofp/libgcc.a

.debug_info     0x0000000000000000    0x1bd58
 .debug_info    0x0000000000000000     0x1199 ./Core/Src/circular_buffer_no_modulo_threadsafe.o
 .debug_info    0x0000000000001199     0x1f79 ./Core/Src/main.o
 .debug_info    0x0000000000003112     0x12a0 ./Core/Src/stm32f0xx_hal_msp.o
 .debug_info    0x00000000000043b2     0x17f6 ./Core/Src/stm32f0xx_it.o
 .debug_info    0x0000000000005ba8     0x10dc ./Core/Src/syscalls.o
 .debug_info    0x0000000000006c84      0xa4e ./Core/Src/sysmem.o
 .debug_info    0x00000000000076d2      0x2d7 ./Core/Src/system_stm32f0xx.o
 .debug_info    0x00000000000079a9     0x1379 ./Core/Src/utility.o
 .debug_info    0x0000000000008d22       0x22 ./Core/Startup/startup_stm32f070f6px.o
 .debug_info    0x0000000000008d44      0x7a0 ./Drivers/STM32F0xx_HAL_Driver/Src/stm32f0xx_hal.o
 .debug_info    0x00000000000094e4      0x955 ./Drivers/STM32F0xx_HAL_Driver/Src/stm32f0xx_hal_cortex.o
 .debug_info    0x0000000000009e39      0x9ad ./Drivers/STM32F0xx_HAL_Driver/Src/stm32f0xx_hal_dma.o
 .debug_info    0x000000000000a7e6      0x716 ./Drivers/STM32F0xx_HAL_Driver/Src/stm32f0xx_hal_gpio.o
 .debug_info    0x000000000000aefc      0xb44 ./Drivers/STM32F0xx_HAL_Driver/Src/stm32f0xx_hal_rcc.o
 .debug_info    0x000000000000ba40      0x4cd ./Drivers/STM32F0xx_HAL_Driver/Src/stm32f0xx_hal_rcc_ex.o
 .debug_info    0x000000000000bf0d     0x2c73 ./Drivers/STM32F0xx_HAL_Driver/Src/stm32f0xx_hal_spi.o
 .debug_info    0x000000000000eb80     0x4ee3 ./Drivers/STM32F0xx_HAL_Driver/Src/stm32f0xx_hal_tim.o
 .debug_info    0x0000000000013a63     0x1bf0 ./Drivers/STM32F0xx_HAL_Driver/Src/stm32f0xx_hal_tim_ex.o
 .debug_info    0x0000000000015653     0x6705 ./Drivers/STM32F0xx_HAL_Driver/Src/stm32f0xx_hal_uart.o

.debug_abbrev   0x0000000000000000     0x32ea
 .debug_abbrev  0x0000000000000000      0x346 ./Core/Src/circular_buffer_no_modulo_threadsafe.o
 .debug_abbrev  0x0000000000000346      0x392 ./Core/Src/main.o
 .debug_abbrev  0x00000000000006d8      0x208 ./Core/Src/stm32f0xx_hal_msp.o
 .debug_abbrev  0x00000000000008e0      0x2b5 ./Core/Src/stm32f0xx_it.o
 .debug_abbrev  0x0000000000000b95      0x2ed ./Core/Src/syscalls.o
 .debug_abbrev  0x0000000000000e82      0x1f4 ./Core/Src/sysmem.o
 .debug_abbrev  0x0000000000001076      0x14b ./Core/Src/system_stm32f0xx.o
 .debug_abbrev  0x00000000000011c1      0x317 ./Core/Src/utility.o
 .debug_abbrev  0x00000000000014d8       0x12 ./Core/Startup/startup_stm32f070f6px.o
 .debug_abbrev  0x00000000000014ea      0x2af ./Drivers/STM32F0xx_HAL_Driver/Src/stm32f0xx_hal.o
 .debug_abbrev  0x0000000000001799      0x2ab ./Drivers/STM32F0xx_HAL_Driver/Src/stm32f0xx_hal_cortex.o
 .debug_abbrev  0x0000000000001a44      0x256 ./Drivers/STM32F0xx_HAL_Driver/Src/stm32f0xx_hal_dma.o
 .debug_abbrev  0x0000000000001c9a      0x228 ./Drivers/STM32F0xx_HAL_Driver/Src/stm32f0xx_hal_gpio.o
 .debug_abbrev  0x0000000000001ec2      0x2fd ./Drivers/STM32F0xx_HAL_Driver/Src/stm32f0xx_hal_rcc.o
 .debug_abbrev  0x00000000000021bf      0x1e8 ./Drivers/STM32F0xx_HAL_Driver/Src/stm32f0xx_hal_rcc_ex.o
 .debug_abbrev  0x00000000000023a7      0x3ca ./Drivers/STM32F0xx_HAL_Driver/Src/stm32f0xx_hal_spi.o
 .debug_abbrev  0x0000000000002771      0x3bb ./Drivers/STM32F0xx_HAL_Driver/Src/stm32f0xx_hal_tim.o
 .debug_abbrev  0x0000000000002b2c      0x3a2 ./Drivers/STM32F0xx_HAL_Driver/Src/stm32f0xx_hal_tim_ex.o
 .debug_abbrev  0x0000000000002ece      0x41c ./Drivers/STM32F0xx_HAL_Driver/Src/stm32f0xx_hal_uart.o

.debug_loc      0x0000000000000000    0x149aa
 .debug_loc     0x0000000000000000      0x5d8 ./Core/Src/circular_buffer_no_modulo_threadsafe.o
 .debug_loc     0x00000000000005d8       0x49 ./Core/Src/main.o
 .debug_loc     0x0000000000000621      0x186 ./Core/Src/stm32f0xx_hal_msp.o
 .debug_loc     0x00000000000007a7      0x105 ./Core/Src/stm32f0xx_it.o
 .debug_loc     0x00000000000008ac      0x463 ./Core/Src/syscalls.o
 .debug_loc     0x0000000000000d0f       0x8a ./Core/Src/sysmem.o
 .debug_loc     0x0000000000000d99      0x107 ./Core/Src/system_stm32f0xx.o
 .debug_loc     0x0000000000000ea0      0x32c ./Core/Src/utility.o
 .debug_loc     0x00000000000011cc      0x135 ./Drivers/STM32F0xx_HAL_Driver/Src/stm32f0xx_hal.o
 .debug_loc     0x0000000000001301      0x482 ./Drivers/STM32F0xx_HAL_Driver/Src/stm32f0xx_hal_cortex.o
 .debug_loc     0x0000000000001783      0xa48 ./Drivers/STM32F0xx_HAL_Driver/Src/stm32f0xx_hal_dma.o
 .debug_loc     0x00000000000021cb      0x4b9 ./Drivers/STM32F0xx_HAL_Driver/Src/stm32f0xx_hal_gpio.o
 .debug_loc     0x0000000000002684      0x7b9 ./Drivers/STM32F0xx_HAL_Driver/Src/stm32f0xx_hal_rcc.o
 .debug_loc     0x0000000000002e3d      0x41d ./Drivers/STM32F0xx_HAL_Driver/Src/stm32f0xx_hal_rcc_ex.o
 .debug_loc     0x000000000000325a     0x36bc ./Drivers/STM32F0xx_HAL_Driver/Src/stm32f0xx_hal_spi.o
 .debug_loc     0x0000000000006916     0x7b2f ./Drivers/STM32F0xx_HAL_Driver/Src/stm32f0xx_hal_tim.o
 .debug_loc     0x000000000000e445     0x19b0 ./Drivers/STM32F0xx_HAL_Driver/Src/stm32f0xx_hal_tim_ex.o
 .debug_loc     0x000000000000fdf5     0x4bb5 ./Drivers/STM32F0xx_HAL_Driver/Src/stm32f0xx_hal_uart.o

.debug_aranges  0x0000000000000000      0xc20
 .debug_aranges
                0x0000000000000000       0x70 ./Core/Src/circular_buffer_no_modulo_threadsafe.o
 .debug_aranges
                0x0000000000000070       0x30 ./Core/Src/main.o
 .debug_aranges
                0x00000000000000a0       0x50 ./Core/Src/stm32f0xx_hal_msp.o
 .debug_aranges
                0x00000000000000f0       0x48 ./Core/Src/stm32f0xx_it.o
 .debug_aranges
                0x0000000000000138       0xa8 ./Core/Src/syscalls.o
 .debug_aranges
                0x00000000000001e0       0x20 ./Core/Src/sysmem.o
 .debug_aranges
                0x0000000000000200       0x28 ./Core/Src/system_stm32f0xx.o
 .debug_aranges
                0x0000000000000228       0x48 ./Core/Src/utility.o
 .debug_aranges
                0x0000000000000270       0x28 ./Core/Startup/startup_stm32f070f6px.o
 .debug_aranges
                0x0000000000000298       0xc8 ./Drivers/STM32F0xx_HAL_Driver/Src/stm32f0xx_hal.o
 .debug_aranges
                0x0000000000000360       0x78 ./Drivers/STM32F0xx_HAL_Driver/Src/stm32f0xx_hal_cortex.o
 .debug_aranges
                0x00000000000003d8       0x78 ./Drivers/STM32F0xx_HAL_Driver/Src/stm32f0xx_hal_dma.o
 .debug_aranges
                0x0000000000000450       0x58 ./Drivers/STM32F0xx_HAL_Driver/Src/stm32f0xx_hal_gpio.o
 .debug_aranges
                0x00000000000004a8       0x80 ./Drivers/STM32F0xx_HAL_Driver/Src/stm32f0xx_hal_rcc.o
 .debug_aranges
                0x0000000000000528       0x30 ./Drivers/STM32F0xx_HAL_Driver/Src/stm32f0xx_hal_rcc_ex.o
 .debug_aranges
                0x0000000000000558      0x180 ./Drivers/STM32F0xx_HAL_Driver/Src/stm32f0xx_hal_spi.o
 .debug_aranges
                0x00000000000006d8      0x278 ./Drivers/STM32F0xx_HAL_Driver/Src/stm32f0xx_hal_tim.o
 .debug_aranges
                0x0000000000000950      0x110 ./Drivers/STM32F0xx_HAL_Driver/Src/stm32f0xx_hal_tim_ex.o
 .debug_aranges
                0x0000000000000a60      0x1c0 ./Drivers/STM32F0xx_HAL_Driver/Src/stm32f0xx_hal_uart.o

.debug_ranges   0x0000000000000000     0x21f0
 .debug_ranges  0x0000000000000000      0x128 ./Core/Src/circular_buffer_no_modulo_threadsafe.o
 .debug_ranges  0x0000000000000128      0x188 ./Core/Src/main.o
 .debug_ranges  0x00000000000002b0      0x138 ./Core/Src/stm32f0xx_hal_msp.o
 .debug_ranges  0x00000000000003e8       0x50 ./Core/Src/stm32f0xx_it.o
 .debug_ranges  0x0000000000000438       0xb0 ./Core/Src/syscalls.o
 .debug_ranges  0x00000000000004e8       0x10 ./Core/Src/sysmem.o
 .debug_ranges  0x00000000000004f8       0x18 ./Core/Src/system_stm32f0xx.o
 .debug_ranges  0x0000000000000510      0x120 ./Core/Src/utility.o
 .debug_ranges  0x0000000000000630       0x20 ./Core/Startup/startup_stm32f070f6px.o
 .debug_ranges  0x0000000000000650       0xb8 ./Drivers/STM32F0xx_HAL_Driver/Src/stm32f0xx_hal.o
 .debug_ranges  0x0000000000000708      0x100 ./Drivers/STM32F0xx_HAL_Driver/Src/stm32f0xx_hal_cortex.o
 .debug_ranges  0x0000000000000808      0x118 ./Drivers/STM32F0xx_HAL_Driver/Src/stm32f0xx_hal_dma.o
 .debug_ranges  0x0000000000000920       0x70 ./Drivers/STM32F0xx_HAL_Driver/Src/stm32f0xx_hal_gpio.o
 .debug_ranges  0x0000000000000990       0xf8 ./Drivers/STM32F0xx_HAL_Driver/Src/stm32f0xx_hal_rcc.o
 .debug_ranges  0x0000000000000a88       0x58 ./Drivers/STM32F0xx_HAL_Driver/Src/stm32f0xx_hal_rcc_ex.o
 .debug_ranges  0x0000000000000ae0      0x580 ./Drivers/STM32F0xx_HAL_Driver/Src/stm32f0xx_hal_spi.o
 .debug_ranges  0x0000000000001060      0xa50 ./Drivers/STM32F0xx_HAL_Driver/Src/stm32f0xx_hal_tim.o
 .debug_ranges  0x0000000000001ab0      0x1e0 ./Drivers/STM32F0xx_HAL_Driver/Src/stm32f0xx_hal_tim_ex.o
 .debug_ranges  0x0000000000001c90      0x560 ./Drivers/STM32F0xx_HAL_Driver/Src/stm32f0xx_hal_uart.o

.debug_macro    0x0000000000000000    0x1278b
 .debug_macro   0x0000000000000000      0x14e ./Core/Src/circular_buffer_no_modulo_threadsafe.o
 .debug_macro   0x000000000000014e      0xa8a ./Core/Src/circular_buffer_no_modulo_threadsafe.o
 .debug_macro   0x0000000000000bd8       0x18 ./Core/Src/circular_buffer_no_modulo_threadsafe.o
 .debug_macro   0x0000000000000bf0       0x22 ./Core/Src/circular_buffer_no_modulo_threadsafe.o
 .debug_macro   0x0000000000000c12       0x4c ./Core/Src/circular_buffer_no_modulo_threadsafe.o
 .debug_macro   0x0000000000000c5e       0x94 ./Core/Src/circular_buffer_no_modulo_threadsafe.o
 .debug_macro   0x0000000000000cf2       0x3c ./Core/Src/circular_buffer_no_modulo_threadsafe.o
 .debug_macro   0x0000000000000d2e       0x34 ./Core/Src/circular_buffer_no_modulo_threadsafe.o
 .debug_macro   0x0000000000000d62       0x16 ./Core/Src/circular_buffer_no_modulo_threadsafe.o
 .debug_macro   0x0000000000000d78      0x10e ./Core/Src/circular_buffer_no_modulo_threadsafe.o
 .debug_macro   0x0000000000000e86       0x8d ./Core/Src/circular_buffer_no_modulo_threadsafe.o
 .debug_macro   0x0000000000000f13       0x16 ./Core/Src/circular_buffer_no_modulo_threadsafe.o
 .debug_macro   0x0000000000000f29       0x43 ./Core/Src/circular_buffer_no_modulo_threadsafe.o
 .debug_macro   0x0000000000000f6c       0x57 ./Core/Src/circular_buffer_no_modulo_threadsafe.o
 .debug_macro   0x0000000000000fc3       0x34 ./Core/Src/circular_buffer_no_modulo_threadsafe.o
 .debug_macro   0x0000000000000ff7       0x10 ./Core/Src/circular_buffer_no_modulo_threadsafe.o
 .debug_macro   0x0000000000001007       0x58 ./Core/Src/circular_buffer_no_modulo_threadsafe.o
 .debug_macro   0x000000000000105f       0x71 ./Core/Src/circular_buffer_no_modulo_threadsafe.o
 .debug_macro   0x00000000000010d0       0x1c ./Core/Src/circular_buffer_no_modulo_threadsafe.o
 .debug_macro   0x00000000000010ec      0x12a ./Core/Src/circular_buffer_no_modulo_threadsafe.o
 .debug_macro   0x0000000000001216      0x339 ./Core/Src/circular_buffer_no_modulo_threadsafe.o
 .debug_macro   0x000000000000154f       0x16 ./Core/Src/circular_buffer_no_modulo_threadsafe.o
 .debug_macro   0x0000000000001565       0x29 ./Core/Src/circular_buffer_no_modulo_threadsafe.o
 .debug_macro   0x000000000000158e      0x103 ./Core/Src/circular_buffer_no_modulo_threadsafe.o
 .debug_macro   0x0000000000001691       0x6a ./Core/Src/circular_buffer_no_modulo_threadsafe.o
 .debug_macro   0x00000000000016fb      0x1df ./Core/Src/circular_buffer_no_modulo_threadsafe.o
 .debug_macro   0x00000000000018da       0x16 ./Core/Src/circular_buffer_no_modulo_threadsafe.o
 .debug_macro   0x00000000000018f0       0x22 ./Core/Src/circular_buffer_no_modulo_threadsafe.o
 .debug_macro   0x0000000000001912      0x31d ./Core/Src/main.o
 .debug_macro   0x0000000000001c2f      0x139 ./Core/Src/main.o
 .debug_macro   0x0000000000001d68       0x2e ./Core/Src/main.o
 .debug_macro   0x0000000000001d96       0x22 ./Core/Src/main.o
 .debug_macro   0x0000000000001db8       0x8e ./Core/Src/main.o
 .debug_macro   0x0000000000001e46       0x51 ./Core/Src/main.o
 .debug_macro   0x0000000000001e97       0x1c ./Core/Src/main.o
 .debug_macro   0x0000000000001eb3       0x22 ./Core/Src/main.o
 .debug_macro   0x0000000000001ed5       0xb5 ./Core/Src/main.o
 .debug_macro   0x0000000000001f8a      0x391 ./Core/Src/main.o
 .debug_macro   0x000000000000231b     0x729d ./Core/Src/main.o
 .debug_macro   0x00000000000095b8       0x66 ./Core/Src/main.o
 .debug_macro   0x000000000000961e     0x34a6 ./Core/Src/main.o
 .debug_macro   0x000000000000cac4      0x174 ./Core/Src/main.o
 .debug_macro   0x000000000000cc38       0x55 ./Core/Src/main.o
 .debug_macro   0x000000000000cc8d      0x924 ./Core/Src/main.o
 .debug_macro   0x000000000000d5b1      0x19b ./Core/Src/main.o
 .debug_macro   0x000000000000d74c      0x1af ./Core/Src/main.o
 .debug_macro   0x000000000000d8fb       0xea ./Core/Src/main.o
 .debug_macro   0x000000000000d9e5      0x1a0 ./Core/Src/main.o
 .debug_macro   0x000000000000db85      0x1ed ./Core/Src/main.o
 .debug_macro   0x000000000000dd72       0x34 ./Core/Src/main.o
 .debug_macro   0x000000000000dda6       0x43 ./Core/Src/main.o
 .debug_macro   0x000000000000dde9       0x28 ./Core/Src/main.o
 .debug_macro   0x000000000000de11       0xb0 ./Core/Src/main.o
 .debug_macro   0x000000000000dec1      0x15a ./Core/Src/main.o
 .debug_macro   0x000000000000e01b      0x22c ./Core/Src/main.o
 .debug_macro   0x000000000000e247       0x61 ./Core/Src/main.o
 .debug_macro   0x000000000000e2a8       0xa5 ./Core/Src/main.o
 .debug_macro   0x000000000000e34d       0x4c ./Core/Src/main.o
 .debug_macro   0x000000000000e399       0x32 ./Core/Src/main.o
 .debug_macro   0x000000000000e3cb      0x2fe ./Core/Src/main.o
 .debug_macro   0x000000000000e6c9      0x8d8 ./Core/Src/main.o
 .debug_macro   0x000000000000efa1       0x28 ./Core/Src/main.o
 .debug_macro   0x000000000000efc9      0x55f ./Core/Src/main.o
 .debug_macro   0x000000000000f528       0x44 ./Core/Src/main.o
 .debug_macro   0x000000000000f56c      0x10b ./Core/Src/main.o
 .debug_macro   0x000000000000f677       0x4c ./Core/Src/main.o
 .debug_macro   0x000000000000f6c3       0x52 ./Core/Src/main.o
 .debug_macro   0x000000000000f715       0x35 ./Core/Src/main.o
 .debug_macro   0x000000000000f74a      0x333 ./Core/Src/main.o
 .debug_macro   0x000000000000fa7d       0x16 ./Core/Src/main.o
 .debug_macro   0x000000000000fa93       0x20 ./Core/Src/main.o
 .debug_macro   0x000000000000fab3      0x1e6 ./Core/Src/stm32f0xx_hal_msp.o
 .debug_macro   0x000000000000fc99      0x2e3 ./Core/Src/stm32f0xx_it.o
 .debug_macro   0x000000000000ff7c      0x24c ./Core/Src/syscalls.o
 .debug_macro   0x00000000000101c8       0x10 ./Core/Src/syscalls.o
 .debug_macro   0x00000000000101d8       0x10 ./Core/Src/syscalls.o
 .debug_macro   0x00000000000101e8       0x10 ./Core/Src/syscalls.o
 .debug_macro   0x00000000000101f8       0x10 ./Core/Src/syscalls.o
 .debug_macro   0x0000000000010208       0x1c ./Core/Src/syscalls.o
 .debug_macro   0x0000000000010224       0x52 ./Core/Src/syscalls.o
 .debug_macro   0x0000000000010276       0x22 ./Core/Src/syscalls.o
 .debug_macro   0x0000000000010298       0x10 ./Core/Src/syscalls.o
 .debug_macro   0x00000000000102a8       0x40 ./Core/Src/syscalls.o
 .debug_macro   0x00000000000102e8       0xd5 ./Core/Src/syscalls.o
 .debug_macro   0x00000000000103bd       0x1c ./Core/Src/syscalls.o
 .debug_macro   0x00000000000103d9       0x3d ./Core/Src/syscalls.o
 .debug_macro   0x0000000000010416       0x35 ./Core/Src/syscalls.o
 .debug_macro   0x000000000001044b      0x12c ./Core/Src/syscalls.o
 .debug_macro   0x0000000000010577       0x10 ./Core/Src/syscalls.o
 .debug_macro   0x0000000000010587      0x241 ./Core/Src/syscalls.o
 .debug_macro   0x00000000000107c8       0x1c ./Core/Src/syscalls.o
 .debug_macro   0x00000000000107e4       0x10 ./Core/Src/syscalls.o
 .debug_macro   0x00000000000107f4       0x10 ./Core/Src/syscalls.o
 .debug_macro   0x0000000000010804       0x16 ./Core/Src/syscalls.o
 .debug_macro   0x000000000001081a      0x145 ./Core/Src/syscalls.o
 .debug_macro   0x000000000001095f      0x189 ./Core/Src/syscalls.o
 .debug_macro   0x0000000000010ae8       0x16 ./Core/Src/syscalls.o
 .debug_macro   0x0000000000010afe       0xce ./Core/Src/syscalls.o
 .debug_macro   0x0000000000010bcc       0xff ./Core/Src/sysmem.o
 .debug_macro   0x0000000000010ccb      0x23b ./Core/Src/sysmem.o
 .debug_macro   0x0000000000010f06      0x1d7 ./Core/Src/system_stm32f0xx.o
 .debug_macro   0x00000000000110dd      0x2e7 ./Core/Src/utility.o
 .debug_macro   0x00000000000113c4       0xaf ./Core/Src/utility.o
 .debug_macro   0x0000000000011473       0x4f ./Core/Src/utility.o
 .debug_macro   0x00000000000114c2      0x1fb ./Drivers/STM32F0xx_HAL_Driver/Src/stm32f0xx_hal.o
 .debug_macro   0x00000000000116bd      0x1d7 ./Drivers/STM32F0xx_HAL_Driver/Src/stm32f0xx_hal_cortex.o
 .debug_macro   0x0000000000011894      0x1d7 ./Drivers/STM32F0xx_HAL_Driver/Src/stm32f0xx_hal_dma.o
 .debug_macro   0x0000000000011a6b      0x1de ./Drivers/STM32F0xx_HAL_Driver/Src/stm32f0xx_hal_gpio.o
 .debug_macro   0x0000000000011c49      0x1e9 ./Drivers/STM32F0xx_HAL_Driver/Src/stm32f0xx_hal_rcc.o
 .debug_macro   0x0000000000011e32      0x1d7 ./Drivers/STM32F0xx_HAL_Driver/Src/stm32f0xx_hal_rcc_ex.o
 .debug_macro   0x0000000000012009      0x1df ./Drivers/STM32F0xx_HAL_Driver/Src/stm32f0xx_hal_spi.o
 .debug_macro   0x00000000000121e8      0x1d8 ./Drivers/STM32F0xx_HAL_Driver/Src/stm32f0xx_hal_tim.o
 .debug_macro   0x00000000000123c0      0x1d7 ./Drivers/STM32F0xx_HAL_Driver/Src/stm32f0xx_hal_tim_ex.o
 .debug_macro   0x0000000000012597      0x1f4 ./Drivers/STM32F0xx_HAL_Driver/Src/stm32f0xx_hal_uart.o

.debug_line     0x0000000000000000    0x1ab2c
 .debug_line    0x0000000000000000      0x97f ./Core/Src/circular_buffer_no_modulo_threadsafe.o
 .debug_line    0x000000000000097f      0xcc9 ./Core/Src/main.o
 .debug_line    0x0000000000001648      0x8e2 ./Core/Src/stm32f0xx_hal_msp.o
 .debug_line    0x0000000000001f2a      0xa50 ./Core/Src/stm32f0xx_it.o
 .debug_line    0x000000000000297a      0x8a9 ./Core/Src/syscalls.o
 .debug_line    0x0000000000003223      0x508 ./Core/Src/sysmem.o
 .debug_line    0x000000000000372b      0x787 ./Core/Src/system_stm32f0xx.o
 .debug_line    0x0000000000003eb2      0xb8f ./Core/Src/utility.o
 .debug_line    0x0000000000004a41       0x9b ./Core/Startup/startup_stm32f070f6px.o
 .debug_line    0x0000000000004adc      0xa64 ./Drivers/STM32F0xx_HAL_Driver/Src/stm32f0xx_hal.o
 .debug_line    0x0000000000005540      0xaaa ./Drivers/STM32F0xx_HAL_Driver/Src/stm32f0xx_hal_cortex.o
 .debug_line    0x0000000000005fea     0x104e ./Drivers/STM32F0xx_HAL_Driver/Src/stm32f0xx_hal_dma.o
 .debug_line    0x0000000000007038      0xc0d ./Drivers/STM32F0xx_HAL_Driver/Src/stm32f0xx_hal_gpio.o
 .debug_line    0x0000000000007c45     0x12d4 ./Drivers/STM32F0xx_HAL_Driver/Src/stm32f0xx_hal_rcc.o
 .debug_line    0x0000000000008f19      0xa8d ./Drivers/STM32F0xx_HAL_Driver/Src/stm32f0xx_hal_rcc_ex.o
 .debug_line    0x00000000000099a6     0x3b99 ./Drivers/STM32F0xx_HAL_Driver/Src/stm32f0xx_hal_spi.o
 .debug_line    0x000000000000d53f     0x634f ./Drivers/STM32F0xx_HAL_Driver/Src/stm32f0xx_hal_tim.o
 .debug_line    0x000000000001388e     0x1ccd ./Drivers/STM32F0xx_HAL_Driver/Src/stm32f0xx_hal_tim_ex.o
 .debug_line    0x000000000001555b     0x55d1 ./Drivers/STM32F0xx_HAL_Driver/Src/stm32f0xx_hal_uart.o

.debug_str      0x0000000000000000    0x6a232
 .debug_str     0x0000000000000000     0x712d ./Core/Src/circular_buffer_no_modulo_threadsafe.o
                                       0x73e9 (size before relaxing)
 .debug_str     0x000000000000712d    0x5dad8 ./Core/Src/main.o
                                      0x64f31 (size before relaxing)
 .debug_str     0x0000000000064c05      0x210 ./Core/Src/stm32f0xx_hal_msp.o
                                      0x61a5e (size before relaxing)
 .debug_str     0x0000000000064e15      0x110 ./Core/Src/stm32f0xx_it.o
                                      0x64b7b (size before relaxing)
 .debug_str     0x0000000000064f25     0x25b0 ./Core/Src/syscalls.o
                                       0x8e59 (size before relaxing)
 .debug_str     0x00000000000674d5       0x6b ./Core/Src/sysmem.o
                                       0x6212 (size before relaxing)
 .debug_str     0x0000000000067540       0x5f ./Core/Src/system_stm32f0xx.o
                                      0x60e50 (size before relaxing)
 .debug_str     0x000000000006759f      0x12a ./Core/Src/utility.o
                                      0x646fd (size before relaxing)
 .debug_str     0x00000000000676c9       0x36 ./Core/Startup/startup_stm32f070f6px.o
                                         0xa6 (size before relaxing)
 .debug_str     0x00000000000676ff      0x306 ./Drivers/STM32F0xx_HAL_Driver/Src/stm32f0xx_hal.o
                                      0x61364 (size before relaxing)
 .debug_str     0x0000000000067a05      0x1a1 ./Drivers/STM32F0xx_HAL_Driver/Src/stm32f0xx_hal_cortex.o
                                      0x611f0 (size before relaxing)
 .debug_str     0x0000000000067ba6      0x248 ./Drivers/STM32F0xx_HAL_Driver/Src/stm32f0xx_hal_dma.o
                                      0x61234 (size before relaxing)
 .debug_str     0x0000000000067dee      0x121 ./Drivers/STM32F0xx_HAL_Driver/Src/stm32f0xx_hal_gpio.o
                                      0x6102f (size before relaxing)
 .debug_str     0x0000000000067f0f      0x21a ./Drivers/STM32F0xx_HAL_Driver/Src/stm32f0xx_hal_rcc.o
                                      0x61281 (size before relaxing)
 .debug_str     0x0000000000068129       0x97 ./Drivers/STM32F0xx_HAL_Driver/Src/stm32f0xx_hal_rcc_ex.o
                                      0x60ff6 (size before relaxing)
 .debug_str     0x00000000000681c0      0x56a ./Drivers/STM32F0xx_HAL_Driver/Src/stm32f0xx_hal_spi.o
                                      0x617d6 (size before relaxing)
 .debug_str     0x000000000006872a      0xe10 ./Drivers/STM32F0xx_HAL_Driver/Src/stm32f0xx_hal_tim.o
                                      0x6225e (size before relaxing)
 .debug_str     0x000000000006953a      0x520 ./Drivers/STM32F0xx_HAL_Driver/Src/stm32f0xx_hal_tim_ex.o