Archive member included to satisfy reference by file (symbol)

/opt/st/stm32cubeide_1.7.0/plugins/com.st.stm32cube.ide.mcu.externaltools.gnu-tools-for-stm32.9-2020-q2-update.linux64_2.0.0.202105311346/tools/bin/../lib/gcc/arm-none-eabi/9.3.1/../../../../arm-none-eabi/lib/thumb/v6-m/nofp/libc_nano.a(lib_a-assert.o)
                              ./Core/Src/circular_buffer_no_modulo_threadsafe.o (__assert_func)
/opt/st/stm32cubeide_1.7.0/plugins/com.st.stm32cube.ide.mcu.externaltools.gnu-tools-for-stm32.9-2020-q2-update.linux64_2.0.0.202105311346/tools/bin/../lib/gcc/arm-none-eabi/9.3.1/../../../../arm-none-eabi/lib/thumb/v6-m/nofp/libc_nano.a(lib_a-errno.o)
                              ./Core/Src/syscalls.o (__errno)
/opt/st/stm32cubeide_1.7.0/plugins/com.st.stm32cube.ide.mcu.externaltools.gnu-tools-for-stm32.9-2020-q2-update.linux64_2.0.0.202105311346/tools/bin/../lib/gcc/arm-none-eabi/9.3.1/../../../../arm-none-eabi/lib/thumb/v6-m/nofp/libc_nano.a(lib_a-exit.o)
                              /opt/st/stm32cubeide_1.7.0/plugins/com.st.stm32cube.ide.mcu.externaltools.gnu-tools-for-stm32.9-2020-q2-update.linux64_2.0.0.202105311346/tools/bin/../lib/gcc/arm-none-eabi/9.3.1/../../../../arm-none-eabi/lib/thumb/v6-m/nofp/crt0.o (exit)
/opt/st/stm32cubeide_1.7.0/plugins/com.st.stm32cube.ide.mcu.externaltools.gnu-tools-for-stm32.9-2020-q2-update.linux64_2.0.0.202105311346/tools/bin/../lib/gcc/arm-none-eabi/9.3.1/../../../../arm-none-eabi/lib/thumb/v6-m/nofp/libc_nano.a(lib_a-fprintf.o)
                              /opt/st/stm32cubeide_1.7.0/plugins/com.st.stm32cube.ide.mcu.externaltools.gnu-tools-for-stm32.9-2020-q2-update.linux64_2.0.0.202105311346/tools/bin/../lib/gcc/arm-none-eabi/9.3.1/../../../../arm-none-eabi/lib/thumb/v6-m/nofp/libc_nano.a(lib_a-assert.o) (fiprintf)
/opt/st/stm32cubeide_1.7.0/plugins/com.st.stm32cube.ide.mcu.externaltools.gnu-tools-for-stm32.9-2020-q2-update.linux64_2.0.0.202105311346/tools/bin/../lib/gcc/arm-none-eabi/9.3.1/../../../../arm-none-eabi/lib/thumb/v6-m/nofp/libc_nano.a(lib_a-impure.o)
                              /opt/st/stm32cubeide_1.7.0/plugins/com.st.stm32cube.ide.mcu.externaltools.gnu-tools-for-stm32.9-2020-q2-update.linux64_2.0.0.202105311346/tools/bin/../lib/gcc/arm-none-eabi/9.3.1/../../../../arm-none-eabi/lib/thumb/v6-m/nofp/libc_nano.a(lib_a-exit.o) (_global_impure_ptr)
/opt/st/stm32cubeide_1.7.0/plugins/com.st.stm32cube.ide.mcu.externaltools.gnu-tools-for-stm32.9-2020-q2-update.linux64_2.0.0.202105311346/tools/bin/../lib/gcc/arm-none-eabi/9.3.1/../../../../arm-none-eabi/lib/thumb/v6-m/nofp/libc_nano.a(lib_a-init.o)
                              /opt/st/stm32cubeide_1.7.0/plugins/com.st.stm32cube.ide.mcu.externaltools.gnu-tools-for-stm32.9-2020-q2-update.linux64_2.0.0.202105311346/tools/bin/../lib/gcc/arm-none-eabi/9.3.1/../../../../arm-none-eabi/lib/thumb/v6-m/nofp/crt0.o (__libc_init_array)
/opt/st/stm32cubeide_1.7.0/plugins/com.st.stm32cube.ide.mcu.externaltools.gnu-tools-for-stm32.9-2020-q2-update.linux64_2.0.0.202105311346/tools/bin/../lib/gcc/arm-none-eabi/9.3.1/../../../../arm-none-eabi/lib/thumb/v6-m/nofp/libc_nano.a(lib_a-malloc.o)
                              ./Core/Src/circular_buffer_no_modulo_threadsafe.o (malloc)
/opt/st/stm32cubeide_1.7.0/plugins/com.st.stm32cube.ide.mcu.externaltools.gnu-tools-for-stm32.9-2020-q2-update.linux64_2.0.0.202105311346/tools/bin/../lib/gcc/arm-none-eabi/9.3.1/../../../../arm-none-eabi/lib/thumb/v6-m/nofp/libc_nano.a(lib_a-memset.o)
                              /opt/st/stm32cubeide_1.7.0/plugins/com.st.stm32cube.ide.mcu.externaltools.gnu-tools-for-stm32.9-2020-q2-update.linux64_2.0.0.202105311346/tools/bin/../lib/gcc/arm-none-eabi/9.3.1/../../../../arm-none-eabi/lib/thumb/v6-m/nofp/crt0.o (memset)
/opt/st/stm32cubeide_1.7.0/plugins/com.st.stm32cube.ide.mcu.externaltools.gnu-tools-for-stm32.9-2020-q2-update.linux64_2.0.0.202105311346/tools/bin/../lib/gcc/arm-none-eabi/9.3.1/../../../../arm-none-eabi/lib/thumb/v6-m/nofp/libc_nano.a(lib_a-nano-freer.o)
                              /opt/st/stm32cubeide_1.7.0/plugins/com.st.stm32cube.ide.mcu.externaltools.gnu-tools-for-stm32.9-2020-q2-update.linux64_2.0.0.202105311346/tools/bin/../lib/gcc/arm-none-eabi/9.3.1/../../../../arm-none-eabi/lib/thumb/v6-m/nofp/libc_nano.a(lib_a-malloc.o) (_free_r)
/opt/st/stm32cubeide_1.7.0/plugins/com.st.stm32cube.ide.mcu.externaltools.gnu-tools-for-stm32.9-2020-q2-update.linux64_2.0.0.202105311346/tools/bin/../lib/gcc/arm-none-eabi/9.3.1/../../../../arm-none-eabi/lib/thumb/v6-m/nofp/libc_nano.a(lib_a-nano-mallocr.o)
                              /opt/st/stm32cubeide_1.7.0/plugins/com.st.stm32cube.ide.mcu.externaltools.gnu-tools-for-stm32.9-2020-q2-update.linux64_2.0.0.202105311346/tools/bin/../lib/gcc/arm-none-eabi/9.3.1/../../../../arm-none-eabi/lib/thumb/v6-m/nofp/libc_nano.a(lib_a-malloc.o) (_malloc_r)
[...]
Memory Configuration

Name             Origin             Length             Attributes
RAM              0x0000000020000000 0x0000000000001800 xrw
FLASH            0x0000000008000000 0x0000000000008000 xr
*default*        0x0000000000000000 0xffffffffffffffff

Linker script and memory map

LOAD /opt/st/stm32cubeide_1.7.0/plugins/com.st.stm32cube.ide.mcu.externaltools.gnu-tools-for-stm32.9-2020-q2-update.linux64_2.0.0.202105311346/tools/bin/../lib/gcc/arm-none-eabi/9.3.1/thumb/v6-m/nofp/crti.o
LOAD /opt/st/stm32cubeide_1.7.0/plugins/com.st.stm32cube.ide.mcu.externaltools.gnu-tools-for-stm32.9-2020-q2-update.linux64_2.0.0.202105311346/tools/bin/../lib/gcc/arm-none-eabi/9.3.1/thumb/v6-m/nofp/crtbegin.o
LOAD /opt/st/stm32cubeide_1.7.0/plugins/com.st.stm32cube.ide.mcu.externaltools.gnu-tools-for-stm32.9-2020-q2-update.linux64_2.0.0.202105311346/tools/bin/../lib/gcc/arm-none-eabi/9.3.1/../../../../arm-none-eabi/lib/thumb/v6-m/nofp/crt0.o
LOAD ./Core/Src/circular_buffer_no_modulo_threadsafe.o
LOAD ./Core/Src/main.o
LOAD ./Core/Src/stm32f0xx_hal_msp.o
LOAD ./Core/Src/stm32f0xx_it.o
LOAD ./Core/Src/syscalls.o
LOAD ./Core/Src/sysmem.o
LOAD ./Core/Src/system_stm32f0xx.o
LOAD ./Core/Src/utility.o
LOAD ./Core/Startup/startup_stm32f070f6px.o
LOAD ./Drivers/STM32F0xx_HAL_Driver/Src/stm32f0xx_hal.o
LOAD ./Drivers/STM32F0xx_HAL_Driver/Src/stm32f0xx_hal_cortex.o
LOAD ./Drivers/STM32F0xx_HAL_Driver/Src/stm32f0xx_hal_dma.o
LOAD ./Drivers/STM32F0xx_HAL_Driver/Src/stm32f0xx_hal_exti.o
LOAD ./Drivers/STM32F0xx_HAL_Driver/Src/stm32f0xx_hal_flash.o
LOAD ./Drivers/STM32F0xx_HAL_Driver/Src/stm32f0xx_hal_flash_ex.o
LOAD ./Drivers/STM32F0xx_HAL_Driver/Src/stm32f0xx_hal_gpio.o
LOAD ./Drivers/STM32F0xx_HAL_Driver/Src/stm32f0xx_hal_i2c.o
LOAD ./Drivers/STM32F0xx_HAL_Driver/Src/stm32f0xx_hal_i2c_ex.o
LOAD ./Drivers/STM32F0xx_HAL_Driver/Src/stm32f0xx_hal_pwr.o
LOAD ./Drivers/STM32F0xx_HAL_Driver/Src/stm32f0xx_hal_pwr_ex.o
LOAD ./Drivers/STM32F0xx_HAL_Driver/Src/stm32f0xx_hal_rcc.o
LOAD ./Drivers/STM32F0xx_HAL_Driver/Src/stm32f0xx_hal_rcc_ex.o
LOAD ./Drivers/STM32F0xx_HAL_Driver/Src/stm32f0xx_hal_spi.o
LOAD ./Drivers/STM32F0xx_HAL_Driver/Src/stm32f0xx_hal_spi_ex.o
LOAD ./Drivers/STM32F0xx_HAL_Driver/Src/stm32f0xx_hal_tim.o
LOAD ./Drivers/STM32F0xx_HAL_Driver/Src/stm32f0xx_hal_tim_ex.o
LOAD ./Drivers/STM32F0xx_HAL_Driver/Src/stm32f0xx_hal_uart.o
LOAD ./Drivers/STM32F0xx_HAL_Driver/Src/stm32f0xx_hal_uart_ex.o
START GROUP
LOAD /opt/st/stm32cubeide_1.7.0/plugins/com.st.stm32cube.ide.mcu.externaltools.gnu-tools-for-stm32.9-2020-q2-update.linux64_2.0.0.202105311346/tools/bin/../lib/gcc/arm-none-eabi/9.3.1/../../../../arm-none-eabi/lib/thumb/v6-m/nofp/libc_nano.a
LOAD /opt/st/stm32cubeide_1.7.0/plugins/com.st.stm32cube.ide.mcu.externaltools.gnu-tools-for-stm32.9-2020-q2-update.linux64_2.0.0.202105311346/tools/bin/../lib/gcc/arm-none-eabi/9.3.1/../../../../arm-none-eabi/lib/thumb/v6-m/nofp/libm.a
END GROUP
START GROUP
LOAD /opt/st/stm32cubeide_1.7.0/plugins/com.st.stm32cube.ide.mcu.externaltools.gnu-tools-for-stm32.9-2020-q2-update.linux64_2.0.0.202105311346/tools/bin/../lib/gcc/arm-none-eabi/9.3.1/thumb/v6-m/nofp/libgcc.a
LOAD /opt/st/stm32cubeide_1.7.0/plugins/com.st.stm32cube.ide.mcu.externaltools.gnu-tools-for-stm32.9-2020-q2-update.linux64_2.0.0.202105311346/tools/bin/../lib/gcc/arm-none-eabi/9.3.1/../../../../arm-none-eabi/lib/thumb/v6-m/nofp/libc_nano.a
END GROUP
START GROUP
LOAD /opt/st/stm32cubeide_1.7.0/plugins/com.st.stm32cube.ide.mcu.externaltools.gnu-tools-for-stm32.9-2020-q2-update.linux64_2.0.0.202105311346/tools/bin/../lib/gcc/arm-none-eabi/9.3.1/thumb/v6-m/nofp/libgcc.a
LOAD /opt/st/stm32cubeide_1.7.0/plugins/com.st.stm32cube.ide.mcu.externaltools.gnu-tools-for-stm32.9-2020-q2-update.linux64_2.0.0.202105311346/tools/bin/../lib/gcc/arm-none-eabi/9.3.1/../../../../arm-none-eabi/lib/thumb/v6-m/nofp/libc_nano.a
LOAD /opt/st/stm32cubeide_1.7.0/plugins/com.st.stm32cube.ide.mcu.externaltools.gnu-tools-for-stm32.9-2020-q2-update.linux64_2.0.0.202105311346/tools/bin/../lib/gcc/arm-none-eabi/9.3.1/../../../../arm-none-eabi/lib/thumb/v6-m/nofp/libnosys.a
END GROUP
START GROUP
LOAD /opt/st/stm32cubeide_1.7.0/plugins/com.st.stm32cube.ide.mcu.externaltools.gnu-tools-for-stm32.9-2020-q2-update.linux64_2.0.0.202105311346/tools/bin/../lib/gcc/arm-none-eabi/9.3.1/thumb/v6-m/nofp/libgcc.a
LOAD /opt/st/stm32cubeide_1.7.0/plugins/com.st.stm32cube.ide.mcu.externaltools.gnu-tools-for-stm32.9-2020-q2-update.linux64_2.0.0.202105311346/tools/bin/../lib/gcc/arm-none-eabi/9.3.1/../../../../arm-none-eabi/lib/thumb/v6-m/nofp/libc_nano.a
LOAD /opt/st/stm32cubeide_1.7.0/plugins/com.st.stm32cube.ide.mcu.externaltools.gnu-tools-for-stm32.9-2020-q2-update.linux64_2.0.0.202105311346/tools/bin/../lib/gcc/arm-none-eabi/9.3.1/../../../../arm-none-eabi/lib/thumb/v6-m/nofp/libnosys.a
END GROUP
LOAD /opt/st/stm32cubeide_1.7.0/plugins/com.st.stm32cube.ide.mcu.externaltools.gnu-tools-for-stm32.9-2020-q2-update.linux64_2.0.0.202105311346/tools/bin/../lib/gcc/arm-none-eabi/9.3.1/thumb/v6-m/nofp/crtend.o
LOAD /opt/st/stm32cubeide_1.7.0/plugins/com.st.stm32cube.ide.mcu.externaltools.gnu-tools-for-stm32.9-2020-q2-update.linux64_2.0.0.202105311346/tools/bin/../lib/gcc/arm-none-eabi/9.3.1/thumb/v6-m/nofp/crtn.o
                0x0000000020001800                _estack = (ORIGIN (RAM) + LENGTH (RAM))
                0x0000000000000200                _Min_Heap_Size = 0x200
                0x0000000000000400                _Min_Stack_Size = 0x400

.isr_vector     0x0000000008000000       0xc0
                0x0000000008000000                . = ALIGN (0x4)
 *(.isr_vector)
 .isr_vector    0x0000000008000000       0xc0 ./Core/Startup/startup_stm32f070f6px.o
                0x0000000008000000                g_pfnVectors
                0x00000000080000c0                . = ALIGN (0x4)

.text           0x00000000080000c0     0x36f0
                0x00000000080000c0                . = ALIGN (0x4)
 *(.text)
 .text          0x00000000080000c0       0x48 /opt/st/stm32cubeide_1.7.0/plugins/com.st.stm32cube.ide.mcu.externaltools.gnu-tools-for-stm32.9-2020-q2-update.linux64_2.0.0.202105311346/tools/bin/../lib/gcc/arm-none-eabi/9.3.1/thumb/v6-m/nofp/crtbegin.o
 .text          0x0000000008000108       0x14 /opt/st/stm32cubeide_1.7.0/plugins/com.st.stm32cube.ide.mcu.externaltools.gnu-tools-for-stm32.9-2020-q2-update.linux64_2.0.0.202105311346/tools/bin/../lib/gcc/arm-none-eabi/9.3.1/thumb/v6-m/nofp/libgcc.a(_thumb1_case_shi.o)
                0x0000000008000108                __gnu_thumb1_case_shi
 .text          0x000000000800011c      0x114 /opt/st/stm32cubeide_1.7.0/plugins/com.st.stm32cube.ide.mcu.externaltools.gnu-tools-for-stm32.9-2020-q2-update.linux64_2.0.0.202105311346/tools/bin/../lib/gcc/arm-none-eabi/9.3.1/thumb/v6-m/nofp/libgcc.a(_udivsi3.o)
                0x000000000800011c                __udivsi3
                0x000000000800011c                __aeabi_uidiv
                0x0000000008000228                __aeabi_uidivmod
 .text          0x0000000008000230        0x4 /opt/st/stm32cubeide_1.7.0/plugins/com.st.stm32cube.ide.mcu.externaltools.gnu-tools-for-stm32.9-2020-q2-update.linux64_2.0.0.202105311346/tools/bin/../lib/gcc/arm-none-eabi/9.3.1/thumb/v6-m/nofp/libgcc.a(_dvmd_tls.o)
                0x0000000008000230                __aeabi_ldiv0
                0x0000000008000230                __aeabi_idiv0
 *(.text*)
 .text.circular_buf_init
                0x0000000008000234       0x4c ./Core/Src/circular_buffer_no_modulo_threadsafe.o
                0x0000000008000234                circular_buf_init
 .text.circular_buf_size
                0x0000000008000280       0x44 ./Core/Src/circular_buffer_no_modulo_threadsafe.o
                0x0000000008000280                circular_buf_size
 .text.circular_buf_put
                0x00000000080002c4       0x64 ./Core/Src/circular_buffer_no_modulo_threadsafe.o
                0x00000000080002c4                circular_buf_put
 .text.circular_buf_get
                0x0000000008000328       0x50 ./Core/Src/circular_buffer_no_modulo_threadsafe.o
                0x0000000008000328                circular_buf_get
 .text.SystemClock_Config
                0x0000000008000378       0x84 ./Core/Src/main.o
                0x0000000008000378                SystemClock_Config
 .text.startup.main
                0x00000000080003fc      0x19c ./Core/Src/main.o
                0x00000000080003fc                main
 .text.HAL_MspInit
                0x0000000008000598       0x30 ./Core/Src/stm32f0xx_hal_msp.o
                0x0000000008000598                HAL_MspInit
 .text.HAL_SPI_MspInit
                0x00000000080005c8       0x6c ./Core/Src/stm32f0xx_hal_msp.o
                0x00000000080005c8                HAL_SPI_MspInit
 .text.HAL_TIM_Base_MspInit
                0x0000000008000634       0x40 ./Core/Src/stm32f0xx_hal_msp.o
                0x0000000008000634                HAL_TIM_Base_MspInit
 .text.HAL_UART_MspInit
                0x0000000008000674       0x7c ./Core/Src/stm32f0xx_hal_msp.o
                0x0000000008000674                HAL_UART_MspInit
 .text.NMI_Handler
                0x00000000080006f0        0x4 ./Core/Src/stm32f0xx_it.o
                0x00000000080006f0                NMI_Handler
 .text.HardFault_Handler
                0x00000000080006f4        0x4 ./Core/Src/stm32f0xx_it.o
                0x00000000080006f4                HardFault_Handler
 .text.SVC_Handler
                0x00000000080006f8        0x4 ./Core/Src/stm32f0xx_it.o
                0x00000000080006f8                SVC_Handler
 .text.PendSV_Handler
                0x00000000080006fc        0x4 ./Core/Src/stm32f0xx_it.o
                0x00000000080006fc                PendSV_Handler
 .text.SysTick_Handler
                0x0000000008000700        0x8 ./Core/Src/stm32f0xx_it.o
                0x0000000008000700                SysTick_Handler
 .text.TIM14_IRQHandler
                0x0000000008000708       0x6c ./Core/Src/stm32f0xx_it.o
                0x0000000008000708                TIM14_IRQHandler
 .text.USART1_IRQHandler
                0x0000000008000774       0x10 ./Core/Src/stm32f0xx_it.o
                0x0000000008000774                USART1_IRQHandler
 .text._getpid  0x0000000008000784        0x4 ./Core/Src/syscalls.o
                0x0000000008000784                _getpid
 .text._kill    0x0000000008000788       0x10 ./Core/Src/syscalls.o
                0x0000000008000788                _kill
 .text._exit    0x0000000008000798        0xc ./Core/Src/syscalls.o
                0x0000000008000798                _exit
 .text._read    0x00000000080007a4       0x1c ./Core/Src/syscalls.o
                0x00000000080007a4                _read
 .text._write   0x00000000080007c0       0x1c ./Core/Src/syscalls.o
                0x00000000080007c0                _write
 .text._close   0x00000000080007dc        0x8 ./Core/Src/syscalls.o
                0x00000000080007dc                _close
 .text._fstat   0x00000000080007e4        0xc ./Core/Src/syscalls.o
                0x00000000080007e4                _fstat
 .text._isatty  0x00000000080007f0        0x4 ./Core/Src/syscalls.o
                0x00000000080007f0                _isatty
 .text._lseek   0x00000000080007f4        0x4 ./Core/Src/syscalls.o
                0x00000000080007f4                _lseek
 .text._sbrk    0x00000000080007f8       0x44 ./Core/Src/sysmem.o
                0x00000000080007f8                _sbrk
 .text.SystemInit
                0x000000000800083c        0x4 ./Core/Src/system_stm32f0xx.o
                0x000000000800083c                SystemInit
 .text.cobs_doing
                0x0000000008000840       0xf4 ./Core/Src/utility.o
                0x0000000008000840                cobs_doing
 .text.HAL_UART_TxCpltCallback
                0x0000000008000934        0x4 ./Core/Src/utility.o
                0x0000000008000934                HAL_UART_TxCpltCallback
 .text.Reset_Handler
                0x0000000008000938       0x80 ./Core/Startup/startup_stm32f070f6px.o
                0x0000000008000938                Reset_Handler
 .text.Default_Handler
                0x00000000080009b8        0x2 ./Core/Startup/startup_stm32f070f6px.o
                0x00000000080009b8                TIM1_CC_IRQHandler
                0x00000000080009b8                I2C1_IRQHandler
                0x00000000080009b8                SPI1_IRQHandler
                0x00000000080009b8                EXTI2_3_IRQHandler
                0x00000000080009b8                ADC1_IRQHandler
                0x00000000080009b8                TIM17_IRQHandler
                0x00000000080009b8                RTC_IRQHandler
                0x00000000080009b8                TIM16_IRQHandler
                0x00000000080009b8                TIM3_IRQHandler
                0x00000000080009b8                EXTI4_15_IRQHandler
                0x00000000080009b8                RCC_IRQHandler
                0x00000000080009b8                DMA1_Channel1_IRQHandler
                0x00000000080009b8                Default_Handler
                0x00000000080009b8                DMA1_Channel4_5_IRQHandler
                0x00000000080009b8                EXTI0_1_IRQHandler
                0x00000000080009b8                USB_IRQHandler
                0x00000000080009b8                WWDG_IRQHandler
                0x00000000080009b8                DMA1_Channel2_3_IRQHandler
                0x00000000080009b8                USART2_IRQHandler
                0x00000000080009b8                FLASH_IRQHandler
                0x00000000080009b8                TIM1_BRK_UP_TRG_COM_IRQHandler
 *fill*         0x00000000080009ba        0x2 
 .text.HAL_InitTick
                0x00000000080009bc       0x4c ./Drivers/STM32F0xx_HAL_Driver/Src/stm32f0xx_hal.o
                0x00000000080009bc                HAL_InitTick
 .text.HAL_Init
                0x0000000008000a08       0x20 ./Drivers/STM32F0xx_HAL_Driver/Src/stm32f0xx_hal.o
                0x0000000008000a08                HAL_Init
 .text.HAL_IncTick
                0x0000000008000a28       0x18 ./Drivers/STM32F0xx_HAL_Driver/Src/stm32f0xx_hal.o
                0x0000000008000a28                HAL_IncTick
 .text.HAL_GetTick
                0x0000000008000a40        0xc ./Drivers/STM32F0xx_HAL_Driver/Src/stm32f0xx_hal.o
                0x0000000008000a40                HAL_GetTick
 .text.HAL_NVIC_SetPriority
                0x0000000008000a4c       0x64 ./Drivers/STM32F0xx_HAL_Driver/Src/stm32f0xx_hal_cortex.o
                0x0000000008000a4c                HAL_NVIC_SetPriority
 .text.HAL_NVIC_EnableIRQ
                0x0000000008000ab0       0x18 ./Drivers/STM32F0xx_HAL_Driver/Src/stm32f0xx_hal_cortex.o
                0x0000000008000ab0                HAL_NVIC_EnableIRQ
 .text.HAL_SYSTICK_Config
                0x0000000008000ac8       0x34 ./Drivers/STM32F0xx_HAL_Driver/Src/stm32f0xx_hal_cortex.o
                0x0000000008000ac8                HAL_SYSTICK_Config
 .text.HAL_DMA_Abort
                0x0000000008000afc       0x40 ./Drivers/STM32F0xx_HAL_Driver/Src/stm32f0xx_hal_dma.o
                0x0000000008000afc                HAL_DMA_Abort
 .text.HAL_DMA_Abort_IT
                0x0000000008000b3c       0x48 ./Drivers/STM32F0xx_HAL_Driver/Src/stm32f0xx_hal_dma.o
                0x0000000008000b3c                HAL_DMA_Abort_IT
 .text.HAL_GPIO_Init
                0x0000000008000b84      0x1e8 ./Drivers/STM32F0xx_HAL_Driver/Src/stm32f0xx_hal_gpio.o
                0x0000000008000b84                HAL_GPIO_Init
 .text.HAL_GPIO_WritePin
                0x0000000008000d6c        0xc ./Drivers/STM32F0xx_HAL_Driver/Src/stm32f0xx_hal_gpio.o
                0x0000000008000d6c                HAL_GPIO_WritePin
 .text.HAL_RCC_OscConfig
                0x0000000008000d78      0x4cc ./Drivers/STM32F0xx_HAL_Driver/Src/stm32f0xx_hal_rcc.o
                0x0000000008000d78                HAL_RCC_OscConfig
 .text.HAL_RCC_ClockConfig
                0x0000000008001244      0x18c ./Drivers/STM32F0xx_HAL_Driver/Src/stm32f0xx_hal_rcc.o
                0x0000000008001244                HAL_RCC_ClockConfig
 .text.HAL_RCC_GetSysClockFreq
                0x00000000080013d0       0x80 ./Drivers/STM32F0xx_HAL_Driver/Src/stm32f0xx_hal_rcc.o
                0x00000000080013d0                HAL_RCC_GetSysClockFreq
 .text.HAL_RCC_GetPCLK1Freq
                0x0000000008001450       0x20 ./Drivers/STM32F0xx_HAL_Driver/Src/stm32f0xx_hal_rcc.o
                0x0000000008001450                HAL_RCC_GetPCLK1Freq
 .text.HAL_RCCEx_PeriphCLKConfig
                0x0000000008001470      0x140 ./Drivers/STM32F0xx_HAL_Driver/Src/stm32f0xx_hal_rcc_ex.o
                0x0000000008001470                HAL_RCCEx_PeriphCLKConfig
 .text.SPI_WaitFifoStateUntilTimeout.constprop.1
                0x00000000080015b0      0x114 ./Drivers/STM32F0xx_HAL_Driver/Src/stm32f0xx_hal_spi.o
 .text.SPI_EndRxTxTransaction
                0x00000000080016c4      0x150 ./Drivers/STM32F0xx_HAL_Driver/Src/stm32f0xx_hal_spi.o
 .text.HAL_SPI_Init
                0x0000000008001814      0x140 ./Drivers/STM32F0xx_HAL_Driver/Src/stm32f0xx_hal_spi.o
                0x0000000008001814                HAL_SPI_Init
 .text.HAL_SPI_TransmitReceive
                0x0000000008001954      0x2d4 ./Drivers/STM32F0xx_HAL_Driver/Src/stm32f0xx_hal_spi.o
                0x0000000008001954                HAL_SPI_TransmitReceive
 .text.HAL_TIM_Base_Init
                0x0000000008001c28       0xdc ./Drivers/STM32F0xx_HAL_Driver/Src/stm32f0xx_hal_tim.o
                0x0000000008001c28                HAL_TIM_Base_Init
 .text.HAL_TIM_Base_Start_IT
                0x0000000008001d04       0x50 ./Drivers/STM32F0xx_HAL_Driver/Src/stm32f0xx_hal_tim.o
                0x0000000008001d04                HAL_TIM_Base_Start_IT
 .text.HAL_TIM_PeriodElapsedCallback
                0x0000000008001d54        0x4 ./Drivers/STM32F0xx_HAL_Driver/Src/stm32f0xx_hal_tim.o
                0x0000000008001d54                HAL_TIM_PeriodElapsedCallback
 .text.HAL_TIM_OC_DelayElapsedCallback
                0x0000000008001d58        0x4 ./Drivers/STM32F0xx_HAL_Driver/Src/stm32f0xx_hal_tim.o
                0x0000000008001d58                HAL_TIM_OC_DelayElapsedCallback
 .text.HAL_TIM_IC_CaptureCallback
                0x0000000008001d5c        0x4 ./Drivers/STM32F0xx_HAL_Driver/Src/stm32f0xx_hal_tim.o
                0x0000000008001d5c                HAL_TIM_IC_CaptureCallback
 .text.HAL_TIM_PWM_PulseFinishedCallback
                0x0000000008001d60        0x4 ./Drivers/STM32F0xx_HAL_Driver/Src/stm32f0xx_hal_tim.o
                0x0000000008001d60                HAL_TIM_PWM_PulseFinishedCallback
 .text.HAL_TIM_TriggerCallback
                0x0000000008001d64        0x4 ./Drivers/STM32F0xx_HAL_Driver/Src/stm32f0xx_hal_tim.o
                0x0000000008001d64                HAL_TIM_TriggerCallback
 .text.HAL_TIM_IRQHandler
                0x0000000008001d68      0x158 ./Drivers/STM32F0xx_HAL_Driver/Src/stm32f0xx_hal_tim.o
                0x0000000008001d68                HAL_TIM_IRQHandler
 .text.HAL_TIMEx_CommutCallback
                0x0000000008001ec0        0x4 ./Drivers/STM32F0xx_HAL_Driver/Src/stm32f0xx_hal_tim_ex.o
                0x0000000008001ec0                HAL_TIMEx_CommutCallback
 .text.HAL_TIMEx_BreakCallback
                0x0000000008001ec4        0x4 ./Drivers/STM32F0xx_HAL_Driver/Src/stm32f0xx_hal_tim_ex.o
                0x0000000008001ec4                HAL_TIMEx_BreakCallback
 .text.UART_TxISR_16BIT
                0x0000000008001ec8       0x5c ./Drivers/STM32F0xx_HAL_Driver/Src/stm32f0xx_hal_uart.o
 .text.UART_TxISR_8BIT
                0x0000000008001f24       0x58 ./Drivers/STM32F0xx_HAL_Driver/Src/stm32f0xx_hal_uart.o
 .text.HAL_UART_Transmit_IT
                0x0000000008001f7c       0x9c ./Drivers/STM32F0xx_HAL_Driver/Src/stm32f0xx_hal_uart.o
                0x0000000008001f7c                HAL_UART_Transmit_IT
 .text.HAL_UART_ErrorCallback
                0x0000000008002018        0x4 ./Drivers/STM32F0xx_HAL_Driver/Src/stm32f0xx_hal_uart.o
                0x0000000008002018                HAL_UART_ErrorCallback
 .text.UART_DMAAbortOnError
                0x000000000800201c       0x14 ./Drivers/STM32F0xx_HAL_Driver/Src/stm32f0xx_hal_uart.o
 .text.HAL_UARTEx_RxEventCallback
                0x0000000008002030        0x4 ./Drivers/STM32F0xx_HAL_Driver/Src/stm32f0xx_hal_uart.o
                0x0000000008002030                HAL_UARTEx_RxEventCallback
 .text.HAL_UART_IRQHandler
                0x0000000008002034      0x314 ./Drivers/STM32F0xx_HAL_Driver/Src/stm32f0xx_hal_uart.o
                0x0000000008002034                HAL_UART_IRQHandler
 .text.UART_AdvFeatureConfig
                0x0000000008002348       0xd0 ./Drivers/STM32F0xx_HAL_Driver/Src/stm32f0xx_hal_uart.o
                0x0000000008002348                UART_AdvFeatureConfig
 .text.UART_WaitOnFlagUntilTimeout
                0x0000000008002418       0xf0 ./Drivers/STM32F0xx_HAL_Driver/Src/stm32f0xx_hal_uart.o
                0x0000000008002418                UART_WaitOnFlagUntilTimeout
 .text.HAL_UART_Init
                0x0000000008002508      0x210 ./Drivers/STM32F0xx_HAL_Driver/Src/stm32f0xx_hal_uart.o
                0x0000000008002508                HAL_UART_Init
 .text.__assert_func
                0x0000000008002718       0x3c /opt/st/stm32cubeide_1.7.0/plugins/com.st.stm32cube.ide.mcu.externaltools.gnu-tools-for-stm32.9-2020-q2-update.linux64_2.0.0.202105311346/tools/bin/../lib/gcc/arm-none-eabi/9.3.1/../../../../arm-none-eabi/lib/thumb/v6-m/nofp/libc_nano.a(lib_a-assert.o)
                0x0000000008002718                __assert_func
 .text.__errno  0x0000000008002754        0xc /opt/st/stm32cubeide_1.7.0/plugins/com.st.stm32cube.ide.mcu.externaltools.gnu-tools-for-stm32.9-2020-q2-update.linux64_2.0.0.202105311346/tools/bin/../lib/gcc/arm-none-eabi/9.3.1/../../../../arm-none-eabi/lib/thumb/v6-m/nofp/libc_nano.a(lib_a-errno.o)
                0x0000000008002754                __errno
 .text.fprintf  0x0000000008002760       0x20 /opt/st/stm32cubeide_1.7.0/plugins/com.st.stm32cube.ide.mcu.externaltools.gnu-tools-for-stm32.9-2020-q2-update.linux64_2.0.0.202105311346/tools/bin/../lib/gcc/arm-none-eabi/9.3.1/../../../../arm-none-eabi/lib/thumb/v6-m/nofp/libc_nano.a(lib_a-fprintf.o)
                0x0000000008002760                fprintf
                0x0000000008002760                fiprintf
 .text.__libc_init_array
                0x0000000008002780       0x48 /opt/st/stm32cubeide_1.7.0/plugins/com.st.stm32cube.ide.mcu.externaltools.gnu-tools-for-stm32.9-2020-q2-update.linux64_2.0.0.202105311346/tools/bin/../lib/gcc/arm-none-eabi/9.3.1/../../../../arm-none-eabi/lib/thumb/v6-m/nofp/libc_nano.a(lib_a-init.o)
                0x0000000008002780                __libc_init_array
 .text.malloc   0x00000000080027c8       0x14 /opt/st/stm32cubeide_1.7.0/plugins/com.st.stm32cube.ide.mcu.externaltools.gnu-tools-for-stm32.9-2020-q2-update.linux64_2.0.0.202105311346/tools/bin/../lib/gcc/arm-none-eabi/9.3.1/../../../../arm-none-eabi/lib/thumb/v6-m/nofp/libc_nano.a(lib_a-malloc.o)
                0x00000000080027c8                malloc
 .text.memset   0x00000000080027dc       0x10 /opt/st/stm32cubeide_1.7.0/plugins/com.st.stm32cube.ide.mcu.externaltools.gnu-tools-for-stm32.9-2020-q2-update.linux64_2.0.0.202105311346/tools/bin/../lib/gcc/arm-none-eabi/9.3.1/../../../../arm-none-eabi/lib/thumb/v6-m/nofp/libc_nano.a(lib_a-memset.o)
                0x00000000080027dc                memset
 .text._free_r  0x00000000080027ec       0x94 /opt/st/stm32cubeide_1.7.0/plugins/com.st.stm32cube.ide.mcu.externaltools.gnu-tools-for-stm32.9-2020-q2-update.linux64_2.0.0.202105311346/tools/bin/../lib/gcc/arm-none-eabi/9.3.1/../../../../arm-none-eabi/lib/thumb/v6-m/nofp/libc_nano.a(lib_a-nano-freer.o)
                0x00000000080027ec                _free_r
 .text._malloc_r
                0x0000000008002880       0xbc /opt/st/stm32cubeide_1.7.0/plugins/com.st.stm32cube.ide.mcu.externaltools.gnu-tools-for-stm32.9-2020-q2-update.linux64_2.0.0.202105311346/tools/bin/../lib/gcc/arm-none-eabi/9.3.1/../../../../arm-none-eabi/lib/thumb/v6-m/nofp/libc_nano.a(lib_a-nano-mallocr.o)
                0x0000000008002880                _malloc_r
 .text.__sfputc_r
                0x000000000800293c       0x2a /opt/st/stm32cubeide_1.7.0/plugins/com.st.stm32cube.ide.mcu.externaltools.gnu-tools-for-stm32.9-2020-q2-update.linux64_2.0.0.202105311346/tools/bin/../lib/gcc/arm-none-eabi/9.3.1/../../../../arm-none-eabi/lib/thumb/v6-m/nofp/libc_nano.a(lib_a-nano-vfprintf.o)
 .text.__sfputs_r
                0x0000000008002966       0x24 /opt/st/stm32cubeide_1.7.0/plugins/com.st.stm32cube.ide.mcu.externaltools.gnu-tools-for-stm32.9-2020-q2-update.linux64_2.0.0.202105311346/tools/bin/../lib/gcc/arm-none-eabi/9.3.1/../../../../arm-none-eabi/lib/thumb/v6-m/nofp/libc_nano.a(lib_a-nano-vfprintf.o)
                0x0000000008002966                __sfputs_r
 *fill*         0x000000000800298a        0x2 
 .text._vfprintf_r
                0x000000000800298c      0x274 /opt/st/stm32cubeide_1.7.0/plugins/com.st.stm32cube.ide.mcu.externaltools.gnu-tools-for-stm32.9-2020-q2-update.linux64_2.0.0.202105311346/tools/bin/../lib/gcc/arm-none-eabi/9.3.1/../../../../arm-none-eabi/lib/thumb/v6-m/nofp/libc_nano.a(lib_a-nano-vfprintf.o)
                0x000000000800298c                _vfiprintf_r
                0x000000000800298c                _vfprintf_r
 .text._printf_common
                0x0000000008002c00       0xde /opt/st/stm32cubeide_1.7.0/plugins/com.st.stm32cube.ide.mcu.externaltools.gnu-tools-for-stm32.9-2020-q2-update.linux64_2.0.0.202105311346/tools/bin/../lib/gcc/arm-none-eabi/9.3.1/../../../../arm-none-eabi/lib/thumb/v6-m/nofp/libc_nano.a(lib_a-nano-vfprintf_i.o)
                0x0000000008002c00                _printf_common
 *fill*         0x0000000008002cde        0x2 
 .text._printf_i
                0x0000000008002ce0      0x224 /opt/st/stm32cubeide_1.7.0/plugins/com.st.stm32cube.ide.mcu.externaltools.gnu-tools-for-stm32.9-2020-q2-update.linux64_2.0.0.202105311346/tools/bin/../lib/gcc/arm-none-eabi/9.3.1/../../../../arm-none-eabi/lib/thumb/v6-m/nofp/libc_nano.a(lib_a-nano-vfprintf_i.o)
                0x0000000008002ce0                _printf_i
 .text._sbrk_r  0x0000000008002f04       0x24 /opt/st/stm32cubeide_1.7.0/plugins/com.st.stm32cube.ide.mcu.externaltools.gnu-tools-for-stm32.9-2020-q2-update.linux64_2.0.0.202105311346/tools/bin/../lib/gcc/arm-none-eabi/9.3.1/../../../../arm-none-eabi/lib/thumb/v6-m/nofp/libc_nano.a(lib_a-sbrkr.o)
                0x0000000008002f04                _sbrk_r
 .text.__swbuf_r
                0x0000000008002f28       0xac /opt/st/stm32cubeide_1.7.0/plugins/com.st.stm32cube.ide.mcu.externaltools.gnu-tools-for-stm32.9-2020-q2-update.linux64_2.0.0.202105311346/tools/bin/../lib/gcc/arm-none-eabi/9.3.1/../../../../arm-none-eabi/lib/thumb/v6-m/nofp/libc_nano.a(lib_a-wbuf.o)
                0x0000000008002f28                __swbuf_r
 .text.__swsetup_r
                0x0000000008002fd4       0xf0 /opt/st/stm32cubeide_1.7.0/plugins/com.st.stm32cube.ide.mcu.externaltools.gnu-tools-for-stm32.9-2020-q2-update.linux64_2.0.0.202105311346/tools/bin/../lib/gcc/arm-none-eabi/9.3.1/../../../../arm-none-eabi/lib/thumb/v6-m/nofp/libc_nano.a(lib_a-wsetup.o)
                0x0000000008002fd4                __swsetup_r
 .text.abort    0x00000000080030c4        0xe /opt/st/stm32cubeide_1.7.0/plugins/com.st.stm32cube.ide.mcu.externaltools.gnu-tools-for-stm32.9-2020-q2-update.linux64_2.0.0.202105311346/tools/bin/../lib/gcc/arm-none-eabi/9.3.1/../../../../arm-none-eabi/lib/thumb/v6-m/nofp/libc_nano.a(lib_a-abort.o)
                0x00000000080030c4                abort
 *fill*         0x00000000080030d2        0x2 
 .text.__sflush_r
                0x00000000080030d4      0x118 /opt/st/stm32cubeide_1.7.0/plugins/com.st.stm32cube.ide.mcu.externaltools.gnu-tools-for-stm32.9-2020-q2-update.linux64_2.0.0.202105311346/tools/bin/../lib/gcc/arm-none-eabi/9.3.1/../../../../arm-none-eabi/lib/thumb/v6-m/nofp/libc_nano.a(lib_a-fflush.o)
                0x00000000080030d4                __sflush_r
 .text._fflush_r
                0x00000000080031ec       0x80 /opt/st/stm32cubeide_1.7.0/plugins/com.st.stm32cube.ide.mcu.externaltools.gnu-tools-for-stm32.9-2020-q2-update.linux64_2.0.0.202105311346/tools/bin/../lib/gcc/arm-none-eabi/9.3.1/../../../../arm-none-eabi/lib/thumb/v6-m/nofp/libc_nano.a(lib_a-fflush.o)
                0x00000000080031ec                _fflush_r
 .text.std      0x000000000800326c       0x48 /opt/st/stm32cubeide_1.7.0/plugins/com.st.stm32cube.ide.mcu.externaltools.gnu-tools-for-stm32.9-2020-q2-update.linux64_2.0.0.202105311346/tools/bin/../lib/gcc/arm-none-eabi/9.3.1/../../../../arm-none-eabi/lib/thumb/v6-m/nofp/libc_nano.a(lib_a-findfp.o)
 .text._cleanup_r
                0x00000000080032b4       0x10 /opt/st/stm32cubeide_1.7.0/plugins/com.st.stm32cube.ide.mcu.externaltools.gnu-tools-for-stm32.9-2020-q2-update.linux64_2.0.0.202105311346/tools/bin/../lib/gcc/arm-none-eabi/9.3.1/../../../../arm-none-eabi/lib/thumb/v6-m/nofp/libc_nano.a(lib_a-findfp.o)
                0x00000000080032b4                _cleanup_r
 .text.__sfmoreglue
                0x00000000080032c4       0x2c /opt/st/stm32cubeide_1.7.0/plugins/com.st.stm32cube.ide.mcu.externaltools.gnu-tools-for-stm32.9-2020-q2-update.linux64_2.0.0.202105311346/tools/bin/../lib/gcc/arm-none-eabi/9.3.1/../../../../arm-none-eabi/lib/thumb/v6-m/nofp/libc_nano.a(lib_a-findfp.o)
                0x00000000080032c4                __sfmoreglue
 .text.__sfp_lock_acquire
                0x00000000080032f0       0x10 /opt/st/stm32cubeide_1.7.0/plugins/com.st.stm32cube.ide.mcu.externaltools.gnu-tools-for-stm32.9-2020-q2-update.linux64_2.0.0.202105311346/tools/bin/../lib/gcc/arm-none-eabi/9.3.1/../../../../arm-none-eabi/lib/thumb/v6-m/nofp/libc_nano.a(lib_a-findfp.o)
                0x00000000080032f0                __sfp_lock_acquire
 .text.__sfp_lock_release
                0x0000000008003300       0x10 /opt/st/stm32cubeide_1.7.0/plugins/com.st.stm32cube.ide.mcu.externaltools.gnu-tools-for-stm32.9-2020-q2-update.linux64_2.0.0.202105311346/tools/bin/../lib/gcc/arm-none-eabi/9.3.1/../../../../arm-none-eabi/lib/thumb/v6-m/nofp/libc_nano.a(lib_a-findfp.o)
                0x0000000008003300                __sfp_lock_release
 .text.__sinit_lock_acquire
                0x0000000008003310       0x10 /opt/st/stm32cubeide_1.7.0/plugins/com.st.stm32cube.ide.mcu.externaltools.gnu-tools-for-stm32.9-2020-q2-update.linux64_2.0.0.202105311346/tools/bin/../lib/gcc/arm-none-eabi/9.3.1/../../../../arm-none-eabi/lib/thumb/v6-m/nofp/libc_nano.a(lib_a-findfp.o)
                0x0000000008003310                __sinit_lock_acquire
 .text.__sinit_lock_release
                0x0000000008003320       0x10 /opt/st/stm32cubeide_1.7.0/plugins/com.st.stm32cube.ide.mcu.externaltools.gnu-tools-for-stm32.9-2020-q2-update.linux64_2.0.0.202105311346/tools/bin/../lib/gcc/arm-none-eabi/9.3.1/../../../../arm-none-eabi/lib/thumb/v6-m/nofp/libc_nano.a(lib_a-findfp.o)
                0x0000000008003320                __sinit_lock_release
 .text.__sinit  0x0000000008003330       0x70 /opt/st/stm32cubeide_1.7.0/plugins/com.st.stm32cube.ide.mcu.externaltools.gnu-tools-for-stm32.9-2020-q2-update.linux64_2.0.0.202105311346/tools/bin/../lib/gcc/arm-none-eabi/9.3.1/../../../../arm-none-eabi/lib/thumb/v6-m/nofp/libc_nano.a(lib_a-findfp.o)
                0x0000000008003330                __sinit
 .text.__sfp    0x00000000080033a0       0x90 /opt/st/stm32cubeide_1.7.0/plugins/com.st.stm32cube.ide.mcu.externaltools.gnu-tools-for-stm32.9-2020-q2-update.linux64_2.0.0.202105311346/tools/bin/../lib/gcc/arm-none-eabi/9.3.1/../../../../arm-none-eabi/lib/thumb/v6-m/nofp/libc_nano.a(lib_a-findfp.o)
                0x00000000080033a0                __sfp
 .text._fwalk_reent
                0x0000000008003430       0x40 /opt/st/stm32cubeide_1.7.0/plugins/com.st.stm32cube.ide.mcu.externaltools.gnu-tools-for-stm32.9-2020-q2-update.linux64_2.0.0.202105311346/tools/bin/../lib/gcc/arm-none-eabi/9.3.1/../../../../arm-none-eabi/lib/thumb/v6-m/nofp/libc_nano.a(lib_a-fwalk.o)
                0x0000000008003430                _fwalk_reent
 .text.__retarget_lock_init_recursive
                0x0000000008003470        0x2 /opt/st/stm32cubeide_1.7.0/plugins/com.st.stm32cube.ide.mcu.externaltools.gnu-tools-for-stm32.9-2020-q2-update.linux64_2.0.0.202105311346/tools/bin/../lib/gcc/arm-none-eabi/9.3.1/../../../../arm-none-eabi/lib/thumb/v6-m/nofp/libc_nano.a(lib_a-lock.o)
                0x0000000008003470                __retarget_lock_init_recursive
 .text.__retarget_lock_acquire_recursive
                0x0000000008003472        0x2 /opt/st/stm32cubeide_1.7.0/plugins/com.st.stm32cube.ide.mcu.externaltools.gnu-tools-for-stm32.9-2020-q2-update.linux64_2.0.0.202105311346/tools/bin/../lib/gcc/arm-none-eabi/9.3.1/../../../../arm-none-eabi/lib/thumb/v6-m/nofp/libc_nano.a(lib_a-lock.o)
                0x0000000008003472                __retarget_lock_acquire_recursive
 .text.__retarget_lock_release_recursive
                0x0000000008003474        0x2 /opt/st/stm32cubeide_1.7.0/plugins/com.st.stm32cube.ide.mcu.externaltools.gnu-tools-for-stm32.9-2020-q2-update.linux64_2.0.0.202105311346/tools/bin/../lib/gcc/arm-none-eabi/9.3.1/../../../../arm-none-eabi/lib/thumb/v6-m/nofp/libc_nano.a(lib_a-lock.o)
                0x0000000008003474                __retarget_lock_release_recursive
 *fill*         0x0000000008003476        0x2 
 .text.__swhatbuf_r
                0x0000000008003478       0x50 /opt/st/stm32cubeide_1.7.0/plugins/com.st.stm32cube.ide.mcu.externaltools.gnu-tools-for-stm32.9-2020-q2-update.linux64_2.0.0.202105311346/tools/bin/../lib/gcc/arm-none-eabi/9.3.1/../../../../arm-none-eabi/lib/thumb/v6-m/nofp/libc_nano.a(lib_a-makebuf.o)
                0x0000000008003478                __swhatbuf_r
 .text.__smakebuf_r
                0x00000000080034c8       0x88 /opt/st/stm32cubeide_1.7.0/plugins/com.st.stm32cube.ide.mcu.externaltools.gnu-tools-for-stm32.9-2020-q2-update.linux64_2.0.0.202105311346/tools/bin/../lib/gcc/arm-none-eabi/9.3.1/../../../../arm-none-eabi/lib/thumb/v6-m/nofp/libc_nano.a(lib_a-makebuf.o)
                0x00000000080034c8                __smakebuf_r
 .text.memchr   0x0000000008003550       0x16 /opt/st/stm32cubeide_1.7.0/plugins/com.st.stm32cube.ide.mcu.externaltools.gnu-tools-for-stm32.9-2020-q2-update.linux64_2.0.0.202105311346/tools/bin/../lib/gcc/arm-none-eabi/9.3.1/../../../../arm-none-eabi/lib/thumb/v6-m/nofp/libc_nano.a(lib_a-memchr-stub.o)
                0x0000000008003550                memchr
 *fill*         0x0000000008003566        0x2 
 .text.__malloc_lock
                0x0000000008003568       0x10 /opt/st/stm32cubeide_1.7.0/plugins/com.st.stm32cube.ide.mcu.externaltools.gnu-tools-for-stm32.9-2020-q2-update.linux64_2.0.0.202105311346/tools/bin/../lib/gcc/arm-none-eabi/9.3.1/../../../../arm-none-eabi/lib/thumb/v6-m/nofp/libc_nano.a(lib_a-mlock.o)
                0x0000000008003568                __malloc_lock
 .text.__malloc_unlock
                0x0000000008003578       0x10 /opt/st/stm32cubeide_1.7.0/plugins/com.st.stm32cube.ide.mcu.externaltools.gnu-tools-for-stm32.9-2020-q2-update.linux64_2.0.0.202105311346/tools/bin/../lib/gcc/arm-none-eabi/9.3.1/../../../../arm-none-eabi/lib/thumb/v6-m/nofp/libc_nano.a(lib_a-mlock.o)
                0x0000000008003578                __malloc_unlock
 .text._raise_r
                0x0000000008003588       0x54 /opt/st/stm32cubeide_1.7.0/plugins/com.st.stm32cube.ide.mcu.externaltools.gnu-tools-for-stm32.9-2020-q2-update.linux64_2.0.0.202105311346/tools/bin/../lib/gcc/arm-none-eabi/9.3.1/../../../../arm-none-eabi/lib/thumb/v6-m/nofp/libc_nano.a(lib_a-signal.o)
                0x0000000008003588                _raise_r
 .text.raise    0x00000000080035dc       0x14 /opt/st/stm32cubeide_1.7.0/plugins/com.st.stm32cube.ide.mcu.externaltools.gnu-tools-for-stm32.9-2020-q2-update.linux64_2.0.0.202105311346/tools/bin/../lib/gcc/arm-none-eabi/9.3.1/../../../../arm-none-eabi/lib/thumb/v6-m/nofp/libc_nano.a(lib_a-signal.o)
                0x00000000080035dc                raise
 .text._kill_r  0x00000000080035f0       0x24 /opt/st/stm32cubeide_1.7.0/plugins/com.st.stm32cube.ide.mcu.externaltools.gnu-tools-for-stm32.9-2020-q2-update.linux64_2.0.0.202105311346/tools/bin/../lib/gcc/arm-none-eabi/9.3.1/../../../../arm-none-eabi/lib/thumb/v6-m/nofp/libc_nano.a(lib_a-signalr.o)
                0x00000000080035f0                _kill_r
 .text._getpid_r
                0x0000000008003614        0x8 /opt/st/stm32cubeide_1.7.0/plugins/com.st.stm32cube.ide.mcu.externaltools.gnu-tools-for-stm32.9-2020-q2-update.linux64_2.0.0.202105311346/tools/bin/../lib/gcc/arm-none-eabi/9.3.1/../../../../arm-none-eabi/lib/thumb/v6-m/nofp/libc_nano.a(lib_a-signalr.o)
                0x0000000008003614                _getpid_r
 .text.__sread  0x000000000800361c       0x28 /opt/st/stm32cubeide_1.7.0/plugins/com.st.stm32cube.ide.mcu.externaltools.gnu-tools-for-stm32.9-2020-q2-update.linux64_2.0.0.202105311346/tools/bin/../lib/gcc/arm-none-eabi/9.3.1/../../../../arm-none-eabi/lib/thumb/v6-m/nofp/libc_nano.a(lib_a-stdio.o)
                0x000000000800361c                __sread
 .text.__swrite
                0x0000000008003644       0x38 /opt/st/stm32cubeide_1.7.0/plugins/com.st.stm32cube.ide.mcu.externaltools.gnu-tools-for-stm32.9-2020-q2-update.linux64_2.0.0.202105311346/tools/bin/../lib/gcc/arm-none-eabi/9.3.1/../../../../arm-none-eabi/lib/thumb/v6-m/nofp/libc_nano.a(lib_a-stdio.o)
                0x0000000008003644                __swrite
 .text.__sseek  0x000000000800367c       0x2c /opt/st/stm32cubeide_1.7.0/plugins/com.st.stm32cube.ide.mcu.externaltools.gnu-tools-for-stm32.9-2020-q2-update.linux64_2.0.0.202105311346/tools/bin/../lib/gcc/arm-none-eabi/9.3.1/../../../../arm-none-eabi/lib/thumb/v6-m/nofp/libc_nano.a(lib_a-stdio.o)
                0x000000000800367c                __sseek
 .text.__sclose
                0x00000000080036a8        0xc /opt/st/stm32cubeide_1.7.0/plugins/com.st.stm32cube.ide.mcu.externaltools.gnu-tools-for-stm32.9-2020-q2-update.linux64_2.0.0.202105311346/tools/bin/../lib/gcc/arm-none-eabi/9.3.1/../../../../arm-none-eabi/lib/thumb/v6-m/nofp/libc_nano.a(lib_a-stdio.o)
                0x00000000080036a8                __sclose
 .text._write_r
                0x00000000080036b4       0x28 /opt/st/stm32cubeide_1.7.0/plugins/com.st.stm32cube.ide.mcu.externaltools.gnu-tools-for-stm32.9-2020-q2-update.linux64_2.0.0.202105311346/tools/bin/../lib/gcc/arm-none-eabi/9.3.1/../../../../arm-none-eabi/lib/thumb/v6-m/nofp/libc_nano.a(lib_a-writer.o)
                0x00000000080036b4                _write_r
 .text._close_r
                0x00000000080036dc       0x24 /opt/st/stm32cubeide_1.7.0/plugins/com.st.stm32cube.ide.mcu.externaltools.gnu-tools-for-stm32.9-2020-q2-update.linux64_2.0.0.202105311346/tools/bin/../lib/gcc/arm-none-eabi/9.3.1/../../../../arm-none-eabi/lib/thumb/v6-m/nofp/libc_nano.a(lib_a-closer.o)
                0x00000000080036dc                _close_r
 .text._fstat_r
                0x0000000008003700       0x24 /opt/st/stm32cubeide_1.7.0/plugins/com.st.stm32cube.ide.mcu.externaltools.gnu-tools-for-stm32.9-2020-q2-update.linux64_2.0.0.202105311346/tools/bin/../lib/gcc/arm-none-eabi/9.3.1/../../../../arm-none-eabi/lib/thumb/v6-m/nofp/libc_nano.a(lib_a-fstatr.o)
                0x0000000008003700                _fstat_r
 .text._isatty_r
                0x0000000008003724       0x24 /opt/st/stm32cubeide_1.7.0/plugins/com.st.stm32cube.ide.mcu.externaltools.gnu-tools-for-stm32.9-2020-q2-update.linux64_2.0.0.202105311346/tools/bin/../lib/gcc/arm-none-eabi/9.3.1/../../../../arm-none-eabi/lib/thumb/v6-m/nofp/libc_nano.a(lib_a-isattyr.o)
                0x0000000008003724                _isatty_r
 .text._lseek_r
                0x0000000008003748       0x28 /opt/st/stm32cubeide_1.7.0/plugins/com.st.stm32cube.ide.mcu.externaltools.gnu-tools-for-stm32.9-2020-q2-update.linux64_2.0.0.202105311346/tools/bin/../lib/gcc/arm-none-eabi/9.3.1/../../../../arm-none-eabi/lib/thumb/v6-m/nofp/libc_nano.a(lib_a-lseekr.o)
                0x0000000008003748                _lseek_r
 .text._read_r  0x0000000008003770       0x28 /opt/st/stm32cubeide_1.7.0/plugins/com.st.stm32cube.ide.mcu.externaltools.gnu-tools-for-stm32.9-2020-q2-update.linux64_2.0.0.202105311346/tools/bin/../lib/gcc/arm-none-eabi/9.3.1/../../../../arm-none-eabi/lib/thumb/v6-m/nofp/libc_nano.a(lib_a-readr.o)
                0x0000000008003770                _read_r
 *(.glue_7)
 .glue_7        0x0000000008003798        0x0 linker stubs
 *(.glue_7t)
 .glue_7t       0x0000000008003798        0x0 linker stubs
 *(.eh_frame)
 .eh_frame      0x0000000008003798        0x0 /opt/st/stm32cubeide_1.7.0/plugins/com.st.stm32cube.ide.mcu.externaltools.gnu-tools-for-stm32.9-2020-q2-update.linux64_2.0.0.202105311346/tools/bin/../lib/gcc/arm-none-eabi/9.3.1/thumb/v6-m/nofp/crtbegin.o
 *(.init)
 .init          0x0000000008003798        0x4 /opt/st/stm32cubeide_1.7.0/plugins/com.st.stm32cube.ide.mcu.externaltools.gnu-tools-for-stm32.9-2020-q2-update.linux64_2.0.0.202105311346/tools/bin/../lib/gcc/arm-none-eabi/9.3.1/thumb/v6-m/nofp/crti.o
                0x0000000008003798                _init
 .init          0x000000000800379c        0x8 /opt/st/stm32cubeide_1.7.0/plugins/com.st.stm32cube.ide.mcu.externaltools.gnu-tools-for-stm32.9-2020-q2-update.linux64_2.0.0.202105311346/tools/bin/../lib/gcc/arm-none-eabi/9.3.1/thumb/v6-m/nofp/crtn.o
 *(.fini)
 .fini          0x00000000080037a4        0x4 /opt/st/stm32cubeide_1.7.0/plugins/com.st.stm32cube.ide.mcu.externaltools.gnu-tools-for-stm32.9-2020-q2-update.linux64_2.0.0.202105311346/tools/bin/../lib/gcc/arm-none-eabi/9.3.1/thumb/v6-m/nofp/crti.o
                0x00000000080037a4                _fini
 .fini          0x00000000080037a8        0x8 /opt/st/stm32cubeide_1.7.0/plugins/com.st.stm32cube.ide.mcu.externaltools.gnu-tools-for-stm32.9-2020-q2-update.linux64_2.0.0.202105311346/tools/bin/../lib/gcc/arm-none-eabi/9.3.1/thumb/v6-m/nofp/crtn.o
                0x00000000080037b0                . = ALIGN (0x4)
                0x00000000080037b0                _etext = .

.vfp11_veneer   0x00000000080037b0        0x0
 .vfp11_veneer  0x00000000080037b0        0x0 linker stubs

.v4_bx          0x00000000080037b0        0x0
 .v4_bx         0x00000000080037b0        0x0 linker stubs

.iplt           0x00000000080037b0        0x0
 .iplt          0x00000000080037b0        0x0 /opt/st/stm32cubeide_1.7.0/plugins/com.st.stm32cube.ide.mcu.externaltools.gnu-tools-for-stm32.9-2020-q2-update.linux64_2.0.0.202105311346/tools/bin/../lib/gcc/arm-none-eabi/9.3.1/thumb/v6-m/nofp/crtbegin.o

.rodata         0x00000000080037b0      0x1f0
                0x00000000080037b0                . = ALIGN (0x4)
 *(.rodata)
 *(.rodata*)
 .rodata.advance_pointer.part.0.str1.4
                0x00000000080037b0       0x3b ./Core/Src/circular_buffer_no_modulo_threadsafe.o
 *fill*         0x00000000080037eb        0x1 
 .rodata.circular_buf_init.str1.4
                0x00000000080037ec       0x13 ./Core/Src/circular_buffer_no_modulo_threadsafe.o
 *fill*         0x00000000080037ff        0x1 
 .rodata.circular_buf_put.str1.4
                0x0000000008003800       0x15 ./Core/Src/circular_buffer_no_modulo_threadsafe.o
 *fill*         0x0000000008003815        0x3 
 .rodata.circular_buf_get.str1.4
                0x0000000008003818       0x1d ./Core/Src/circular_buffer_no_modulo_threadsafe.o
 *fill*         0x0000000008003835        0x3 
 .rodata.__func__.4883
                0x0000000008003838       0x12 ./Core/Src/circular_buffer_no_modulo_threadsafe.o
 *fill*         0x000000000800384a        0x2 
 .rodata.__func__.4896
                0x000000000800384c       0x12 ./Core/Src/circular_buffer_no_modulo_threadsafe.o
 *fill*         0x000000000800385e        0x2 
 .rodata.__func__.4906
                0x0000000008003860       0x11 ./Core/Src/circular_buffer_no_modulo_threadsafe.o
 *fill*         0x0000000008003871        0x3 
 .rodata.__func__.4917
                0x0000000008003874       0x11 ./Core/Src/circular_buffer_no_modulo_threadsafe.o
 *fill*         0x0000000008003885        0x3 
 .rodata.AHBPrescTable
                0x0000000008003888       0x10 ./Core/Src/system_stm32f0xx.o
                0x0000000008003888                AHBPrescTable
 .rodata.APBPrescTable
                0x0000000008003898        0x8 ./Core/Src/system_stm32f0xx.o
                0x0000000008003898                APBPrescTable
 .rodata.HAL_RCC_ClockConfig.str1.4
                0x00000000080038a0       0x25 ./Drivers/STM32F0xx_HAL_Driver/Src/stm32f0xx_hal_rcc.o
 *fill*         0x00000000080038c5        0x3 
 .rodata.CSWTCH.58
                0x00000000080038c8        0x3 ./Drivers/STM32F0xx_HAL_Driver/Src/stm32f0xx_hal_uart.o
 .rodata.__assert_func.str1.1
                0x00000000080038cb       0x3c /opt/st/stm32cubeide_1.7.0/plugins/com.st.stm32cube.ide.mcu.externaltools.gnu-tools-for-stm32.9-2020-q2-update.linux64_2.0.0.202105311346/tools/bin/../lib/gcc/arm-none-eabi/9.3.1/../../../../arm-none-eabi/lib/thumb/v6-m/nofp/libc_nano.a(lib_a-assert.o)
                                         0x3d (size before relaxing)
 *fill*         0x0000000008003907        0x1 
 .rodata._global_impure_ptr
                0x0000000008003908        0x4 /opt/st/stm32cubeide_1.7.0/plugins/com.st.stm32cube.ide.mcu.externaltools.gnu-tools-for-stm32.9-2020-q2-update.linux64_2.0.0.202105311346/tools/bin/../lib/gcc/arm-none-eabi/9.3.1/../../../../arm-none-eabi/lib/thumb/v6-m/nofp/libc_nano.a(lib_a-impure.o)
                0x0000000008003908                _global_impure_ptr
 .rodata._vfprintf_r.str1.1
                0x000000000800390c       0x11 /opt/st/stm32cubeide_1.7.0/plugins/com.st.stm32cube.ide.mcu.externaltools.gnu-tools-for-stm32.9-2020-q2-update.linux64_2.0.0.202105311346/tools/bin/../lib/gcc/arm-none-eabi/9.3.1/../../../../arm-none-eabi/lib/thumb/v6-m/nofp/libc_nano.a(lib_a-nano-vfprintf.o)
 .rodata._printf_i.str1.1
                0x000000000800391d       0x22 /opt/st/stm32cubeide_1.7.0/plugins/com.st.stm32cube.ide.mcu.externaltools.gnu-tools-for-stm32.9-2020-q2-update.linux64_2.0.0.202105311346/tools/bin/../lib/gcc/arm-none-eabi/9.3.1/../../../../arm-none-eabi/lib/thumb/v6-m/nofp/libc_nano.a(lib_a-nano-vfprintf_i.o)
 *fill*         0x000000000800393f        0x1 
 .rodata.__sf_fake_stderr
                0x0000000008003940       0x20 /opt/st/stm32cubeide_1.7.0/plugins/com.st.stm32cube.ide.mcu.externaltools.gnu-tools-for-stm32.9-2020-q2-update.linux64_2.0.0.202105311346/tools/bin/../lib/gcc/arm-none-eabi/9.3.1/../../../../arm-none-eabi/lib/thumb/v6-m/nofp/libc_nano.a(lib_a-findfp.o)
                0x0000000008003940                __sf_fake_stderr
 .rodata.__sf_fake_stdin
                0x0000000008003960       0x20 /opt/st/stm32cubeide_1.7.0/plugins/com.st.stm32cube.ide.mcu.externaltools.gnu-tools-for-stm32.9-2020-q2-update.linux64_2.0.0.202105311346/tools/bin/../lib/gcc/arm-none-eabi/9.3.1/../../../../arm-none-eabi/lib/thumb/v6-m/nofp/libc_nano.a(lib_a-findfp.o)
                0x0000000008003960                __sf_fake_stdin
 .rodata.__sf_fake_stdout
                0x0000000008003980       0x20 /opt/st/stm32cubeide_1.7.0/plugins/com.st.stm32cube.ide.mcu.externaltools.gnu-tools-for-stm32.9-2020-q2-update.linux64_2.0.0.202105311346/tools/bin/../lib/gcc/arm-none-eabi/9.3.1/../../../../arm-none-eabi/lib/thumb/v6-m/nofp/libc_nano.a(lib_a-findfp.o)
                0x0000000008003980                __sf_fake_stdout
                0x00000000080039a0                . = ALIGN (0x4)

.rel.dyn        0x00000000080039a0        0x0
 .rel.iplt      0x00000000080039a0        0x0 /opt/st/stm32cubeide_1.7.0/plugins/com.st.stm32cube.ide.mcu.externaltools.gnu-tools-for-stm32.9-2020-q2-update.linux64_2.0.0.202105311346/tools/bin/../lib/gcc/arm-none-eabi/9.3.1/thumb/v6-m/nofp/crtbegin.o

.ARM.extab      0x00000000080039a0        0x0
                0x00000000080039a0                . = ALIGN (0x4)
 *(.ARM.extab* .gnu.linkonce.armextab.*)
                0x00000000080039a0                . = ALIGN (0x4)

.ARM            0x00000000080039a0        0x0
                0x00000000080039a0                . = ALIGN (0x4)
                0x00000000080039a0                __exidx_start = .
 *(.ARM.exidx*)
                0x00000000080039a0                __exidx_end = .
                0x00000000080039a0                . = ALIGN (0x4)

.preinit_array  0x00000000080039a0        0x0
                0x00000000080039a0                . = ALIGN (0x4)
                0x00000000080039a0                PROVIDE (__preinit_array_start = .)
 *(.preinit_array*)
                0x00000000080039a0                PROVIDE (__preinit_array_end = .)
                0x00000000080039a0                . = ALIGN (0x4)

.init_array     0x00000000080039a0        0x4
                0x00000000080039a0                . = ALIGN (0x4)
                0x00000000080039a0                PROVIDE (__init_array_start = .)
 *(SORT_BY_NAME(.init_array.*))
 *(.init_array*)
 .init_array    0x00000000080039a0        0x4 /opt/st/stm32cubeide_1.7.0/plugins/com.st.stm32cube.ide.mcu.externaltools.gnu-tools-for-stm32.9-2020-q2-update.linux64_2.0.0.202105311346/tools/bin/../lib/gcc/arm-none-eabi/9.3.1/thumb/v6-m/nofp/crtbegin.o
                0x00000000080039a4                PROVIDE (__init_array_end = .)
                0x00000000080039a4                . = ALIGN (0x4)

.fini_array     0x00000000080039a4        0x4
                0x00000000080039a4                . = ALIGN (0x4)
                [!provide]                        PROVIDE (__fini_array_start = .)
 *(SORT_BY_NAME(.fini_array.*))
 *(.fini_array*)
 .fini_array    0x00000000080039a4        0x4 /opt/st/stm32cubeide_1.7.0/plugins/com.st.stm32cube.ide.mcu.externaltools.gnu-tools-for-stm32.9-2020-q2-update.linux64_2.0.0.202105311346/tools/bin/../lib/gcc/arm-none-eabi/9.3.1/thumb/v6-m/nofp/crtbegin.o
                [!provide]                        PROVIDE (__fini_array_end = .)
                0x00000000080039a8                . = ALIGN (0x4)
                0x00000000080039a8                _sidata = LOADADDR (.data)

.data           0x0000000020000000       0x84 load address 0x00000000080039a8
                0x0000000020000000                . = ALIGN (0x4)
                0x0000000020000000                _sdata = .
 *(.data)
 *(.data*)
 .data.SystemCoreClock
                0x0000000020000000        0x4 ./Core/Src/system_stm32f0xx.o
                0x0000000020000000                SystemCoreClock
 .data.code     0x0000000020000004        0x1 ./Core/Src/utility.o
                0x0000000020000004                code
 *fill*         0x0000000020000005        0x3 
 .data.code_ptr
                0x0000000020000008        0x4 ./Core/Src/utility.o
                0x0000000020000008                code_ptr
 .data.dst      0x000000002000000c        0x4 ./Core/Src/utility.o
                0x000000002000000c                dst
 .data.p_cobs_buff_acquisition
                0x0000000020000010        0x4 ./Core/Src/utility.o
                0x0000000020000010                p_cobs_buff_acquisition
 .data.p_cobs_buff_uart
                0x0000000020000014        0x4 ./Core/Src/utility.o
                0x0000000020000014                p_cobs_buff_uart
 .data.uwTickFreq
                0x0000000020000018        0x1 ./Drivers/STM32F0xx_HAL_Driver/Src/stm32f0xx_hal.o
                0x0000000020000018                uwTickFreq
 *fill*         0x0000000020000019        0x3 
 .data.uwTickPrio
                0x000000002000001c        0x4 ./Drivers/STM32F0xx_HAL_Driver/Src/stm32f0xx_hal.o
                0x000000002000001c                uwTickPrio
 .data._impure_ptr
                0x0000000020000020        0x4 /opt/st/stm32cubeide_1.7.0/plugins/com.st.stm32cube.ide.mcu.externaltools.gnu-tools-for-stm32.9-2020-q2-update.linux64_2.0.0.202105311346/tools/bin/../lib/gcc/arm-none-eabi/9.3.1/../../../../arm-none-eabi/lib/thumb/v6-m/nofp/libc_nano.a(lib_a-impure.o)
                0x0000000020000020                _impure_ptr
 .data.impure_data
                0x0000000020000024       0x60 /opt/st/stm32cubeide_1.7.0/plugins/com.st.stm32cube.ide.mcu.externaltools.gnu-tools-for-stm32.9-2020-q2-update.linux64_2.0.0.202105311346/tools/bin/../lib/gcc/arm-none-eabi/9.3.1/../../../../arm-none-eabi/lib/thumb/v6-m/nofp/libc_nano.a(lib_a-impure.o)
 *(.RamFunc)
 *(.RamFunc*)
                0x0000000020000084                . = ALIGN (0x4)
                0x0000000020000084                _edata = .

.igot.plt       0x0000000020000084        0x0 load address 0x0000000008003a2c
 .igot.plt      0x0000000020000084        0x0 /opt/st/stm32cubeide_1.7.0/plugins/com.st.stm32cube.ide.mcu.externaltools.gnu-tools-for-stm32.9-2020-q2-update.linux64_2.0.0.202105311346/tools/bin/../lib/gcc/arm-none-eabi/9.3.1/thumb/v6-m/nofp/crtbegin.o
                0x0000000020000084                . = ALIGN (0x4)

.bss            0x0000000020000084      0x610 load address 0x0000000008003a2c
                0x0000000020000084                _sbss = .
                0x0000000020000084                __bss_start__ = _sbss
 *(.bss)
 .bss           0x0000000020000084       0x1c /opt/st/stm32cubeide_1.7.0/plugins/com.st.stm32cube.ide.mcu.externaltools.gnu-tools-for-stm32.9-2020-q2-update.linux64_2.0.0.202105311346/tools/bin/../lib/gcc/arm-none-eabi/9.3.1/thumb/v6-m/nofp/crtbegin.o
 *(.bss*)
 .bss.avr_counter.7153
                0x00000000200000a0        0x4 ./Core/Src/main.o
 .bss.ring_buff_size.7155
                0x00000000200000a4        0x4 ./Core/Src/main.o
 .bss.sum.7152  0x00000000200000a8        0x4 ./Core/Src/main.o
 .bss.flip_flop.6944
                0x00000000200000ac        0x1 ./Core/Src/stm32f0xx_it.o
 *fill*         0x00000000200000ad        0x3 
 .bss.__sbrk_heap_end
                0x00000000200000b0        0x4 ./Core/Src/sysmem.o
 .bss.cobs_buff_1
                0x00000000200000b4       0x42 ./Core/Src/utility.o
                0x00000000200000b4                cobs_buff_1
 *fill*         0x00000000200000f6        0x2 
 .bss.cobs_buff_2
                0x00000000200000f8       0x42 ./Core/Src/utility.o
                0x00000000200000f8                cobs_buff_2
 *fill*         0x000000002000013a        0x2 
 .bss.cobs_counter
                0x000000002000013c        0x4 ./Core/Src/utility.o
                0x000000002000013c                cobs_counter
 .bss.switch_status
                0x0000000020000140        0x4 ./Core/Src/utility.o
                0x0000000020000140                switch_status
 .bss.__malloc_free_list
                0x0000000020000144        0x4 /opt/st/stm32cubeide_1.7.0/plugins/com.st.stm32cube.ide.mcu.externaltools.gnu-tools-for-stm32.9-2020-q2-update.linux64_2.0.0.202105311346/tools/bin/../lib/gcc/arm-none-eabi/9.3.1/../../../../arm-none-eabi/lib/thumb/v6-m/nofp/libc_nano.a(lib_a-nano-mallocr.o)
                0x0000000020000144                __malloc_free_list
 .bss.__malloc_sbrk_start
                0x0000000020000148        0x4 /opt/st/stm32cubeide_1.7.0/plugins/com.st.stm32cube.ide.mcu.externaltools.gnu-tools-for-stm32.9-2020-q2-update.linux64_2.0.0.202105311346/tools/bin/../lib/gcc/arm-none-eabi/9.3.1/../../../../arm-none-eabi/lib/thumb/v6-m/nofp/libc_nano.a(lib_a-nano-mallocr.o)
                0x0000000020000148                __malloc_sbrk_start
 *(COMMON)
 COMMON         0x000000002000014c      0x534 ./Core/Src/main.o
                0x000000002000014c                huart1
                0x00000000200001d0                buffer
                0x00000000200005d0                cbuf
                0x00000000200005d4                hspi1
                0x0000000020000638                htim14
 COMMON         0x0000000020000680        0x4 ./Drivers/STM32F0xx_HAL_Driver/Src/stm32f0xx_hal.o
                0x0000000020000680                uwTick
 COMMON         0x0000000020000684        0x9 /opt/st/stm32cubeide_1.7.0/plugins/com.st.stm32cube.ide.mcu.externaltools.gnu-tools-for-stm32.9-2020-q2-update.linux64_2.0.0.202105311346/tools/bin/../lib/gcc/arm-none-eabi/9.3.1/../../../../arm-none-eabi/lib/thumb/v6-m/nofp/libc_nano.a(lib_a-lock.o)
                0x0000000020000684                __lock___atexit_recursive_mutex
                0x0000000020000685                __lock___arc4random_mutex
                0x0000000020000686                __lock___env_recursive_mutex
                0x0000000020000687                __lock___sinit_recursive_mutex
                0x0000000020000688                __lock___malloc_recursive_mutex
                0x0000000020000689                __lock___at_quick_exit_mutex
                0x000000002000068a                __lock___dd_hash_mutex
                0x000000002000068b                __lock___tz_mutex
                0x000000002000068c                __lock___sfp_recursive_mutex
 *fill*         0x000000002000068d        0x3 
 COMMON         0x0000000020000690        0x4 /opt/st/stm32cubeide_1.7.0/plugins/com.st.stm32cube.ide.mcu.externaltools.gnu-tools-for-stm32.9-2020-q2-update.linux64_2.0.0.202105311346/tools/bin/../lib/gcc/arm-none-eabi/9.3.1/../../../../arm-none-eabi/lib/thumb/v6-m/nofp/libc_nano.a(lib_a-reent.o)
                0x0000000020000690                errno
                0x0000000020000694                . = ALIGN (0x4)
                0x0000000020000694                _ebss = .
                0x0000000020000694                __bss_end__ = _ebss

._user_heap_stack
                0x0000000020000694      0x604 load address 0x0000000008003a2c
                0x0000000020000698                . = ALIGN (0x8)
 *fill*         0x0000000020000694        0x4 
                [!provide]                        PROVIDE (end = .)
                0x0000000020000698                PROVIDE (_end = .)
                0x0000000020000898                . = (. + _Min_Heap_Size)
 *fill*         0x0000000020000698      0x200 
                0x0000000020000c98                . = (. + _Min_Stack_Size)
 *fill*         0x0000000020000898      0x400 
                0x0000000020000c98                . = ALIGN (0x8)

/DISCARD/
 libc.a(*)
 libm.a(*)
 libgcc.a(*)

.ARM.attributes
                0x0000000000000000       0x28
 *(.ARM.attributes)
 .ARM.attributes
                0x0000000000000000       0x1e /opt/st/stm32cubeide_1.7.0/plugins/com.st.stm32cube.ide.mcu.externaltools.gnu-tools-for-stm32.9-2020-q2-update.linux64_2.0.0.202105311346/tools/bin/../lib/gcc/arm-none-eabi/9.3.1/thumb/v6-m/nofp/crti.o
 .ARM.attributes
                0x000000000000001e       0x2c /opt/st/stm32cubeide_1.7.0/plugins/com.st.stm32cube.ide.mcu.externaltools.gnu-tools-for-stm32.9-2020-q2-update.linux64_2.0.0.202105311346/tools/bin/../lib/gcc/arm-none-eabi/9.3.1/thumb/v6-m/nofp/crtbegin.o
 .ARM.attributes
                0x000000000000004a       0x28 ./Core/Src/circular_buffer_no_modulo_threadsafe.o
 .ARM.attributes
                0x0000000000000072       0x28 ./Core/Src/main.o
 .ARM.attributes
                0x000000000000009a       0x28 ./Core/Src/stm32f0xx_hal_msp.o
 .ARM.attributes
                0x00000000000000c2       0x28 ./Core/Src/stm32f0xx_it.o
 .ARM.attributes
                0x00000000000000ea       0x28 ./Core/Src/syscalls.o
 .ARM.attributes
                0x0000000000000112       0x28 ./Core/Src/sysmem.o
 .ARM.attributes
                0x000000000000013a       0x28 ./Core/Src/system_stm32f0xx.o
 .ARM.attributes
                0x0000000000000162       0x28 ./Core/Src/utility.o
 .ARM.attributes
                0x000000000000018a       0x21 ./Core/Startup/startup_stm32f070f6px.o
 .ARM.attributes
                0x00000000000001ab       0x28 ./Drivers/STM32F0xx_HAL_Driver/Src/stm32f0xx_hal.o
 .ARM.attributes
                0x00000000000001d3       0x28 ./Drivers/STM32F0xx_HAL_Driver/Src/stm32f0xx_hal_cortex.o
 .ARM.attributes
                0x00000000000001fb       0x28 ./Drivers/STM32F0xx_HAL_Driver/Src/stm32f0xx_hal_dma.o
 .ARM.attributes
                0x0000000000000223       0x28 ./Drivers/STM32F0xx_HAL_Driver/Src/stm32f0xx_hal_gpio.o
 .ARM.attributes
                0x000000000000024b       0x28 ./Drivers/STM32F0xx_HAL_Driver/Src/stm32f0xx_hal_rcc.o
 .ARM.attributes
                0x0000000000000273       0x28 ./Drivers/STM32F0xx_HAL_Driver/Src/stm32f0xx_hal_rcc_ex.o
 .ARM.attributes
                0x000000000000029b       0x28 ./Drivers/STM32F0xx_HAL_Driver/Src/stm32f0xx_hal_spi.o
 .ARM.attributes
                0x00000000000002c3       0x28 ./Drivers/STM32F0xx_HAL_Driver/Src/stm32f0xx_hal_tim.o
 .ARM.attributes
                0x00000000000002eb       0x28 ./Drivers/STM32F0xx_HAL_Driver/Src/stm32f0xx_hal_tim_ex.o
 .ARM.attributes
                0x0000000000000313       0x28 ./Drivers/STM32F0xx_HAL_Driver/Src/stm32f0xx_hal_uart.o
 .ARM.attributes
                0x000000000000033b       0x2c /opt/st/stm32cubeide_1.7.0/plugins/com.st.stm32cube.ide.mcu.externaltools.gnu-tools-for-stm32.9-2020-q2-update.linux64_2.0.0.202105311346/tools/bin/../lib/gcc/arm-none-eabi/9.3.1/../../../../arm-none-eabi/lib/thumb/v6-m/nofp/libc_nano.a(lib_a-assert.o)
 .ARM.attributes
                0x0000000000000367       0x2c /opt/st/stm32cubeide_1.7.0/plugins/com.st.stm32cube.ide.mcu.externaltools.gnu-tools-for-stm32.9-2020-q2-update.linux64_2.0.0.202105311346/tools/bin/../lib/gcc/arm-none-eabi/9.3.1/../../../../arm-none-eabi/lib/thumb/v6-m/nofp/libc_nano.a(lib_a-errno.o)
 .ARM.attributes
                0x0000000000000393       0x2c /opt/st/stm32cubeide_1.7.0/plugins/com.st.stm32cube.ide.mcu.externaltools.gnu-tools-for-stm32.9-2020-q2-update.linux64_2.0.0.202105311346/tools/bin/../lib/gcc/arm-none-eabi/9.3.1/../../../../arm-none-eabi/lib/thumb/v6-m/nofp/libc_nano.a(lib_a-fprintf.o)
 .ARM.attributes
                0x00000000000003bf       0x2c /opt/st/stm32cubeide_1.7.0/plugins/com.st.stm32cube.ide.mcu.externaltools.gnu-tools-for-stm32.9-2020-q2-update.linux64_2.0.0.202105311346/tools/bin/../lib/gcc/arm-none-eabi/9.3.1/../../../../arm-none-eabi/lib/thumb/v6-m/nofp/libc_nano.a(lib_a-impure.o)
 .ARM.attributes
                0x00000000000003eb       0x2c /opt/st/stm32cubeide_1.7.0/plugins/com.st.stm32cube.ide.mcu.externaltools.gnu-tools-for-stm32.9-2020-q2-update.linux64_2.0.0.202105311346/tools/bin/../lib/gcc/arm-none-eabi/9.3.1/../../../../arm-none-eabi/lib/thumb/v6-m/nofp/libc_nano.a(lib_a-init.o)
 .ARM.attributes
                0x0000000000000417       0x2c /opt/st/stm32cubeide_1.7.0/plugins/com.st.stm32cube.ide.mcu.externaltools.gnu-tools-for-stm32.9-2020-q2-update.linux64_2.0.0.202105311346/tools/bin/../lib/gcc/arm-none-eabi/9.3.1/../../../../arm-none-eabi/lib/thumb/v6-m/nofp/libc_nano.a(lib_a-malloc.o)
 .ARM.attributes
                0x0000000000000443       0x2c /opt/st/stm32cubeide_1.7.0/plugins/com.st.stm32cube.ide.mcu.externaltools.gnu-tools-for-stm32.9-2020-q2-update.linux64_2.0.0.202105311346/tools/bin/../lib/gcc/arm-none-eabi/9.3.1/../../../../arm-none-eabi/lib/thumb/v6-m/nofp/libc_nano.a(lib_a-memset.o)
 .ARM.attributes
                0x000000000000046f       0x2c /opt/st/stm32cubeide_1.7.0/plugins/com.st.stm32cube.ide.mcu.externaltools.gnu-tools-for-stm32.9-2020-q2-update.linux64_2.0.0.202105311346/tools/bin/../lib/gcc/arm-none-eabi/9.3.1/../../../../arm-none-eabi/lib/thumb/v6-m/nofp/libc_nano.a(lib_a-nano-freer.o)
 .ARM.attributes
                0x000000000000049b       0x2c /opt/st/stm32cubeide_1.7.0/plugins/com.st.stm32cube.ide.mcu.externaltools.gnu-tools-for-stm32.9-2020-q2-update.linux64_2.0.0.202105311346/tools/bin/../lib/gcc/arm-none-eabi/9.3.1/../../../../arm-none-eabi/lib/thumb/v6-m/nofp/libc_nano.a(lib_a-nano-mallocr.o)
 .ARM.attributes
                0x00000000000004c7       0x2c /opt/st/stm32cubeide_1.7.0/plugins/com.st.stm32cube.ide.mcu.externaltools.gnu-tools-for-stm32.9-2020-q2-update.linux64_2.0.0.202105311346/tools/bin/../lib/gcc/arm-none-eabi/9.3.1/../../../../arm-none-eabi/lib/thumb/v6-m/nofp/libc_nano.a(lib_a-nano-vfprintf.o)
 .ARM.attributes
                0x00000000000004f3       0x2c /opt/st/stm32cubeide_1.7.0/plugins/com.st.stm32cube.ide.mcu.externaltools.gnu-tools-for-stm32.9-2020-q2-update.linux64_2.0.0.202105311346/tools/bin/../lib/gcc/arm-none-eabi/9.3.1/../../../../arm-none-eabi/lib/thumb/v6-m/nofp/libc_nano.a(lib_a-nano-vfprintf_i.o)
 .ARM.attributes
                0x000000000000051f       0x2c /opt/st/stm32cubeide_1.7.0/plugins/com.st.stm32cube.ide.mcu.externaltools.gnu-tools-for-stm32.9-2020-q2-update.linux64_2.0.0.202105311346/tools/bin/../lib/gcc/arm-none-eabi/9.3.1/../../../../arm-none-eabi/lib/thumb/v6-m/nofp/libc_nano.a(lib_a-sbrkr.o)
 .ARM.attributes
                0x000000000000054b       0x2c /opt/st/stm32cubeide_1.7.0/plugins/com.st.stm32cube.ide.mcu.externaltools.gnu-tools-for-stm32.9-2020-q2-update.linux64_2.0.0.202105311346/tools/bin/../lib/gcc/arm-none-eabi/9.3.1/../../../../arm-none-eabi/lib/thumb/v6-m/nofp/libc_nano.a(lib_a-wbuf.o)
 .ARM.attributes
                0x0000000000000577       0x2c /opt/st/stm32cubeide_1.7.0/plugins/com.st.stm32cube.ide.mcu.externaltools.gnu-tools-for-stm32.9-2020-q2-update.linux64_2.0.0.202105311346/tools/bin/../lib/gcc/arm-none-eabi/9.3.1/../../../../arm-none-eabi/lib/thumb/v6-m/nofp/libc_nano.a(lib_a-wsetup.o)
 .ARM.attributes
                0x00000000000005a3       0x2c /opt/st/stm32cubeide_1.7.0/plugins/com.st.stm32cube.ide.mcu.externaltools.gnu-tools-for-stm32.9-2020-q2-update.linux64_2.0.0.202105311346/tools/bin/../lib/gcc/arm-none-eabi/9.3.1/../../../../arm-none-eabi/lib/thumb/v6-m/nofp/libc_nano.a(lib_a-abort.o)
 .ARM.attributes
                0x00000000000005cf       0x2c /opt/st/stm32cubeide_1.7.0/plugins/com.st.stm32cube.ide.mcu.externaltools.gnu-tools-for-stm32.9-2020-q2-update.linux64_2.0.0.202105311346/tools/bin/../lib/gcc/arm-none-eabi/9.3.1/../../../../arm-none-eabi/lib/thumb/v6-m/nofp/libc_nano.a(lib_a-fflush.o)
 .ARM.attributes
                0x00000000000005fb       0x2c /opt/st/stm32cubeide_1.7.0/plugins/com.st.stm32cube.ide.mcu.externaltools.gnu-tools-for-stm32.9-2020-q2-update.linux64_2.0.0.202105311346/tools/bin/../lib/gcc/arm-none-eabi/9.3.1/../../../../arm-none-eabi/lib/thumb/v6-m/nofp/libc_nano.a(lib_a-findfp.o)
 .ARM.attributes
                0x0000000000000627       0x2c /opt/st/stm32cubeide_1.7.0/plugins/com.st.stm32cube.ide.mcu.externaltools.gnu-tools-for-stm32.9-2020-q2-update.linux64_2.0.0.202105311346/tools/bin/../lib/gcc/arm-none-eabi/9.3.1/../../../../arm-none-eabi/lib/thumb/v6-m/nofp/libc_nano.a(lib_a-fwalk.o)
 .ARM.attributes
                0x0000000000000653       0x2c /opt/st/stm32cubeide_1.7.0/plugins/com.st.stm32cube.ide.mcu.externaltools.gnu-tools-for-stm32.9-2020-q2-update.linux64_2.0.0.202105311346/tools/bin/../lib/gcc/arm-none-eabi/9.3.1/../../../../arm-none-eabi/lib/thumb/v6-m/nofp/libc_nano.a(lib_a-lock.o)
 .ARM.attributes
                0x000000000000067f       0x2c /opt/st/stm32cubeide_1.7.0/plugins/com.st.stm32cube.ide.mcu.externaltools.gnu-tools-for-stm32.9-2020-q2-update.linux64_2.0.0.202105311346/tools/bin/../lib/gcc/arm-none-eabi/9.3.1/../../../../arm-none-eabi/lib/thumb/v6-m/nofp/libc_nano.a(lib_a-makebuf.o)
 .ARM.attributes
                0x00000000000006ab       0x2c /opt/st/stm32cubeide_1.7.0/plugins/com.st.stm32cube.ide.mcu.externaltools.gnu-tools-for-stm32.9-2020-q2-update.linux64_2.0.0.202105311346/tools/bin/../lib/gcc/arm-none-eabi/9.3.1/../../../../arm-none-eabi/lib/thumb/v6-m/nofp/libc_nano.a(lib_a-memchr-stub.o)
 .ARM.attributes
                0x00000000000006d7       0x2c /opt/st/stm32cubeide_1.7.0/plugins/com.st.stm32cube.ide.mcu.externaltools.gnu-tools-for-stm32.9-2020-q2-update.linux64_2.0.0.202105311346/tools/bin/../lib/gcc/arm-none-eabi/9.3.1/../../../../arm-none-eabi/lib/thumb/v6-m/nofp/libc_nano.a(lib_a-mlock.o)
 .ARM.attributes
                0x0000000000000703       0x2c /opt/st/stm32cubeide_1.7.0/plugins/com.st.stm32cube.ide.mcu.externaltools.gnu-tools-for-stm32.9-2020-q2-update.linux64_2.0.0.202105311346/tools/bin/../lib/gcc/arm-none-eabi/9.3.1/../../../../arm-none-eabi/lib/thumb/v6-m/nofp/libc_nano.a(lib_a-reent.o)
 .ARM.attributes
                0x000000000000072f       0x2c /opt/st/stm32cubeide_1.7.0/plugins/com.st.stm32cube.ide.mcu.externaltools.gnu-tools-for-stm32.9-2020-q2-update.linux64_2.0.0.202105311346/tools/bin/../lib/gcc/arm-none-eabi/9.3.1/../../../../arm-none-eabi/lib/thumb/v6-m/nofp/libc_nano.a(lib_a-signal.o)
 .ARM.attributes
                0x000000000000075b       0x2c /opt/st/stm32cubeide_1.7.0/plugins/com.st.stm32cube.ide.mcu.externaltools.gnu-tools-for-stm32.9-2020-q2-update.linux64_2.0.0.202105311346/tools/bin/../lib/gcc/arm-none-eabi/9.3.1/../../../../arm-none-eabi/lib/thumb/v6-m/nofp/libc_nano.a(lib_a-signalr.o)
 .ARM.attributes
                0x0000000000000787       0x2c /opt/st/stm32cubeide_1.7.0/plugins/com.st.stm32cube.ide.mcu.externaltools.gnu-tools-for-stm32.9-2020-q2-update.linux64_2.0.0.202105311346/tools/bin/../lib/gcc/arm-none-eabi/9.3.1/../../../../arm-none-eabi/lib/thumb/v6-m/nofp/libc_nano.a(lib_a-stdio.o)
 .ARM.attributes
                0x00000000000007b3       0x2c /opt/st/stm32cubeide_1.7.0/plugins/com.st.stm32cube.ide.mcu.externaltools.gnu-tools-for-stm32.9-2020-q2-update.linux64_2.0.0.202105311346/tools/bin/../lib/gcc/arm-none-eabi/9.3.1/../../../../arm-none-eabi/lib/thumb/v6-m/nofp/libc_nano.a(lib_a-writer.o)
 .ARM.attributes
                0x00000000000007df       0x2c /opt/st/stm32cubeide_1.7.0/plugins/com.st.stm32cube.ide.mcu.externaltools.gnu-tools-for-stm32.9-2020-q2-update.linux64_2.0.0.202105311346/tools/bin/../lib/gcc/arm-none-eabi/9.3.1/../../../../arm-none-eabi/lib/thumb/v6-m/nofp/libc_nano.a(lib_a-closer.o)
 .ARM.attributes
                0x000000000000080b       0x2c /opt/st/stm32cubeide_1.7.0/plugins/com.st.stm32cube.ide.mcu.externaltools.gnu-tools-for-stm32.9-2020-q2-update.linux64_2.0.0.202105311346/tools/bin/../lib/gcc/arm-none-eabi/9.3.1/../../../../arm-none-eabi/lib/thumb/v6-m/nofp/libc_nano.a(lib_a-fstatr.o)
 .ARM.attributes
                0x0000000000000837       0x2c /opt/st/stm32cubeide_1.7.0/plugins/com.st.stm32cube.ide.mcu.externaltools.gnu-tools-for-stm32.9-2020-q2-update.linux64_2.0.0.202105311346/tools/bin/../lib/gcc/arm-none-eabi/9.3.1/../../../../arm-none-eabi/lib/thumb/v6-m/nofp/libc_nano.a(lib_a-isattyr.o)
 .ARM.attributes
                0x0000000000000863       0x2c /opt/st/stm32cubeide_1.7.0/plugins/com.st.stm32cube.ide.mcu.externaltools.gnu-tools-for-stm32.9-2020-q2-update.linux64_2.0.0.202105311346/tools/bin/../lib/gcc/arm-none-eabi/9.3.1/../../../../arm-none-eabi/lib/thumb/v6-m/nofp/libc_nano.a(lib_a-lseekr.o)
 .ARM.attributes
                0x000000000000088f       0x2c /opt/st/stm32cubeide_1.7.0/plugins/com.st.stm32cube.ide.mcu.externaltools.gnu-tools-for-stm32.9-2020-q2-update.linux64_2.0.0.202105311346/tools/bin/../lib/gcc/arm-none-eabi/9.3.1/../../../../arm-none-eabi/lib/thumb/v6-m/nofp/libc_nano.a(lib_a-readr.o)
 .ARM.attributes
                0x00000000000008bb       0x1e /opt/st/stm32cubeide_1.7.0/plugins/com.st.stm32cube.ide.mcu.externaltools.gnu-tools-for-stm32.9-2020-q2-update.linux64_2.0.0.202105311346/tools/bin/../lib/gcc/arm-none-eabi/9.3.1/thumb/v6-m/nofp/libgcc.a(_thumb1_case_shi.o)
 .ARM.attributes
                0x00000000000008d9       0x1e /opt/st/stm32cubeide_1.7.0/plugins/com.st.stm32cube.ide.mcu.externaltools.gnu-tools-for-stm32.9-2020-q2-update.linux64_2.0.0.202105311346/tools/bin/../lib/gcc/arm-none-eabi/9.3.1/thumb/v6-m/nofp/libgcc.a(_udivsi3.o)
 .ARM.attributes
                0x00000000000008f7       0x1e /opt/st/stm32cubeide_1.7.0/plugins/com.st.stm32cube.ide.mcu.externaltools.gnu-tools-for-stm32.9-2020-q2-update.linux64_2.0.0.202105311346/tools/bin/../lib/gcc/arm-none-eabi/9.3.1/thumb/v6-m/nofp/libgcc.a(_dvmd_tls.o)
 .ARM.attributes
                0x0000000000000915       0x1e /opt/st/stm32cubeide_1.7.0/plugins/com.st.stm32cube.ide.mcu.externaltools.gnu-tools-for-stm32.9-2020-q2-update.linux64_2.0.0.202105311346/tools/bin/../lib/gcc/arm-none-eabi/9.3.1/thumb/v6-m/nofp/crtn.o
OUTPUT(STM32F070F6_DIGITIZER2.elf elf32-littlearm)
LOAD linker stubs
LOAD /opt/st/stm32cubeide_1.7.0/plugins/com.st.stm32cube.ide.mcu.externaltools.gnu-tools-for-stm32.9-2020-q2-update.linux64_2.0.0.202105311346/tools/bin/../lib/gcc/arm-none-eabi/9.3.1/../../../../arm-none-eabi/lib/thumb/v6-m/nofp/libc.a
LOAD /opt/st/stm32cubeide_1.7.0/plugins/com.st.stm32cube.ide.mcu.externaltools.gnu-tools-for-stm32.9-2020-q2-update.linux64_2.0.0.202105311346/tools/bin/../lib/gcc/arm-none-eabi/9.3.1/../../../../arm-none-eabi/lib/thumb/v6-m/nofp/libm.a
LOAD /opt/st/stm32cubeide_1.7.0/plugins/com.st.stm32cube.ide.mcu.externaltools.gnu-tools-for-stm32.9-2020-q2-update.linux64_2.0.0.202105311346/tools/bin/../lib/gcc/arm-none-eabi/9.3.1/thumb/v6-m/nofp/libgcc.a

.debug_info     0x0000000000000000    0x1bcb6
 .debug_info    0x0000000000000000     0x1199 ./Core/Src/circular_buffer_no_modulo_threadsafe.o
 .debug_info    0x0000000000001199     0x1edb ./Core/Src/main.o
 .debug_info    0x0000000000003074     0x12a0 ./Core/Src/stm32f0xx_hal_msp.o
 .debug_info    0x0000000000004314     0x17f2 ./Core/Src/stm32f0xx_it.o
 .debug_info    0x0000000000005b06     0x10dc ./Core/Src/syscalls.o
 .debug_info    0x0000000000006be2      0xa4e ./Core/Src/sysmem.o
 .debug_info    0x0000000000007630      0x2d7 ./Core/Src/system_stm32f0xx.o
 .debug_info    0x0000000000007907     0x1379 ./Core/Src/utility.o
 .debug_info    0x0000000000008c80       0x22 ./Core/Startup/startup_stm32f070f6px.o
 .debug_info    0x0000000000008ca2      0x7a0 ./Drivers/STM32F0xx_HAL_Driver/Src/stm32f0xx_hal.o
 .debug_info    0x0000000000009442      0x955 ./Drivers/STM32F0xx_HAL_Driver/Src/stm32f0xx_hal_cortex.o
 .debug_info    0x0000000000009d97      0x9ad ./Drivers/STM32F0xx_HAL_Driver/Src/stm32f0xx_hal_dma.o
 .debug_info    0x000000000000a744      0x716 ./Drivers/STM32F0xx_HAL_Driver/Src/stm32f0xx_hal_gpio.o
 .debug_info    0x000000000000ae5a      0xb44 ./Drivers/STM32F0xx_HAL_Driver/Src/stm32f0xx_hal_rcc.o
 .debug_info    0x000000000000b99e      0x4cd ./Drivers/STM32F0xx_HAL_Driver/Src/stm32f0xx_hal_rcc_ex.o
 .debug_info    0x000000000000be6b     0x2c73 ./Drivers/STM32F0xx_HAL_Driver/Src/stm32f0xx_hal_spi.o
 .debug_info    0x000000000000eade     0x4ee3 ./Drivers/STM32F0xx_HAL_Driver/Src/stm32f0xx_hal_tim.o
 .debug_info    0x00000000000139c1     0x1bf0 ./Drivers/STM32F0xx_HAL_Driver/Src/stm32f0xx_hal_tim_ex.o
 .debug_info    0x00000000000155b1     0x6705 ./Drivers/STM32F0xx_HAL_Driver/Src/stm32f0xx_hal_uart.o

.debug_abbrev   0x0000000000000000     0x32e4
 .debug_abbrev  0x0000000000000000      0x346 ./Core/Src/circular_buffer_no_modulo_threadsafe.o
 .debug_abbrev  0x0000000000000346      0x392 ./Core/Src/main.o
 .debug_abbrev  0x00000000000006d8      0x208 ./Core/Src/stm32f0xx_hal_msp.o
 .debug_abbrev  0x00000000000008e0      0x2af ./Core/Src/stm32f0xx_it.o
 .debug_abbrev  0x0000000000000b8f      0x2ed ./Core/Src/syscalls.o
 .debug_abbrev  0x0000000000000e7c      0x1f4 ./Core/Src/sysmem.o
 .debug_abbrev  0x0000000000001070      0x14b ./Core/Src/system_stm32f0xx.o
 .debug_abbrev  0x00000000000011bb      0x317 ./Core/Src/utility.o
 .debug_abbrev  0x00000000000014d2       0x12 ./Core/Startup/startup_stm32f070f6px.o
 .debug_abbrev  0x00000000000014e4      0x2af ./Drivers/STM32F0xx_HAL_Driver/Src/stm32f0xx_hal.o
 .debug_abbrev  0x0000000000001793      0x2ab ./Drivers/STM32F0xx_HAL_Driver/Src/stm32f0xx_hal_cortex.o
 .debug_abbrev  0x0000000000001a3e      0x256 ./Drivers/STM32F0xx_HAL_Driver/Src/stm32f0xx_hal_dma.o
 .debug_abbrev  0x0000000000001c94      0x228 ./Drivers/STM32F0xx_HAL_Driver/Src/stm32f0xx_hal_gpio.o
 .debug_abbrev  0x0000000000001ebc      0x2fd ./Drivers/STM32F0xx_HAL_Driver/Src/stm32f0xx_hal_rcc.o
 .debug_abbrev  0x00000000000021b9      0x1e8 ./Drivers/STM32F0xx_HAL_Driver/Src/stm32f0xx_hal_rcc_ex.o
 .debug_abbrev  0x00000000000023a1      0x3ca ./Drivers/STM32F0xx_HAL_Driver/Src/stm32f0xx_hal_spi.o
 .debug_abbrev  0x000000000000276b      0x3bb ./Drivers/STM32F0xx_HAL_Driver/Src/stm32f0xx_hal_tim.o
 .debug_abbrev  0x0000000000002b26      0x3a2 ./Drivers/STM32F0xx_HAL_Driver/Src/stm32f0xx_hal_tim_ex.o
 .debug_abbrev  0x0000000000002ec8      0x41c ./Drivers/STM32F0xx_HAL_Driver/Src/stm32f0xx_hal_uart.o

.debug_loc      0x0000000000000000    0x148a5
 .debug_loc     0x0000000000000000      0x5d8 ./Core/Src/circular_buffer_no_modulo_threadsafe.o
 .debug_loc     0x00000000000005d8       0x49 ./Core/Src/main.o
 .debug_loc     0x0000000000000621      0x186 ./Core/Src/stm32f0xx_hal_msp.o
 .debug_loc     0x00000000000007a7      0x463 ./Core/Src/syscalls.o
 .debug_loc     0x0000000000000c0a       0x8a ./Core/Src/sysmem.o
 .debug_loc     0x0000000000000c94      0x107 ./Core/Src/system_stm32f0xx.o
 .debug_loc     0x0000000000000d9b      0x32c ./Core/Src/utility.o
 .debug_loc     0x00000000000010c7      0x135 ./Drivers/STM32F0xx_HAL_Driver/Src/stm32f0xx_hal.o
 .debug_loc     0x00000000000011fc      0x482 ./Drivers/STM32F0xx_HAL_Driver/Src/stm32f0xx_hal_cortex.o
 .debug_loc     0x000000000000167e      0xa48 ./Drivers/STM32F0xx_HAL_Driver/Src/stm32f0xx_hal_dma.o
 .debug_loc     0x00000000000020c6      0x4b9 ./Drivers/STM32F0xx_HAL_Driver/Src/stm32f0xx_hal_gpio.o
 .debug_loc     0x000000000000257f      0x7b9 ./Drivers/STM32F0xx_HAL_Driver/Src/stm32f0xx_hal_rcc.o
 .debug_loc     0x0000000000002d38      0x41d ./Drivers/STM32F0xx_HAL_Driver/Src/stm32f0xx_hal_rcc_ex.o
 .debug_loc     0x0000000000003155     0x36bc ./Drivers/STM32F0xx_HAL_Driver/Src/stm32f0xx_hal_spi.o
 .debug_loc     0x0000000000006811     0x7b2f ./Drivers/STM32F0xx_HAL_Driver/Src/stm32f0xx_hal_tim.o
 .debug_loc     0x000000000000e340     0x19b0 ./Drivers/STM32F0xx_HAL_Driver/Src/stm32f0xx_hal_tim_ex.o
 .debug_loc     0x000000000000fcf0     0x4bb5 ./Drivers/STM32F0xx_HAL_Driver/Src/stm32f0xx_hal_uart.o

.debug_aranges  0x0000000000000000      0xc20
 .debug_aranges
                0x0000000000000000       0x70 ./Core/Src/circular_buffer_no_modulo_threadsafe.o
 .debug_aranges
                0x0000000000000070       0x30 ./Core/Src/main.o
 .debug_aranges
                0x00000000000000a0       0x50 ./Core/Src/stm32f0xx_hal_msp.o
 .debug_aranges
                0x00000000000000f0       0x48 ./Core/Src/stm32f0xx_it.o
 .debug_aranges
                0x0000000000000138       0xa8 ./Core/Src/syscalls.o
 .debug_aranges
                0x00000000000001e0       0x20 ./Core/Src/sysmem.o
 .debug_aranges
                0x0000000000000200       0x28 ./Core/Src/system_stm32f0xx.o
 .debug_aranges
                0x0000000000000228       0x48 ./Core/Src/utility.o
 .debug_aranges
                0x0000000000000270       0x28 ./Core/Startup/startup_stm32f070f6px.o
 .debug_aranges
                0x0000000000000298       0xc8 ./Drivers/STM32F0xx_HAL_Driver/Src/stm32f0xx_hal.o
 .debug_aranges
                0x0000000000000360       0x78 ./Drivers/STM32F0xx_HAL_Driver/Src/stm32f0xx_hal_cortex.o
 .debug_aranges
                0x00000000000003d8       0x78 ./Drivers/STM32F0xx_HAL_Driver/Src/stm32f0xx_hal_dma.o
 .debug_aranges
                0x0000000000000450       0x58 ./Drivers/STM32F0xx_HAL_Driver/Src/stm32f0xx_hal_gpio.o
 .debug_aranges
                0x00000000000004a8       0x80 ./Drivers/STM32F0xx_HAL_Driver/Src/stm32f0xx_hal_rcc.o
 .debug_aranges
                0x0000000000000528       0x30 ./Drivers/STM32F0xx_HAL_Driver/Src/stm32f0xx_hal_rcc_ex.o
 .debug_aranges
                0x0000000000000558      0x180 ./Drivers/STM32F0xx_HAL_Driver/Src/stm32f0xx_hal_spi.o
 .debug_aranges
                0x00000000000006d8      0x278 ./Drivers/STM32F0xx_HAL_Driver/Src/stm32f0xx_hal_tim.o
 .debug_aranges
                0x0000000000000950      0x110 ./Drivers/STM32F0xx_HAL_Driver/Src/stm32f0xx_hal_tim_ex.o
 .debug_aranges
                0x0000000000000a60      0x1c0 ./Drivers/STM32F0xx_HAL_Driver/Src/stm32f0xx_hal_uart.o

.debug_ranges   0x0000000000000000     0x21d8
 .debug_ranges  0x0000000000000000      0x128 ./Core/Src/circular_buffer_no_modulo_threadsafe.o
 .debug_ranges  0x0000000000000128      0x188 ./Core/Src/main.o
 .debug_ranges  0x00000000000002b0      0x138 ./Core/Src/stm32f0xx_hal_msp.o
 .debug_ranges  0x00000000000003e8       0x38 ./Core/Src/stm32f0xx_it.o
 .debug_ranges  0x0000000000000420       0xb0 ./Core/Src/syscalls.o
 .debug_ranges  0x00000000000004d0       0x10 ./Core/Src/sysmem.o
 .debug_ranges  0x00000000000004e0       0x18 ./Core/Src/system_stm32f0xx.o
 .debug_ranges  0x00000000000004f8      0x120 ./Core/Src/utility.o
 .debug_ranges  0x0000000000000618       0x20 ./Core/Startup/startup_stm32f070f6px.o
 .debug_ranges  0x0000000000000638       0xb8 ./Drivers/STM32F0xx_HAL_Driver/Src/stm32f0xx_hal.o
 .debug_ranges  0x00000000000006f0      0x100 ./Drivers/STM32F0xx_HAL_Driver/Src/stm32f0xx_hal_cortex.o
 .debug_ranges  0x00000000000007f0      0x118 ./Drivers/STM32F0xx_HAL_Driver/Src/stm32f0xx_hal_dma.o
 .debug_ranges  0x0000000000000908       0x70 ./Drivers/STM32F0xx_HAL_Driver/Src/stm32f0xx_hal_gpio.o
 .debug_ranges  0x0000000000000978       0xf8 ./Drivers/STM32F0xx_HAL_Driver/Src/stm32f0xx_hal_rcc.o
 .debug_ranges  0x0000000000000a70       0x58 ./Drivers/STM32F0xx_HAL_Driver/Src/stm32f0xx_hal_rcc_ex.o
 .debug_ranges  0x0000000000000ac8      0x580 ./Drivers/STM32F0xx_HAL_Driver/Src/stm32f0xx_hal_spi.o
 .debug_ranges  0x0000000000001048      0xa50 ./Drivers/STM32F0xx_HAL_Driver/Src/stm32f0xx_hal_tim.o
 .debug_ranges  0x0000000000001a98      0x1e0 ./Drivers/STM32F0xx_HAL_Driver/Src/stm32f0xx_hal_tim_ex.o
 .debug_ranges  0x0000000000001c78      0x560 ./Drivers/STM32F0xx_HAL_Driver/Src/stm32f0xx_hal_uart.o

.debug_macro    0x0000000000000000    0x1277e
 .debug_macro   0x0000000000000000      0x14e ./Core/Src/circular_buffer_no_modulo_threadsafe.o
 .debug_macro   0x000000000000014e      0xa8a ./Core/Src/circular_buffer_no_modulo_threadsafe.o
 .debug_macro   0x0000000000000bd8       0x18 ./Core/Src/circular_buffer_no_modulo_threadsafe.o
 .debug_macro   0x0000000000000bf0       0x22 ./Core/Src/circular_buffer_no_modulo_threadsafe.o
 .debug_macro   0x0000000000000c12       0x4c ./Core/Src/circular_buffer_no_modulo_threadsafe.o
 .debug_macro   0x0000000000000c5e       0x94 ./Core/Src/circular_buffer_no_modulo_threadsafe.o
 .debug_macro   0x0000000000000cf2       0x3c ./Core/Src/circular_buffer_no_modulo_threadsafe.o
 .debug_macro   0x0000000000000d2e       0x34 ./Core/Src/circular_buffer_no_modulo_threadsafe.o
 .debug_macro   0x0000000000000d62       0x16 ./Core/Src/circular_buffer_no_modulo_threadsafe.o
 .debug_macro   0x0000000000000d78      0x10e ./Core/Src/circular_buffer_no_modulo_threadsafe.o
 .debug_macro   0x0000000000000e86       0x8d ./Core/Src/circular_buffer_no_modulo_threadsafe.o
 .debug_macro   0x0000000000000f13       0x16 ./Core/Src/circular_buffer_no_modulo_threadsafe.o
 .debug_macro   0x0000000000000f29       0x43 ./Core/Src/circular_buffer_no_modulo_threadsafe.o
 .debug_macro   0x0000000000000f6c       0x57 ./Core/Src/circular_buffer_no_modulo_threadsafe.o
 .debug_macro   0x0000000000000fc3       0x34 ./Core/Src/circular_buffer_no_modulo_threadsafe.o
 .debug_macro   0x0000000000000ff7       0x10 ./Core/Src/circular_buffer_no_modulo_threadsafe.o
 .debug_macro   0x0000000000001007       0x58 ./Core/Src/circular_buffer_no_modulo_threadsafe.o
 .debug_macro   0x000000000000105f       0x71 ./Core/Src/circular_buffer_no_modulo_threadsafe.o
 .debug_macro   0x00000000000010d0       0x1c ./Core/Src/circular_buffer_no_modulo_threadsafe.o
 .debug_macro   0x00000000000010ec      0x12a ./Core/Src/circular_buffer_no_modulo_threadsafe.o
 .debug_macro   0x0000000000001216      0x339 ./Core/Src/circular_buffer_no_modulo_threadsafe.o
 .debug_macro   0x000000000000154f       0x16 ./Core/Src/circular_buffer_no_modulo_threadsafe.o
 .debug_macro   0x0000000000001565       0x29 ./Core/Src/circular_buffer_no_modulo_threadsafe.o
 .debug_macro   0x000000000000158e      0x103 ./Core/Src/circular_buffer_no_modulo_threadsafe.o
 .debug_macro   0x0000000000001691       0x6a ./Core/Src/circular_buffer_no_modulo_threadsafe.o
 .debug_macro   0x00000000000016fb      0x1df ./Core/Src/circular_buffer_no_modulo_threadsafe.o
 .debug_macro   0x00000000000018da       0x16 ./Core/Src/circular_buffer_no_modulo_threadsafe.o
 .debug_macro   0x00000000000018f0       0x22 ./Core/Src/circular_buffer_no_modulo_threadsafe.o
 .debug_macro   0x0000000000001912      0x317 ./Core/Src/main.o
 .debug_macro   0x0000000000001c29      0x139 ./Core/Src/main.o
 .debug_macro   0x0000000000001d62       0x2e ./Core/Src/main.o
 .debug_macro   0x0000000000001d90       0x22 ./Core/Src/main.o
 .debug_macro   0x0000000000001db2       0x8e ./Core/Src/main.o
 .debug_macro   0x0000000000001e40       0x51 ./Core/Src/main.o
 .debug_macro   0x0000000000001e91       0x1c ./Core/Src/main.o
 .debug_macro   0x0000000000001ead       0x22 ./Core/Src/main.o
 .debug_macro   0x0000000000001ecf       0xb5 ./Core/Src/main.o
 .debug_macro   0x0000000000001f84      0x391 ./Core/Src/main.o
 .debug_macro   0x0000000000002315     0x729d ./Core/Src/main.o
 .debug_macro   0x00000000000095b2       0x66 ./Core/Src/main.o
 .debug_macro   0x0000000000009618     0x34a6 ./Core/Src/main.o
 .debug_macro   0x000000000000cabe      0x174 ./Core/Src/main.o
 .debug_macro   0x000000000000cc32       0x55 ./Core/Src/main.o
 .debug_macro   0x000000000000cc87      0x924 ./Core/Src/main.o
 .debug_macro   0x000000000000d5ab      0x19b ./Core/Src/main.o
 .debug_macro   0x000000000000d746      0x1af ./Core/Src/main.o
 .debug_macro   0x000000000000d8f5       0xea ./Core/Src/main.o
 .debug_macro   0x000000000000d9df      0x1a0 ./Core/Src/main.o
 .debug_macro   0x000000000000db7f      0x1ed ./Core/Src/main.o
 .debug_macro   0x000000000000dd6c       0x34 ./Core/Src/main.o
 .debug_macro   0x000000000000dda0       0x43 ./Core/Src/main.o
 .debug_macro   0x000000000000dde3       0x28 ./Core/Src/main.o
 .debug_macro   0x000000000000de0b       0xb0 ./Core/Src/main.o
 .debug_macro   0x000000000000debb      0x15a ./Core/Src/main.o
 .debug_macro   0x000000000000e015      0x22c ./Core/Src/main.o
 .debug_macro   0x000000000000e241       0x61 ./Core/Src/main.o
 .debug_macro   0x000000000000e2a2       0xa5 ./Core/Src/main.o
 .debug_macro   0x000000000000e347       0x4c ./Core/Src/main.o
 .debug_macro   0x000000000000e393       0x32 ./Core/Src/main.o
 .debug_macro   0x000000000000e3c5      0x2fe ./Core/Src/main.o
 .debug_macro   0x000000000000e6c3      0x8d8 ./Core/Src/main.o
 .debug_macro   0x000000000000ef9b       0x28 ./Core/Src/main.o
 .debug_macro   0x000000000000efc3      0x55f ./Core/Src/main.o
 .debug_macro   0x000000000000f522       0x44 ./Core/Src/main.o
 .debug_macro   0x000000000000f566      0x10b ./Core/Src/main.o
 .debug_macro   0x000000000000f671       0x4c ./Core/Src/main.o
 .debug_macro   0x000000000000f6bd       0x52 ./Core/Src/main.o
 .debug_macro   0x000000000000f70f       0x35 ./Core/Src/main.o
 .debug_macro   0x000000000000f744      0x333 ./Core/Src/main.o
 .debug_macro   0x000000000000fa77       0x16 ./Core/Src/main.o
 .debug_macro   0x000000000000fa8d       0x20 ./Core/Src/main.o
 .debug_macro   0x000000000000faad      0x1e6 ./Core/Src/stm32f0xx_hal_msp.o
 .debug_macro   0x000000000000fc93      0x2dc ./Core/Src/stm32f0xx_it.o
 .debug_macro   0x000000000000ff6f      0x24c ./Core/Src/syscalls.o
 .debug_macro   0x00000000000101bb       0x10 ./Core/Src/syscalls.o
 .debug_macro   0x00000000000101cb       0x10 ./Core/Src/syscalls.o
 .debug_macro   0x00000000000101db       0x10 ./Core/Src/syscalls.o
 .debug_macro   0x00000000000101eb       0x10 ./Core/Src/syscalls.o
 .debug_macro   0x00000000000101fb       0x1c ./Core/Src/syscalls.o
 .debug_macro   0x0000000000010217       0x52 ./Core/Src/syscalls.o
 .debug_macro   0x0000000000010269       0x22 ./Core/Src/syscalls.o
 .debug_macro   0x000000000001028b       0x10 ./Core/Src/syscalls.o
 .debug_macro   0x000000000001029b       0x40 ./Core/Src/syscalls.o
 .debug_macro   0x00000000000102db       0xd5 ./Core/Src/syscalls.o
 .debug_macro   0x00000000000103b0       0x1c ./Core/Src/syscalls.o
 .debug_macro   0x00000000000103cc       0x3d ./Core/Src/syscalls.o
 .debug_macro   0x0000000000010409       0x35 ./Core/Src/syscalls.o
 .debug_macro   0x000000000001043e      0x12c ./Core/Src/syscalls.o
 .debug_macro   0x000000000001056a       0x10 ./Core/Src/syscalls.o
 .debug_macro   0x000000000001057a      0x241 ./Core/Src/syscalls.o
 .debug_macro   0x00000000000107bb       0x1c ./Core/Src/syscalls.o
 .debug_macro   0x00000000000107d7       0x10 ./Core/Src/syscalls.o
 .debug_macro   0x00000000000107e7       0x10 ./Core/Src/syscalls.o
 .debug_macro   0x00000000000107f7       0x16 ./Core/Src/syscalls.o
 .debug_macro   0x000000000001080d      0x145 ./Core/Src/syscalls.o
 .debug_macro   0x0000000000010952      0x189 ./Core/Src/syscalls.o
 .debug_macro   0x0000000000010adb       0x16 ./Core/Src/syscalls.o
 .debug_macro   0x0000000000010af1       0xce ./Core/Src/syscalls.o
 .debug_macro   0x0000000000010bbf       0xff ./Core/Src/sysmem.o
 .debug_macro   0x0000000000010cbe      0x23b ./Core/Src/sysmem.o
 .debug_macro   0x0000000000010ef9      0x1d7 ./Core/Src/system_stm32f0xx.o
 .debug_macro   0x00000000000110d0      0x2e7 ./Core/Src/utility.o
 .debug_macro   0x00000000000113b7       0xaf ./Core/Src/utility.o
 .debug_macro   0x0000000000011466       0x4f ./Core/Src/utility.o
 .debug_macro   0x00000000000114b5      0x1fb ./Drivers/STM32F0xx_HAL_Driver/Src/stm32f0xx_hal.o
 .debug_macro   0x00000000000116b0      0x1d7 ./Drivers/STM32F0xx_HAL_Driver/Src/stm32f0xx_hal_cortex.o
 .debug_macro   0x0000000000011887      0x1d7 ./Drivers/STM32F0xx_HAL_Driver/Src/stm32f0xx_hal_dma.o
 .debug_macro   0x0000000000011a5e      0x1de ./Drivers/STM32F0xx_HAL_Driver/Src/stm32f0xx_hal_gpio.o
 .debug_macro   0x0000000000011c3c      0x1e9 ./Drivers/STM32F0xx_HAL_Driver/Src/stm32f0xx_hal_rcc.o
 .debug_macro   0x0000000000011e25      0x1d7 ./Drivers/STM32F0xx_HAL_Driver/Src/stm32f0xx_hal_rcc_ex.o
 .debug_macro   0x0000000000011ffc      0x1df ./Drivers/STM32F0xx_HAL_Driver/Src/stm32f0xx_hal_spi.o
 .debug_macro   0x00000000000121db      0x1d8 ./Drivers/STM32F0xx_HAL_Driver/Src/stm32f0xx_hal_tim.o
 .debug_macro   0x00000000000123b3      0x1d7 ./Drivers/STM32F0xx_HAL_Driver/Src/stm32f0xx_hal_tim_ex.o
 .debug_macro   0x000000000001258a      0x1f4 ./Drivers/STM32F0xx_HAL_Driver/Src/stm32f0xx_hal_uart.o

.debug_line     0x0000000000000000    0x1aa2b
 .debug_line    0x0000000000000000      0x97f ./Core/Src/circular_buffer_no_modulo_threadsafe.o
 .debug_line    0x000000000000097f      0xcaa ./Core/Src/main.o
 .debug_line    0x0000000000001629      0x8e2 ./Core/Src/stm32f0xx_hal_msp.o
 .debug_line    0x0000000000001f0b      0x96e ./Core/Src/stm32f0xx_it.o
 .debug_line    0x0000000000002879      0x8a9 ./Core/Src/syscalls.o
 .debug_line    0x0000000000003122      0x508 ./Core/Src/sysmem.o
 .debug_line    0x000000000000362a      0x787 ./Core/Src/system_stm32f0xx.o
 .debug_line    0x0000000000003db1      0xb8f ./Core/Src/utility.o
 .debug_line    0x0000000000004940       0x9b ./Core/Startup/startup_stm32f070f6px.o
 .debug_line    0x00000000000049db      0xa64 ./Drivers/STM32F0xx_HAL_Driver/Src/stm32f0xx_hal.o
 .debug_line    0x000000000000543f      0xaaa ./Drivers/STM32F0xx_HAL_Driver/Src/stm32f0xx_hal_cortex.o
 .debug_line    0x0000000000005ee9     0x104e ./Drivers/STM32F0xx_HAL_Driver/Src/stm32f0xx_hal_dma.o
 .debug_line    0x0000000000006f37      0xc0d ./Drivers/STM32F0xx_HAL_Driver/Src/stm32f0xx_hal_gpio.o
 .debug_line    0x0000000000007b44     0x12d4 ./Drivers/STM32F0xx_HAL_Driver/Src/stm32f0xx_hal_rcc.o
 .debug_line    0x0000000000008e18      0xa8d ./Drivers/STM32F0xx_HAL_Driver/Src/stm32f0xx_hal_rcc_ex.o
 .debug_line    0x00000000000098a5     0x3b99 ./Drivers/STM32F0xx_HAL_Driver/Src/stm32f0xx_hal_spi.o
 .debug_line    0x000000000000d43e     0x634f ./Drivers/STM32F0xx_HAL_Driver/Src/stm32f0xx_hal_tim.o
 .debug_line    0x000000000001378d     0x1ccd ./Drivers/STM32F0xx_HAL_Driver/Src/stm32f0xx_hal_tim_ex.o
 .debug_line    0x000000000001545a     0x55d1 ./Drivers/STM32F0xx_HAL_Driver/Src/stm32f0xx_hal_uart.o

.debug_str      0x0000000000000000    0x6a202
 .debug_str     0x0000000000000000     0x712d ./Core/Src/circular_buffer_no_modulo_threadsafe.o
                                       0x73e9 (size before relaxing)
 .debug_str     0x000000000000712d    0x5dab7 ./Core/Src/main.o
                                      0x64eff (size before relaxing)
 .debug_str     0x0000000000064be4      0x210 ./Core/Src/stm32f0xx_hal_msp.o
                                      0x61a5f (size before relaxing)
 .debug_str     0x0000000000064df4      0x115 ./Core/Src/stm32f0xx_it.o
                                      0x64b81 (size before relaxing)
 .debug_str     0x0000000000064f09     0x25b0 ./Core/Src/syscalls.o
                                       0x8e59 (size before relaxing)
 .debug_str     0x00000000000674b9       0x6b ./Core/Src/sysmem.o
                                       0x6212 (size before relaxing)
 .debug_str     0x0000000000067524       0x5f ./Core/Src/system_stm32f0xx.o
                                      0x60e50 (size before relaxing)
 .debug_str     0x0000000000067583      0x12a ./Core/Src/utility.o
                                      0x646fe (size before relaxing)
 .debug_str     0x00000000000676ad       0x36 ./Core/Startup/startup_stm32f070f6px.o
                                         0xa6 (size before relaxing)
 .debug_str     0x00000000000676e3      0x306 ./Drivers/STM32F0xx_HAL_Driver/Src/stm32f0xx_hal.o
                                      0x61364 (size before relaxing)
 .debug_str     0x00000000000679e9      0x1a1 ./Drivers/STM32F0xx_HAL_Driver/Src/stm32f0xx_hal_cortex.o
                                      0x611f0 (size before relaxing)
 .debug_str     0x0000000000067b8a      0x248 ./Drivers/STM32F0xx_HAL_Driver/Src/stm32f0xx_hal_dma.o
                                      0x61234 (size before relaxing)
 .debug_str     0x0000000000067dd2      0x121 ./Drivers/STM32F0xx_HAL_Driver/Src/stm32f0xx_hal_gpio.o
                                      0x6102f (size before relaxing)
 .debug_str     0x0000000000067ef3      0x21a ./Drivers/STM32F0xx_HAL_Driver/Src/stm32f0xx_hal_rcc.o
                                      0x61281 (size before relaxing)
 .debug_str     0x000000000006810d       0x97 ./Drivers/STM32F0xx_HAL_Driver/Src/stm32f0xx_hal_rcc_ex.o
                                      0x60ff6 (size before relaxing)
 .debug_str     0x00000000000681a4      0x556 ./Drivers/STM32F0xx_HAL_Driver/Src/stm32f0xx_hal_spi.o